Archive member included because of file (symbol)

C:\Users\ryota\OneDrive\RT working\github\RT-USB-9AXIS-00\LPCXpresso Sample Program\workspace\CMSISv1p30_LPC13xx\Debug\libCMSISv1p30_LPC13xx.a(system_LPC13xx.o)
                              ./src/PERIPHERAL/ad.o (SystemCoreClock)
c:/nxp/lpcxpresso_7.7.2_379/lpcxpresso/tools/bin/../lib/gcc/arm-none-eabi/4.9.3/../../../../arm-none-eabi/lib/armv7-m\libcr_semihost.a(_cr__main.o)
                              ./src/OTHER/cr_startup_lpc13xx.o (__main)
c:/nxp/lpcxpresso_7.7.2_379/lpcxpresso/tools/bin/../lib/gcc/arm-none-eabi/4.9.3/../../../../arm-none-eabi/lib/armv7-m\libcr_c.a(memcpy.o)
                              ./src/PERIPHERAL/debug.o (memcpy)
c:/nxp/lpcxpresso_7.7.2_379/lpcxpresso/tools/bin/../lib/gcc/arm-none-eabi/4.9.3/../../../../arm-none-eabi/lib/armv7-m\libcr_c.a(fpprintf.o)
                              ./src/PERIPHERAL/debug.o (vsprintf)
c:/nxp/lpcxpresso_7.7.2_379/lpcxpresso/tools/bin/../lib/gcc/arm-none-eabi/4.9.3/../../../../arm-none-eabi/lib/armv7-m\libcr_c.a(initio.o)
                              c:/nxp/lpcxpresso_7.7.2_379/lpcxpresso/tools/bin/../lib/gcc/arm-none-eabi/4.9.3/../../../../arm-none-eabi/lib/armv7-m\libcr_semihost.a(_cr__main.o) (_initio)
c:/nxp/lpcxpresso_7.7.2_379/lpcxpresso/tools/bin/../lib/gcc/arm-none-eabi/4.9.3/../../../../arm-none-eabi/lib/armv7-m\libcr_c.a(printf.o)
                              c:/nxp/lpcxpresso_7.7.2_379/lpcxpresso/tools/bin/../lib/gcc/arm-none-eabi/4.9.3/../../../../arm-none-eabi/lib/armv7-m\libcr_c.a(fpprintf.o) (__vfprintf)
c:/nxp/lpcxpresso_7.7.2_379/lpcxpresso/tools/bin/../lib/gcc/arm-none-eabi/4.9.3/../../../../arm-none-eabi/lib/armv7-m\libcr_c.a(setvbuf.o)
                              c:/nxp/lpcxpresso_7.7.2_379/lpcxpresso/tools/bin/../lib/gcc/arm-none-eabi/4.9.3/../../../../arm-none-eabi/lib/armv7-m\libcr_c.a(initio.o) (setvbuf)
c:/nxp/lpcxpresso_7.7.2_379/lpcxpresso/tools/bin/../lib/gcc/arm-none-eabi/4.9.3/../../../../arm-none-eabi/lib/armv7-m\libcr_c.a(stdio.o)
                              c:/nxp/lpcxpresso_7.7.2_379/lpcxpresso/tools/bin/../lib/gcc/arm-none-eabi/4.9.3/../../../../arm-none-eabi/lib/armv7-m\libcr_c.a(fpprintf.o) (__Ciob)
c:/nxp/lpcxpresso_7.7.2_379/lpcxpresso/tools/bin/../lib/gcc/arm-none-eabi/4.9.3/../../../../arm-none-eabi/lib/armv7-m\libcr_c.a(strlen.o)
                              c:/nxp/lpcxpresso_7.7.2_379/lpcxpresso/tools/bin/../lib/gcc/arm-none-eabi/4.9.3/../../../../arm-none-eabi/lib/armv7-m\libcr_c.a(printf.o) (strlen)
c:/nxp/lpcxpresso_7.7.2_379/lpcxpresso/tools/bin/../lib/gcc/arm-none-eabi/4.9.3/../../../../arm-none-eabi/lib/armv7-m\libcr_c.a(memset.o)
                              c:/nxp/lpcxpresso_7.7.2_379/lpcxpresso/tools/bin/../lib/gcc/arm-none-eabi/4.9.3/../../../../arm-none-eabi/lib/armv7-m\libcr_c.a(fpprintf.o) (memset)
c:/nxp/lpcxpresso_7.7.2_379/lpcxpresso/tools/bin/../lib/gcc/arm-none-eabi/4.9.3/../../../../arm-none-eabi/lib/armv7-m\libcr_c.a(__fillbuf.o)
                              c:/nxp/lpcxpresso_7.7.2_379/lpcxpresso/tools/bin/../lib/gcc/arm-none-eabi/4.9.3/../../../../arm-none-eabi/lib/armv7-m\libcr_c.a(stdio.o) (__filbuf)
c:/nxp/lpcxpresso_7.7.2_379/lpcxpresso/tools/bin/../lib/gcc/arm-none-eabi/4.9.3/../../../../arm-none-eabi/lib/armv7-m\libcr_c.a(_deferredlazyseek.o)
                              c:/nxp/lpcxpresso_7.7.2_379/lpcxpresso/tools/bin/../lib/gcc/arm-none-eabi/4.9.3/../../../../arm-none-eabi/lib/armv7-m\libcr_c.a(__fillbuf.o) (_deferredlazyseek)
c:/nxp/lpcxpresso_7.7.2_379/lpcxpresso/tools/bin/../lib/gcc/arm-none-eabi/4.9.3/../../../../arm-none-eabi/lib/armv7-m\libcr_c.a(_fdopen.o)
                              c:/nxp/lpcxpresso_7.7.2_379/lpcxpresso/tools/bin/../lib/gcc/arm-none-eabi/4.9.3/../../../../arm-none-eabi/lib/armv7-m\libcr_c.a(initio.o) (_fdopen)
c:/nxp/lpcxpresso_7.7.2_379/lpcxpresso/tools/bin/../lib/gcc/arm-none-eabi/4.9.3/../../../../arm-none-eabi/lib/armv7-m\libcr_c.a(_fflush.o)
                              c:/nxp/lpcxpresso_7.7.2_379/lpcxpresso/tools/bin/../lib/gcc/arm-none-eabi/4.9.3/../../../../arm-none-eabi/lib/armv7-m\libcr_c.a(__fillbuf.o) (_fflush)
c:/nxp/lpcxpresso_7.7.2_379/lpcxpresso/tools/bin/../lib/gcc/arm-none-eabi/4.9.3/../../../../arm-none-eabi/lib/armv7-m\libcr_c.a(_frexpl.o)
                              c:/nxp/lpcxpresso_7.7.2_379/lpcxpresso/tools/bin/../lib/gcc/arm-none-eabi/4.9.3/../../../../arm-none-eabi/lib/armv7-m\libcr_c.a(fpprintf.o) (_frexpl)
c:/nxp/lpcxpresso_7.7.2_379/lpcxpresso/tools/bin/../lib/gcc/arm-none-eabi/4.9.3/../../../../arm-none-eabi/lib/armv7-m\libcr_c.a(_ldexpl.o)
                              c:/nxp/lpcxpresso_7.7.2_379/lpcxpresso/tools/bin/../lib/gcc/arm-none-eabi/4.9.3/../../../../arm-none-eabi/lib/armv7-m\libcr_c.a(fpprintf.o) (_ldexpl)
c:/nxp/lpcxpresso_7.7.2_379/lpcxpresso/tools/bin/../lib/gcc/arm-none-eabi/4.9.3/../../../../arm-none-eabi/lib/armv7-m\libcr_c.a(_writebuf.o)
[...]
Memory Configuration

Name             Origin             Length             Attributes
MFlash32         0x00000000         0x00008000         xr
RamLoc8          0x10000000         0x00002000         xrw
*default*        0x00000000         0xffffffff

Linker script and memory map

LOAD ./src/USB/cdcuser.o
LOAD ./src/USB/usbcore.o
LOAD ./src/USB/usbdesc.o
LOAD ./src/USB/usbhw.o
LOAD ./src/USB/usbuser.o
LOAD ./src/PERIPHERAL/SystemTickTimer.o
LOAD ./src/PERIPHERAL/ad.o
LOAD ./src/PERIPHERAL/debug.o
LOAD ./src/PERIPHERAL/i2c.o
LOAD ./src/PERIPHERAL/io.o
LOAD ./src/PERIPHERAL/pwm.o
LOAD ./src/PERIPHERAL/ssp.o
LOAD ./src/PERIPHERAL/timer.o
LOAD ./src/PERIPHERAL/uart.o
LOAD ./src/PERIPHERAL/usbTransmission.o
LOAD ./src/OTHER/cr_startup_lpc13xx.o
LOAD ./src/OTHER/crp.o
LOAD ./src/OTHER/serial.o
LOAD ./src/MODE/mode_BluetoothSetting.o
LOAD ./src/MAIN/MainFunction.o
LOAD ./src/MAIN/UserInterface.o
LOAD ./src/MAIN/main.o
LOAD ./src/MAIN/mpu9250.o
LOAD ./src/MAIN/tinyMathFunctions.o
LOAD C:\Users\ryota\OneDrive\RT working\github\RT-USB-9AXIS-00\LPCXpresso Sample Program\workspace\CMSISv1p30_LPC13xx\Debug\libCMSISv1p30_LPC13xx.a
START GROUP
LOAD c:/nxp/lpcxpresso_7.7.2_379/lpcxpresso/tools/bin/../lib/gcc/arm-none-eabi/4.9.3/../../../../arm-none-eabi/lib/armv7-m\libcr_semihost.a
LOAD c:/nxp/lpcxpresso_7.7.2_379/lpcxpresso/tools/bin/../lib/gcc/arm-none-eabi/4.9.3/../../../../arm-none-eabi/lib/armv7-m\libcr_c.a
LOAD c:/nxp/lpcxpresso_7.7.2_379/lpcxpresso/tools/bin/../lib/gcc/arm-none-eabi/4.9.3/armv7-m\libcr_eabihelpers.a
END GROUP
                0x00008000                __top_MFlash32 = 0x8000
                0x10002000                __top_RamLoc8 = 0x10002000

.text           0x00000000     0x5a00
 FILL mask 0xff
                0x00000000                __vectors_start__ = ABSOLUTE (.)
 *(.isr_vector)
 .isr_vector    0x00000000      0x128 ./src/OTHER/cr_startup_lpc13xx.o
                0x00000000                g_pfnVectors
                0x00000128                . = ALIGN (0x4)
                0x00000128                __section_table_start = .
                0x00000128                __data_section_table = .
                0x00000128        0x4 LONG 0x5a00 LOADADDR (.data)
                0x0000012c        0x4 LONG 0x10000000 ADDR (.data)
                0x00000130        0x4 LONG 0x20 SIZEOF (.data)
                0x00000134                __data_section_table_end = .
                0x00000134                __bss_section_table = .
                0x00000134        0x4 LONG 0x10000020 ADDR (.bss)
                0x00000138        0x4 LONG 0x648 SIZEOF (.bss)
                0x0000013c                __bss_section_table_end = .
                0x0000013c                __section_table_end = .
 *(.after_vectors*)
 .after_vectors
                0x0000013c       0xa0 ./src/OTHER/cr_startup_lpc13xx.o
                0x0000013c                NMI_Handler
                0x00000140                HardFault_Handler
                0x00000144                MemManage_Handler
                0x00000148                BusFault_Handler
                0x0000014c                UsageFault_Handler
                0x00000150                SVC_Handler
                0x00000154                DebugMon_Handler
                0x00000158                PendSV_Handler
                0x00000160                PIOINT1_IRQHandler
                0x00000160                IntDefaultHandler
                0x00000160                TIMER16_1_IRQHandler
                0x00000160                USB_FIQHandler
                0x00000160                ADC_IRQHandler
                0x00000160                SSP1_IRQHandler
                0x00000160                PIOINT2_IRQHandler
                0x00000160                BOD_IRQHandler
                0x00000160                WAKEUP_IRQHandler
                0x00000160                PIOINT0_IRQHandler
                0x00000160                PIOINT3_IRQHandler
                0x00000160                WDT_IRQHandler
                0x00000160                TIMER16_0_IRQHandler
                0x00000160                FMC_IRQHandler
                0x00000164                data_init
                0x00000180                bss_init
                0x00000194                ResetISR
                0x000002fc                . = 0x2fc
 *fill*         0x000001dc      0x120 ff
                0x000002fc                PROVIDE (__CRP_WORD_START__, .)
 *(.crp)
 .crp           0x000002fc        0x4 ./src/OTHER/crp.o
                0x000002fc                CRP_WORD
                0x00000300                PROVIDE (__CRP_WORD_END__, .)
                0x00000001                ASSERT (! ((__CRP_WORD_START__ == __CRP_WORD_END__)), Linker CRP Enabled, but no CRP_WORD provided within application)
 *(.text*)
 .text.CDC_WrOutBuf
                0x00000300       0x2c ./src/USB/cdcuser.o
                0x00000300                CDC_WrOutBuf
 .text.CDC_SendEncapsulatedCommand
                0x0000032c        0x4 ./src/USB/cdcuser.o
                0x0000032c                CDC_SendEncapsulatedCommand
 .text.CDC_GetEncapsulatedResponse
                0x00000330        0x4 ./src/USB/cdcuser.o
                0x00000330                CDC_GetEncapsulatedResponse
 .text.CDC_SetCommFeature
                0x00000334        0x4 ./src/USB/cdcuser.o
                0x00000334                CDC_SetCommFeature
 .text.CDC_GetCommFeature
                0x00000338        0x4 ./src/USB/cdcuser.o
                0x00000338                CDC_GetCommFeature
 .text.CDC_ClearCommFeature
                0x0000033c        0x4 ./src/USB/cdcuser.o
                0x0000033c                CDC_ClearCommFeature
 .text.CDC_SetLineCoding
                0x00000340       0x48 ./src/USB/cdcuser.o
                0x00000340                CDC_SetLineCoding
 .text.CDC_GetLineCoding
                0x00000388       0x2c ./src/USB/cdcuser.o
                0x00000388                CDC_GetLineCoding
 .text.CDC_SetControlLineState
                0x000003b4        0x4 ./src/USB/cdcuser.o
                0x000003b4                CDC_SetControlLineState
 .text.CDC_SendBreak
                0x000003b8        0x4 ./src/USB/cdcuser.o
                0x000003b8                CDC_SendBreak
 .text.CDC_BulkIn
                0x000003bc       0x34 ./src/USB/cdcuser.o
                0x000003bc                CDC_BulkIn
 .text.CDC_BulkOut
                0x000003f0       0x24 ./src/USB/cdcuser.o
                0x000003f0                CDC_BulkOut
 .text.CDC_GetSerialState
                0x00000414       0xb0 ./src/USB/cdcuser.o
                0x00000414                CDC_GetSerialState
 .text.CDC_NotificationIn
                0x000004c4       0x40 ./src/USB/cdcuser.o
                0x000004c4                CDC_NotificationIn
 .text.USB_ResetCore
                0x00000504       0x38 ./src/USB/usbcore.o
                0x00000504                USB_ResetCore
 .text.USB_SetupStage
                0x0000053c       0x10 ./src/USB/usbcore.o
                0x0000053c                USB_SetupStage
 .text.USB_DataInStage
                0x0000054c       0x28 ./src/USB/usbcore.o
                0x0000054c                USB_DataInStage
 .text.USB_DataOutStage
                0x00000574       0x20 ./src/USB/usbcore.o
                0x00000574                USB_DataOutStage
 .text.USB_StatusInStage
                0x00000594       0x10 ./src/USB/usbcore.o
                0x00000594                USB_StatusInStage
 .text.USB_StatusOutStage
                0x000005a4       0x10 ./src/USB/usbcore.o
                0x000005a4                USB_StatusOutStage
 .text.USB_EndPoint0
                0x000005b4      0x83c ./src/USB/usbcore.o
                0x000005b4                USB_EndPoint0
 .text.USBIOClkConfig
                0x00000df0       0x60 ./src/USB/usbhw.o
                0x00000df0                USBIOClkConfig
 .text.EPAdr    0x00000e50       0x14 ./src/USB/usbhw.o
                0x00000e50                EPAdr
 .text.WrCmd    0x00000e64       0x1c ./src/USB/usbhw.o
                0x00000e64                WrCmd
 .text.WrCmdDat
                0x00000e80       0x10 ./src/USB/usbhw.o
                0x00000e80                WrCmdDat
 .text.WrCmdEP  0x00000e90       0x1c ./src/USB/usbhw.o
                0x00000e90                WrCmdEP
 .text.RdCmdDat
                0x00000eac       0x20 ./src/USB/usbhw.o
                0x00000eac                RdCmdDat
 .text.USB_Connect
                0x00000ecc       0x1c ./src/USB/usbhw.o
                0x00000ecc                USB_Connect
 .text.USB_Reset
                0x00000ee8       0x18 ./src/USB/usbhw.o
                0x00000ee8                USB_Reset
 .text.USB_WakeUpCfg
                0x00000f00        0x4 ./src/USB/usbhw.o
                0x00000f00                USB_WakeUpCfg
 .text.USB_SetAddress
                0x00000f04       0x24 ./src/USB/usbhw.o
                0x00000f04                USB_SetAddress
 .text.USB_Init
                0x00000f28       0x1c ./src/USB/usbhw.o
                0x00000f28                USB_Init
 .text.USB_Configure
                0x00000f44       0x1c ./src/USB/usbhw.o
                0x00000f44                USB_Configure
 .text.USB_ConfigEP
                0x00000f60        0x4 ./src/USB/usbhw.o
                0x00000f60                USB_ConfigEP
 .text.USB_DirCtrlEP
                0x00000f64        0x4 ./src/USB/usbhw.o
                0x00000f64                USB_DirCtrlEP
 .text.USB_EnableEP
                0x00000f68       0x1c ./src/USB/usbhw.o
                0x00000f68                USB_EnableEP
 .text.USB_DisableEP
                0x00000f84       0x1c ./src/USB/usbhw.o
                0x00000f84                USB_DisableEP
 .text.USB_ResetEP
                0x00000fa0       0x1c ./src/USB/usbhw.o
                0x00000fa0                USB_ResetEP
 .text.USB_SetStallEP
                0x00000fbc       0x1c ./src/USB/usbhw.o
                0x00000fbc                USB_SetStallEP
 .text.USB_ClrStallEP
                0x00000fd8       0x1c ./src/USB/usbhw.o
                0x00000fd8                USB_ClrStallEP
 .text.USB_ReadEP
                0x00000ff4       0x4c ./src/USB/usbhw.o
                0x00000ff4                USB_ReadEP
 .text.USB_WriteEP
                0x00001040       0x44 ./src/USB/usbhw.o
                0x00001040                USB_WriteEP
 .text.USB_IRQHandler
                0x00001084       0xbc ./src/USB/usbhw.o
                0x00001084                USB_IRQHandler
 .text.USB_EndPoint1
                0x00001140       0x24 ./src/USB/usbuser.o
                0x00001140                USB_EndPoint1
 .text.USB_EndPoint3
                0x00001164       0x18 ./src/USB/usbuser.o
                0x00001164                USB_EndPoint3
 .text.USB_Reset_Event
                0x0000117c        0x8 ./src/USB/usbuser.o
                0x0000117c                USB_Reset_Event
 .text.USB_Suspend_Event
                0x00001184        0x4 ./src/USB/usbuser.o
                0x00001184                USB_Suspend_Event
 .text.USB_Resume_Event
                0x00001188        0x4 ./src/USB/usbuser.o
                0x00001188                USB_Resume_Event
 .text.USB_Configure_Event
                0x0000118c        0x4 ./src/USB/usbuser.o
                0x0000118c                USB_Configure_Event
 .text.initSystemTickTimer
                0x00001190       0x24 ./src/PERIPHERAL/SystemTickTimer.o
 .text.wait1usec
                0x000011b4       0x30 ./src/PERIPHERAL/SystemTickTimer.o
                0x000011b4                wait1usec
 .text.wait1msec
                0x000011e4       0x40 ./src/PERIPHERAL/SystemTickTimer.o
                0x000011e4                wait1msec
 .text.SysTick_Handler
                0x00001224       0x1c ./src/PERIPHERAL/SystemTickTimer.o
                0x00001224                SysTick_Handler
 .text.Init_ad  0x00001240       0x68 ./src/PERIPHERAL/ad.o
                0x00001240                Init_ad
 .text.storeAD2Array
                0x000012a8       0x3c ./src/PERIPHERAL/ad.o
                0x000012a8                storeAD2Array
 .text.myPrintfUART
                0x000012e4       0x30 ./src/PERIPHERAL/debug.o
                0x000012e4                myPrintfUART
 .text.I2C_IRQHandler
                0x00001314      0x244 ./src/PERIPHERAL/i2c.o
                0x00001314                I2C_IRQHandler
 .text.I2CStart
                0x00001558       0x2c ./src/PERIPHERAL/i2c.o
                0x00001558                I2CStart
 .text.I2CStop  0x00001584       0x1c ./src/PERIPHERAL/i2c.o
                0x00001584                I2CStop
 .text.I2CInit  0x000015a0       0x70 ./src/PERIPHERAL/i2c.o
                0x000015a0                I2CInit
 .text.I2CEngine
                0x00001610       0x38 ./src/PERIPHERAL/i2c.o
                0x00001610                I2CEngine
 .text.initIO   0x00001648       0x30 ./src/PERIPHERAL/io.o
                0x00001648                initIO
 .text.SSP_IRQHandler
                0x00001678       0x4c ./src/PERIPHERAL/ssp.o
                0x00001678                SSP_IRQHandler
 .text.initTimer32_0
                0x000016c4       0x40 ./src/PERIPHERAL/timer.o
                0x000016c4                initTimer32_0
 .text.startTimer32_0
                0x00001704        0xc ./src/PERIPHERAL/timer.o
                0x00001704                startTimer32_0
 .text.initTimer32_1
                0x00001710       0x40 ./src/PERIPHERAL/timer.o
                0x00001710                initTimer32_1
 .text.startTimer32_1
                0x00001750        0xc ./src/PERIPHERAL/timer.o
                0x00001750                startTimer32_1
 .text.UART_IRQHandler
                0x0000175c       0xb0 ./src/PERIPHERAL/uart.o
                0x0000175c                UART_IRQHandler
 .text.UARTInit
                0x0000180c       0xd4 ./src/PERIPHERAL/uart.o
                0x0000180c                UARTInit
 .text.UARTSend
                0x000018e0       0x2c ./src/PERIPHERAL/uart.o
                0x000018e0                UARTSend
 .text.VCOM_SendData
                0x0000190c       0x30 ./src/PERIPHERAL/usbTransmission.o
                0x0000190c                VCOM_SendData
 .text.tryUSBConnect
                0x0000193c       0x78 ./src/PERIPHERAL/usbTransmission.o
                0x0000193c                tryUSBConnect
 .text.isUSBConfig
                0x000019b4        0xc ./src/PERIPHERAL/usbTransmission.o
                0x000019b4                isUSBConfig
 .text.ser_OpenPort
                0x000019c0       0x5c ./src/OTHER/serial.o
                0x000019c0                ser_OpenPort
 .text.ser_ClosePort
                0x00001a1c       0x38 ./src/OTHER/serial.o
                0x00001a1c                ser_ClosePort
 .text.ser_InitPort
                0x00001a54       0xc8 ./src/OTHER/serial.o
                0x00001a54                ser_InitPort
 .text.ser_Read
                0x00001b1c       0x3c ./src/OTHER/serial.o
                0x00001b1c                ser_Read
 .text.ser_AvailChar
                0x00001b58       0x18 ./src/OTHER/serial.o
                0x00001b58                ser_AvailChar
 .text.ser_LineState
                0x00001b70       0x10 ./src/OTHER/serial.o
                0x00001b70                ser_LineState
 .text.mode_BluetoothSetting
                0x00001b80       0x90 ./src/MODE/mode_BluetoothSetting.o
                0x00001b80                mode_BluetoothSetting
 .text.initMainFunction
                0x00001c10        0x8 ./src/MAIN/MainFunction.o
                0x00001c10                initMainFunction
 .text.setSendDataEnable
                0x00001c18        0xc ./src/MAIN/MainFunction.o
                0x00001c18                setSendDataEnable
 .text.TIMER32_1_IRQHandler
                0x00001c24      0x100 ./src/MAIN/MainFunction.o
                0x00001c24                TIMER32_1_IRQHandler
 .text.setStateLED
                0x00001d24       0x28 ./src/MAIN/UserInterface.o
 .text.initUI   0x00001d4c        0x8 ./src/MAIN/UserInterface.o
                0x00001d4c                initUI
 .text.getStateSW
                0x00001d54       0x14 ./src/MAIN/UserInterface.o
                0x00001d54                getStateSW
 .text.getSWcount
                0x00001d68        0xc ./src/MAIN/UserInterface.o
                0x00001d68                getSWcount
 .text.turnLED  0x00001d74       0x14 ./src/MAIN/UserInterface.o
                0x00001d74                turnLED
 .text.flashLED
                0x00001d88       0x1c ./src/MAIN/UserInterface.o
                0x00001d88                flashLED
 .text.getVoltage
                0x00001da4        0xc ./src/MAIN/UserInterface.o
                0x00001da4                getVoltage
 .text.TIMER32_0_IRQHandler
                0x00001db0       0xdc ./src/MAIN/UserInterface.o
                0x00001db0                TIMER32_0_IRQHandler
 .text.init     0x00001e8c       0x60 ./src/MAIN/main.o
                0x00001e8c                init
 .text.main     0x00001eec       0x6c ./src/MAIN/main.o
                0x00001eec                main
 .text.initMPU9250
                0x00001f58       0xac ./src/MAIN/mpu9250.o
                0x00001f58                initMPU9250
 .text.initAK8963
                0x00002004       0xd0 ./src/MAIN/mpu9250.o
                0x00002004                initAK8963
 *fill*         0x000020d4        0x4 
 .text.getDataFromMPU9250
                0x000020d8      0x6f8 ./src/MAIN/mpu9250.o
                0x000020d8                getDataFromMPU9250
 .text.getDataFromAK8963
                0x000027d0      0x1a0 ./src/MAIN/mpu9250.o
                0x000027d0                getDataFromAK8963
 .text.getOmega
                0x00002970       0x1c ./src/MAIN/mpu9250.o
                0x00002970                getOmega
 .text.initOmegaRef
                0x0000298c      0x144 ./src/MAIN/mpu9250.o
                0x0000298c                initOmegaRef
 .text.getAccLPF
                0x00002ad0       0x1c ./src/MAIN/mpu9250.o
                0x00002ad0                getAccLPF
 .text.getOmegaStrLPF
                0x00002aec       0x1c ./src/MAIN/mpu9250.o
                0x00002aec                getOmegaStrLPF
 .text.quickSort
                0x00002b08       0x68 ./src/MAIN/tinyMathFunctions.o
                0x00002b08                quickSort
 .text.__NOP    0x00002b70       0x10 C:\Users\ryota\OneDrive\RT working\github\RT-USB-9AXIS-00\LPCXpresso Sample Program\workspace\CMSISv1p30_LPC13xx\Debug\libCMSISv1p30_LPC13xx.a(system_LPC13xx.o)
 .text.SystemInit
                0x00002b80      0x120 C:\Users\ryota\OneDrive\RT working\github\RT-USB-9AXIS-00\LPCXpresso Sample Program\workspace\CMSISv1p30_LPC13xx\Debug\libCMSISv1p30_LPC13xx.a(system_LPC13xx.o)
                0x00002b80                SystemInit
 .text.__main   0x00002ca0       0x14 c:/nxp/lpcxpresso_7.7.2_379/lpcxpresso/tools/bin/../lib/gcc/arm-none-eabi/4.9.3/../../../../arm-none-eabi/lib/armv7-m\libcr_semihost.a(_cr__main.o)
                0x00002ca0                __CR_SEMIHOST
                0x00002ca0                __main
 .text.memcpy   0x00002cb4        0x4 c:/nxp/lpcxpresso_7.7.2_379/lpcxpresso/tools/bin/../lib/gcc/arm-none-eabi/4.9.3/../../../../arm-none-eabi/lib/armv7-m\libcr_c.a(memcpy.o)
                0x00002cb4                memcpy
 .text.fp_round
                0x00002cb8       0x4a c:/nxp/lpcxpresso_7.7.2_379/lpcxpresso/tools/bin/../lib/gcc/arm-none-eabi/4.9.3/../../../../arm-none-eabi/lib/armv7-m\libcr_c.a(fpprintf.o)
 .text.pr_dec.constprop.1
                0x00002d02       0x26 c:/nxp/lpcxpresso_7.7.2_379/lpcxpresso/tools/bin/../lib/gcc/arm-none-eabi/4.9.3/../../../../arm-none-eabi/lib/armv7-m\libcr_c.a(fpprintf.o)
 .text.sprintf  0x00002d28       0x6c c:/nxp/lpcxpresso_7.7.2_379/lpcxpresso/tools/bin/../lib/gcc/arm-none-eabi/4.9.3/../../../../arm-none-eabi/lib/armv7-m\libcr_c.a(fpprintf.o)
                0x00002d28                sprintf
 *fill*         0x00002d94        0x4 
 .text.fp_display
                0x00002d98      0x900 c:/nxp/lpcxpresso_7.7.2_379/lpcxpresso/tools/bin/../lib/gcc/arm-none-eabi/4.9.3/../../../../arm-none-eabi/lib/armv7-m\libcr_c.a(fpprintf.o)
 .text.vsprintf
                0x00003698       0x5c c:/nxp/lpcxpresso_7.7.2_379/lpcxpresso/tools/bin/../lib/gcc/arm-none-eabi/4.9.3/../../../../arm-none-eabi/lib/armv7-m\libcr_c.a(fpprintf.o)
                0x00003698                vsprintf
 .text._initio  0x000036f4       0xa4 c:/nxp/lpcxpresso_7.7.2_379/lpcxpresso/tools/bin/../lib/gcc/arm-none-eabi/4.9.3/../../../../arm-none-eabi/lib/armv7-m\libcr_c.a(initio.o)
                0x000036f4                _initio
 .text.__vfprintf
                0x00003798      0xca4 c:/nxp/lpcxpresso_7.7.2_379/lpcxpresso/tools/bin/../lib/gcc/arm-none-eabi/4.9.3/../../../../arm-none-eabi/lib/armv7-m\libcr_c.a(printf.o)
                0x00003798                __vfprintf
 .text.setvbuf  0x0000443c       0x40 c:/nxp/lpcxpresso_7.7.2_379/lpcxpresso/tools/bin/../lib/gcc/arm-none-eabi/4.9.3/../../../../arm-none-eabi/lib/armv7-m\libcr_c.a(setvbuf.o)
                0x0000443c                setvbuf
 .text.strlen   0x0000447c       0x4a c:/nxp/lpcxpresso_7.7.2_379/lpcxpresso/tools/bin/../lib/gcc/arm-none-eabi/4.9.3/../../../../arm-none-eabi/lib/armv7-m\libcr_c.a(strlen.o)
                0x0000447c                strlen
 .text.memset   0x000044c6        0x4 c:/nxp/lpcxpresso_7.7.2_379/lpcxpresso/tools/bin/../lib/gcc/arm-none-eabi/4.9.3/../../../../arm-none-eabi/lib/armv7-m\libcr_c.a(memset.o)
                0x000044c6                memset
 .text._deferredlazyseek
                0x000044ca       0x44 c:/nxp/lpcxpresso_7.7.2_379/lpcxpresso/tools/bin/../lib/gcc/arm-none-eabi/4.9.3/../../../../arm-none-eabi/lib/armv7-m\libcr_c.a(_deferredlazyseek.o)
                0x000044ca                _deferredlazyseek
 .text.__flsbuf
                0x0000450e      0x142 c:/nxp/lpcxpresso_7.7.2_379/lpcxpresso/tools/bin/../lib/gcc/arm-none-eabi/4.9.3/../../../../arm-none-eabi/lib/armv7-m\libcr_c.a(_deferredlazyseek.o)
                0x0000450e                __flsbuf
 .text._fdopen  0x00004650       0x6a c:/nxp/lpcxpresso_7.7.2_379/lpcxpresso/tools/bin/../lib/gcc/arm-none-eabi/4.9.3/../../../../arm-none-eabi/lib/armv7-m\libcr_c.a(_fdopen.o)
                0x00004650                _fdopen
 .text._fflush  0x000046ba       0x58 c:/nxp/lpcxpresso_7.7.2_379/lpcxpresso/tools/bin/../lib/gcc/arm-none-eabi/4.9.3/../../../../arm-none-eabi/lib/armv7-m\libcr_c.a(_fflush.o)
                0x000046ba                _fflush
 .text._frexpl  0x00004712       0x5a c:/nxp/lpcxpresso_7.7.2_379/lpcxpresso/tools/bin/../lib/gcc/arm-none-eabi/4.9.3/../../../../arm-none-eabi/lib/armv7-m\libcr_c.a(_frexpl.o)
                0x00004712                _frexpl
 .text._ldexpl  0x0000476c       0x4c c:/nxp/lpcxpresso_7.7.2_379/lpcxpresso/tools/bin/../lib/gcc/arm-none-eabi/4.9.3/../../../../arm-none-eabi/lib/armv7-m\libcr_c.a(_ldexpl.o)
                0x0000476c                _ldexpl
 .text._Cwritebuf
                0x000047b8       0x70 c:/nxp/lpcxpresso_7.7.2_379/lpcxpresso/tools/bin/../lib/gcc/arm-none-eabi/4.9.3/../../../../arm-none-eabi/lib/armv7-m\libcr_c.a(_writebuf.o)
                0x000047b8                _Cwritebuf
 .text.malloc   0x00004828       0xcc c:/nxp/lpcxpresso_7.7.2_379/lpcxpresso/tools/bin/../lib/gcc/arm-none-eabi/4.9.3/../../../../arm-none-eabi/lib/armv7-m\libcr_c.a(alloc.o)
                0x00004828                malloc
 .text.free     0x000048f4       0x30 c:/nxp/lpcxpresso_7.7.2_379/lpcxpresso/tools/bin/../lib/gcc/arm-none-eabi/4.9.3/../../../../arm-none-eabi/lib/armv7-m\libcr_c.a(alloc.o)
                0x000048f4                free
 .text._Csys_alloc
                0x00004924       0x20 c:/nxp/lpcxpresso_7.7.2_379/lpcxpresso/tools/bin/../lib/gcc/arm-none-eabi/4.9.3/../../../../arm-none-eabi/lib/armv7-m\libcr_c.a(alloc.o)
                0x00004924                _Csys_alloc
 .text.fclose   0x00004944       0x6c c:/nxp/lpcxpresso_7.7.2_379/lpcxpresso/tools/bin/../lib/gcc/arm-none-eabi/4.9.3/../../../../arm-none-eabi/lib/armv7-m\libcr_c.a(fclose.o)
                0x00004944                fclose
 .text.fflush   0x000049b0       0x30 c:/nxp/lpcxpresso_7.7.2_379/lpcxpresso/tools/bin/../lib/gcc/arm-none-eabi/4.9.3/../../../../arm-none-eabi/lib/armv7-m\libcr_c.a(fflush.o)
                0x000049b0                fflush
 .text.fseek    0x000049e0      0x110 c:/nxp/lpcxpresso_7.7.2_379/lpcxpresso/tools/bin/../lib/gcc/arm-none-eabi/4.9.3/../../../../arm-none-eabi/lib/armv7-m\libcr_c.a(fseek.o)
                0x000049e0                fseek
 .text.ftell    0x00004af0       0x4c c:/nxp/lpcxpresso_7.7.2_379/lpcxpresso/tools/bin/../lib/gcc/arm-none-eabi/4.9.3/../../../../arm-none-eabi/lib/armv7-m\libcr_c.a(ftell.o)
                0x00004af0                ftell
 .text.remove   0x00004b3c       0x14 c:/nxp/lpcxpresso_7.7.2_379/lpcxpresso/tools/bin/../lib/gcc/arm-none-eabi/4.9.3/../../../../arm-none-eabi/lib/armv7-m\libcr_c.a(remove.o)
                0x00004b3c                remove
 .text._sbrk    0x00004b50       0x40 c:/nxp/lpcxpresso_7.7.2_379/lpcxpresso/tools/bin/../lib/gcc/arm-none-eabi/4.9.3/../../../../arm-none-eabi/lib/armv7-m\libcr_c.a(_cr_sbrk.o)
                0x00004b50                _sbrk
 .text._do_fflush
                0x00004b90       0x44 c:/nxp/lpcxpresso_7.7.2_379/lpcxpresso/tools/bin/../lib/gcc/arm-none-eabi/4.9.3/../../../../arm-none-eabi/lib/armv7-m\libcr_c.a(_do_fflush.o)
                0x00004b90                _do_fflush
 .text.__check_heap_overflow
                0x00004bd4       0x18 c:/nxp/lpcxpresso_7.7.2_379/lpcxpresso/tools/bin/../lib/gcc/arm-none-eabi/4.9.3/../../../../arm-none-eabi/lib/armv7-m\libcr_c.a(_cr_check_heap.o)
                0x00004bd4                __check_heap_overflow
 .text.__aeabi_dmul
                0x00004bec      0x120 c:/nxp/lpcxpresso_7.7.2_379/lpcxpresso/tools/bin/../lib/gcc/arm-none-eabi/4.9.3/armv7-m\libcr_eabihelpers.a(double.o)
                0x00004bec                __aeabi_dmul
 .text.__aeabi_ddiv
                0x00004d0c      0x150 c:/nxp/lpcxpresso_7.7.2_379/lpcxpresso/tools/bin/../lib/gcc/arm-none-eabi/4.9.3/armv7-m\libcr_eabihelpers.a(double.o)
                0x00004d0c                __aeabi_ddiv
 .text.__aeabi_dsub
                0x00004e5c      0x1d8 c:/nxp/lpcxpresso_7.7.2_379/lpcxpresso/tools/bin/../lib/gcc/arm-none-eabi/4.9.3/armv7-m\libcr_eabihelpers.a(double.o)
                0x00004e5c                __aeabi_dsub
 .text.__aeabi_dadd
                0x00005034      0x134 c:/nxp/lpcxpresso_7.7.2_379/lpcxpresso/tools/bin/../lib/gcc/arm-none-eabi/4.9.3/armv7-m\libcr_eabihelpers.a(double.o)
                0x00005034                __aeabi_dadd
 .text.__aeabi_d2f
                0x00005168       0x5c c:/nxp/lpcxpresso_7.7.2_379/lpcxpresso/tools/bin/../lib/gcc/arm-none-eabi/4.9.3/armv7-m\libcr_eabihelpers.a(double.o)
                0x00005168                __aeabi_d2f
 .text.__aeabi_d2iz
                0x000051c4       0x40 c:/nxp/lpcxpresso_7.7.2_379/lpcxpresso/tools/bin/../lib/gcc/arm-none-eabi/4.9.3/armv7-m\libcr_eabihelpers.a(double.o)
                0x000051c4                __aeabi_d2iz
 .text.__bhs_ui2d
                0x00005204       0x48 c:/nxp/lpcxpresso_7.7.2_379/lpcxpresso/tools/bin/../lib/gcc/arm-none-eabi/4.9.3/armv7-m\libcr_eabihelpers.a(double.o)
                0x00005204                __bhs_ui2d
 .text.__aeabi_i2d
                0x0000524c       0x14 c:/nxp/lpcxpresso_7.7.2_379/lpcxpresso/tools/bin/../lib/gcc/arm-none-eabi/4.9.3/armv7-m\libcr_eabihelpers.a(double.o)
                0x0000524c                __aeabi_i2d
 .text.__aeabi_dcmpeq
                0x00005260       0x2c c:/nxp/lpcxpresso_7.7.2_379/lpcxpresso/tools/bin/../lib/gcc/arm-none-eabi/4.9.3/armv7-m\libcr_eabihelpers.a(double.o)
                0x00005260                __aeabi_dcmpeq
 .text.__aeabi_dcmplt
                0x0000528c       0x5c c:/nxp/lpcxpresso_7.7.2_379/lpcxpresso/tools/bin/../lib/gcc/arm-none-eabi/4.9.3/armv7-m\libcr_eabihelpers.a(double.o)
                0x0000528c                __aeabi_dcmplt
 .text.__aeabi_dcmple
                0x000052e8       0x5c c:/nxp/lpcxpresso_7.7.2_379/lpcxpresso/tools/bin/../lib/gcc/arm-none-eabi/4.9.3/armv7-m\libcr_eabihelpers.a(double.o)
                0x000052e8                __aeabi_dcmple
 .text.__aeabi_dcmpge
                0x00005344       0x5c c:/nxp/lpcxpresso_7.7.2_379/lpcxpresso/tools/bin/../lib/gcc/arm-none-eabi/4.9.3/armv7-m\libcr_eabihelpers.a(double.o)
                0x00005344                __aeabi_dcmpge
 .text.__bhs_ui2f.part.0
                0x000053a0       0x20 c:/nxp/lpcxpresso_7.7.2_379/lpcxpresso/tools/bin/../lib/gcc/arm-none-eabi/4.9.3/armv7-m\libcr_eabihelpers.a(float.o)
 .text.__aeabi_fmul
                0x000053c0       0xc0 c:/nxp/lpcxpresso_7.7.2_379/lpcxpresso/tools/bin/../lib/gcc/arm-none-eabi/4.9.3/armv7-m\libcr_eabihelpers.a(float.o)
                0x000053c0                __aeabi_fmul
 .text.__aeabi_fdiv
                0x00005480       0xc0 c:/nxp/lpcxpresso_7.7.2_379/lpcxpresso/tools/bin/../lib/gcc/arm-none-eabi/4.9.3/armv7-m\libcr_eabihelpers.a(float.o)
                0x00005480                __aeabi_fdiv
 .text.__aeabi_fsub
                0x00005540       0xec c:/nxp/lpcxpresso_7.7.2_379/lpcxpresso/tools/bin/../lib/gcc/arm-none-eabi/4.9.3/armv7-m\libcr_eabihelpers.a(float.o)
                0x00005540                __aeabi_fsub
 .text.__aeabi_fadd
                0x0000562c       0xb4 c:/nxp/lpcxpresso_7.7.2_379/lpcxpresso/tools/bin/../lib/gcc/arm-none-eabi/4.9.3/armv7-m\libcr_eabihelpers.a(float.o)
                0x0000562c                __aeabi_fadd
 .text.__aeabi_f2uiz
                0x000056e0       0x28 c:/nxp/lpcxpresso_7.7.2_379/lpcxpresso/tools/bin/../lib/gcc/arm-none-eabi/4.9.3/armv7-m\libcr_eabihelpers.a(float.o)
                0x000056e0                __aeabi_f2uiz
 .text.__aeabi_i2f
                0x00005708       0x20 c:/nxp/lpcxpresso_7.7.2_379/lpcxpresso/tools/bin/../lib/gcc/arm-none-eabi/4.9.3/armv7-m\libcr_eabihelpers.a(float.o)
                0x00005708                __aeabi_i2f
 .text.__aeabi_f2d
                0x00005728       0x3c c:/nxp/lpcxpresso_7.7.2_379/lpcxpresso/tools/bin/../lib/gcc/arm-none-eabi/4.9.3/armv7-m\libcr_eabihelpers.a(float.o)
                0x00005728                __aeabi_f2d
 .text.__aeabi_memcpy
                0x00005764       0x34 c:/nxp/lpcxpresso_7.7.2_379/lpcxpresso/tools/bin/../lib/gcc/arm-none-eabi/4.9.3/armv7-m\libcr_eabihelpers.a(memcpy.o)
                0x00005764                __aeabi_memcpy
                0x0000576e                __aeabi_memcpy8
                0x0000576e                __aeabi_memcpy4
 .text.__aeabi_memset_lowlevel
                0x00005798       0x32 c:/nxp/lpcxpresso_7.7.2_379/lpcxpresso/tools/bin/../lib/gcc/arm-none-eabi/4.9.3/armv7-m\libcr_eabihelpers.a(memcpy.o)
                0x00005798                __aeabi_lowlevel_memset
 *fill*         0x000057ca        0x2 
 .text.__sys_appexit
                0x000057cc        0xc c:/nxp/lpcxpresso_7.7.2_379/lpcxpresso/tools/bin/../lib/gcc/arm-none-eabi/4.9.3/../../../../arm-none-eabi/lib/armv7-m\libcr_semihost.a(__sys_appexit.o)
                0x000057cc                __sys_appexit
                0x000057cc                __exit
 .text.__sys_close
                0x000057d8        0xc c:/nxp/lpcxpresso_7.7.2_379/lpcxpresso/tools/bin/../lib/gcc/arm-none-eabi/4.9.3/../../../../arm-none-eabi/lib/armv7-m\libcr_semihost.a(__sys_close.o)
                0x000057d8                __sys_close
 .text.__sys_flen
                0x000057e4        0xc c:/nxp/lpcxpresso_7.7.2_379/lpcxpresso/tools/bin/../lib/gcc/arm-none-eabi/4.9.3/../../../../arm-none-eabi/lib/armv7-m\libcr_semihost.a(__sys_flen.o)
                0x000057e4                __sys_flen
 .text.__sys_istty
                0x000057f0        0xc c:/nxp/lpcxpresso_7.7.2_379/lpcxpresso/tools/bin/../lib/gcc/arm-none-eabi/4.9.3/../../../../arm-none-eabi/lib/armv7-m\libcr_semihost.a(__sys_istty.o)
                0x000057f0                __sys_istty
 .text.__sys_remove
                0x000057fc        0xc c:/nxp/lpcxpresso_7.7.2_379/lpcxpresso/tools/bin/../lib/gcc/arm-none-eabi/4.9.3/../../../../arm-none-eabi/lib/armv7-m\libcr_semihost.a(__sys_remove.o)
                0x000057fc                __sys_remove
 .text.__sys_seek
                0x00005808        0xc c:/nxp/lpcxpresso_7.7.2_379/lpcxpresso/tools/bin/../lib/gcc/arm-none-eabi/4.9.3/../../../../arm-none-eabi/lib/armv7-m\libcr_semihost.a(__sys_seek.o)
                0x00005808                __sys_seek
 .text.__sys_tmpnam
                0x00005814        0xc c:/nxp/lpcxpresso_7.7.2_379/lpcxpresso/tools/bin/../lib/gcc/arm-none-eabi/4.9.3/../../../../arm-none-eabi/lib/armv7-m\libcr_semihost.a(__sys_tmpnam.o)
                0x00005814                __sys_tmpnam
 .text.__sys_write
                0x00005820        0xc c:/nxp/lpcxpresso_7.7.2_379/lpcxpresso/tools/bin/../lib/gcc/arm-none-eabi/4.9.3/../../../../arm-none-eabi/lib/armv7-m\libcr_semihost.a(__sys_write.o)
                0x00005820                __sys_write
                0x00005820                __write
 *(.rodata .rodata.* .constdata .constdata.*)
 .rodata.USB_ConfigDescriptor
                0x0000582c       0x44 ./src/USB/usbdesc.o
                0x0000582c                USB_ConfigDescriptor
 .rodata.USB_StringDescriptor
                0x00005870       0x68 ./src/USB/usbdesc.o
                0x00005870                USB_StringDescriptor
 .rodata.USB_DeviceDescriptor
                0x000058d8       0x14 ./src/USB/usbdesc.o
                0x000058d8                USB_DeviceDescriptor
 .rodata.USB_P_EP
                0x000058ec       0x14 ./src/USB/usbuser.o
                0x000058ec                USB_P_EP
 .rodata.str1.4
                0x00005900       0x70 ./src/MODE/mode_BluetoothSetting.o
 .rodata.str1.1
                0x00005970       0x34 c:/nxp/lpcxpresso_7.7.2_379/lpcxpresso/tools/bin/../lib/gcc/arm-none-eabi/4.9.3/../../../../arm-none-eabi/lib/armv7-m\libcr_c.a(fpprintf.o)
                                 0x35 (size before relaxing)
 .rodata.str1.1
                0x000059a4        0x4 c:/nxp/lpcxpresso_7.7.2_379/lpcxpresso/tools/bin/../lib/gcc/arm-none-eabi/4.9.3/../../../../arm-none-eabi/lib/armv7-m\libcr_c.a(initio.o)
 .rodata.str1.1
                0x000059a8       0x31 c:/nxp/lpcxpresso_7.7.2_379/lpcxpresso/tools/bin/../lib/gcc/arm-none-eabi/4.9.3/../../../../arm-none-eabi/lib/armv7-m\libcr_c.a(printf.o)
                                 0x38 (size before relaxing)
 .rodata.str1.1
                0x000059d9       0x18 c:/nxp/lpcxpresso_7.7.2_379/lpcxpresso/tools/bin/../lib/gcc/arm-none-eabi/4.9.3/../../../../arm-none-eabi/lib/armv7-m\libcr_c.a(alloc.o)
 *fill*         0x000059f1        0x7 
 .rodata.__huge_vall
                0x000059f8        0x8 c:/nxp/lpcxpresso_7.7.2_379/lpcxpresso/tools/bin/../lib/gcc/arm-none-eabi/4.9.3/../../../../arm-none-eabi/lib/armv7-m\libcr_c.a(_hugeval.o)
                0x000059f8                __huge_vall
                0x00005a00                . = ALIGN (0x4)

.glue_7         0x00005a00        0x0
 .glue_7        0x00000000        0x0 linker stubs

.glue_7t        0x00005a00        0x0
 .glue_7t       0x00000000        0x0 linker stubs

.vfp11_veneer   0x00005a00        0x0
 .vfp11_veneer  0x00000000        0x0 linker stubs

.v4_bx          0x00005a00        0x0
 .v4_bx         0x00000000        0x0 linker stubs

.iplt           0x00005a00        0x0
 .iplt          0x00000000        0x0 ./src/USB/cdcuser.o

.rel.dyn        0x00005a00        0x0
 .rel.iplt      0x00000000        0x0 ./src/USB/cdcuser.o

.ARM.extab
 *(.ARM.extab* .gnu.linkonce.armextab.*)
                0x00005a00                __exidx_start = .

.ARM.exidx
 *(.ARM.exidx* .gnu.linkonce.armexidx.*)
                0x00005a00                __exidx_end = .
                0x00005a00                _etext = .

.uninit_RESERVED
                0x10000000        0x0
 *(.bss.$RESERVED*)
                0x10000000                . = ALIGN (0x4)
                0x10000000                _end_uninit_RESERVED = .

.data           0x10000000       0x20 load address 0x00005a00
 FILL mask 0xff
                0x10000000                _data = .
 *(vtable)
 *(.ramfunc*)
 *(.data*)
 .data.CDC_DepInEmpty
                0x10000000        0x2 ./src/USB/cdcuser.o
                0x10000000                CDC_DepInEmpty
 *fill*         0x10000002        0x2 
 .data.CDC_LineCoding
                0x10000004        0x8 ./src/USB/cdcuser.o
                0x10000004                CDC_LineCoding
 .data.UARTTxEmpty
                0x1000000c        0x1 ./src/PERIPHERAL/uart.o
                0x1000000c                UARTTxEmpty
 *fill*         0x1000000d        0x1 
 .data.off_count_LED
                0x1000000e        0x2 ./src/MAIN/UserInterface.o
 .data.gain_LPF
                0x10000010        0x4 ./src/MAIN/mpu9250.o
                0x10000010                gain_LPF
 .data.Asa      0x10000014        0x4 ./src/MAIN/mpu9250.o
 .data.gain_str_LPF
                0x10000018        0x4 ./src/MAIN/mpu9250.o
                0x10000018                gain_str_LPF
 .data          0x1000001c        0x4 C:\Users\ryota\OneDrive\RT working\github\RT-USB-9AXIS-00\LPCXpresso Sample Program\workspace\CMSISv1p30_LPC13xx\Debug\libCMSISv1p30_LPC13xx.a(system_LPC13xx.o)
                0x1000001c                SystemCoreClock
                0x10000020                . = ALIGN (0x4)
                0x10000020                _edata = .

.igot.plt       0x10000020        0x0 load address 0x00005a20
 .igot.plt      0x00000000        0x0 ./src/USB/cdcuser.o

.bss            0x10000020      0x648 load address 0x00005a20
                0x10000020                _bss = .
 *(.bss*)
 .bss.CDC_SerialState
                0x10000020        0x2 ./src/USB/cdcuser.o
                0x10000020                CDC_SerialState
 .bss.serialState.4049
                0x10000022        0x2 ./src/USB/usbuser.o
 .bss.systick_wait_count
                0x10000024        0x4 ./src/PERIPHERAL/SystemTickTimer.o
 .bss.systick_time_count
                0x10000028        0x4 ./src/PERIPHERAL/SystemTickTimer.o
 .bss.systick_handler_state
                0x1000002c        0x1 ./src/PERIPHERAL/SystemTickTimer.o
 *fill*         0x1000002d        0x3 
 .bss.buffer.4610
                0x10000030       0x64 ./src/PERIPHERAL/debug.o
 .bss.RdIndex   0x10000094        0x4 ./src/PERIPHERAL/i2c.o
                0x10000094                RdIndex
 .bss.I2CMasterState
                0x10000098        0x4 ./src/PERIPHERAL/i2c.o
                0x10000098                I2CMasterState
 .bss.WrIndex   0x1000009c        0x4 ./src/PERIPHERAL/i2c.o
                0x1000009c                WrIndex
 .bss.interruptRxTimeoutStat
                0x100000a0        0x4 ./src/PERIPHERAL/ssp.o
                0x100000a0                interruptRxTimeoutStat
 .bss.interruptRxStat
                0x100000a4        0x4 ./src/PERIPHERAL/ssp.o
                0x100000a4                interruptRxStat
 .bss.interruptOverRunStat
                0x100000a8        0x4 ./src/PERIPHERAL/ssp.o
                0x100000a8                interruptOverRunStat
 .bss.UARTCount
                0x100000ac        0x4 ./src/PERIPHERAL/uart.o
                0x100000ac                UARTCount
 .bss.flag_usb_config
                0x100000b0        0x1 ./src/PERIPHERAL/usbTransmission.o
 .bss.timestamp.4547
                0x100000b1        0x1 ./src/MAIN/MainFunction.o
 .bss.count.4545
                0x100000b2        0x2 ./src/MAIN/MainFunction.o
 .bss.flag_send_data_enable
                0x100000b4        0x1 ./src/MAIN/MainFunction.o
 *fill*         0x100000b5        0x3 
 .bss.elapsed_time_count
                0x100000b8        0x4 ./src/MAIN/UserInterface.o
 .bss.flag_flash_LED
                0x100000bc        0x1 ./src/MAIN/UserInterface.o
 *fill*         0x100000bd        0x1 
 .bss.LED_count
                0x100000be        0x2 ./src/MAIN/UserInterface.o
 .bss.voltage   0x100000c0        0x4 ./src/MAIN/UserInterface.o
 .bss.SW_count  0x100000c4        0x2 ./src/MAIN/UserInterface.o
 .bss.on_count_LED
                0x100000c6        0x2 ./src/MAIN/UserInterface.o
 .bss.omega_str_LPF_vec
                0x100000c8        0xc ./src/MAIN/mpu9250.o
 .bss.temperature
                0x100000d4        0x4 ./src/MAIN/mpu9250.o
 .bss.omega_LPF_vec
                0x100000d8        0xc ./src/MAIN/mpu9250.o
 .bss.omega_ref_vec
                0x100000e4        0xc ./src/MAIN/mpu9250.o
 .bss.acc_str_LPF_vec
                0x100000f0        0xc ./src/MAIN/mpu9250.o
 .bss.omega_vec
                0x100000fc        0xc ./src/MAIN/mpu9250.o
 .bss.mag_vec   0x10000108        0xc ./src/MAIN/mpu9250.o
 .bss.acc_vec   0x10000114        0xc ./src/MAIN/mpu9250.o
 .bss.acc_LPF_vec
                0x10000120        0xc ./src/MAIN/mpu9250.o
 .bss.errno     0x1000012c        0x4 c:/nxp/lpcxpresso_7.7.2_379/lpcxpresso/tools/bin/../lib/gcc/arm-none-eabi/4.9.3/../../../../arm-none-eabi/lib/armv7-m\libcr_c.a(errno.o)
                0x1000012c                errno
 *(COMMON)
 COMMON         0x10000130       0xd4 ./src/USB/cdcuser.o
                0x10000130                BulkBufOut
                0x10000170                NotificationBuf
                0x1000017c                BulkBufIn
                0x100001bc                CDC_OutBuf
 COMMON         0x10000204       0x6e ./src/USB/usbcore.o
                0x10000204                USB_AltSetting
                0x10000208                EP0Buf
                0x10000248                USB_EndPointMask
                0x1000024c                USB_DeviceAddress
                0x10000250                USB_EndPointStall
                0x10000254                USB_EndPointHalt
                0x10000258                USB_Configuration
                0x1000025c                SetupPacket
                0x10000264                USB_NumInterfaces
                0x10000268                EP0Data
                0x10000270                USB_DeviceStatus
 *fill*         0x10000272        0x2 
 COMMON         0x10000274      0x10c ./src/PERIPHERAL/i2c.o
                0x10000274                I2CReadLength
                0x10000278                I2CSlaveBuffer
                0x100002f8                I2CMode
                0x100002fc                I2CMasterBuffer
                0x1000037c                I2CWriteLength
 COMMON         0x10000380       0x84 ./src/PERIPHERAL/uart.o
                0x10000380                UARTBuffer
                0x10000400                UARTStatus
 COMMON         0x10000404      0x118 ./src/OTHER/serial.o
                0x10000404                ser_in
                0x1000048c                ser_txRestart
                0x10000490                ser_lineState
                0x10000494                ser_out
 COMMON         0x1000051c        0x4 c:/nxp/lpcxpresso_7.7.2_379/lpcxpresso/tools/bin/../lib/gcc/arm-none-eabi/4.9.3/../../../../arm-none-eabi/lib/armv7-m\libcr_c.a(initio.o)
                0x1000051c                _extra
 COMMON         0x10000520      0x140 c:/nxp/lpcxpresso_7.7.2_379/lpcxpresso/tools/bin/../lib/gcc/arm-none-eabi/4.9.3/../../../../arm-none-eabi/lib/armv7-m\libcr_c.a(stdio.o)
                0x10000520                __Ciob
 COMMON         0x10000660        0x8 c:/nxp/lpcxpresso_7.7.2_379/lpcxpresso/tools/bin/../lib/gcc/arm-none-eabi/4.9.3/../../../../arm-none-eabi/lib/armv7-m\libcr_c.a(__init_alloc.o)
                0x10000660                __heaps
                0x10000664                __end_of_heap
                0x10000668                . = ALIGN (0x4)
                0x10000668                _ebss = .
                0x10000668                PROVIDE (end, .)

.noinit         0x10000668        0x0 load address 0x00005a20
                0x10000668                _noinit = .
 *(.noinit*)
                0x10000668                . = ALIGN (0x4)
                0x10000668                _end_noinit = .
                0x10000668                PROVIDE (_pvHeapStart, DEFINED (__user_heap_base)?__user_heap_base:.)
                0x10002000                PROVIDE (_vStackTop, DEFINED (__user_stack_top)?__user_stack_top:(__top_RamLoc8 - 0x0))
OUTPUT(RT-BT-9AXIS-sample.axf elf32-littlearm)

.debug_info     0x00000000     0xac7b
 .debug_info    0x00000000      0x623 ./src/USB/cdcuser.o
 .debug_info    0x00000623     0x11f8 ./src/USB/usbcore.o
 .debug_info    0x0000181b       0xec ./src/USB/usbdesc.o
 .debug_info    0x00001907     0x156e ./src/USB/usbhw.o
 .debug_info    0x00002e75      0x204 ./src/USB/usbuser.o
 .debug_info    0x00003079      0x1dc ./src/PERIPHERAL/SystemTickTimer.o
 .debug_info    0x00003255      0x8d0 ./src/PERIPHERAL/ad.o
 .debug_info    0x00003b25      0x2df ./src/PERIPHERAL/debug.o
 .debug_info    0x00003e04      0xd03 ./src/PERIPHERAL/i2c.o
 .debug_info    0x00004b07      0x4dd ./src/PERIPHERAL/io.o
 .debug_info    0x00004fe4      0xd2f ./src/PERIPHERAL/ssp.o
 .debug_info    0x00005d13      0xa83 ./src/PERIPHERAL/timer.o
 .debug_info    0x00006796      0xd56 ./src/PERIPHERAL/uart.o
 .debug_info    0x000074ec      0x355 ./src/PERIPHERAL/usbTransmission.o
 .debug_info    0x00007841      0x28c ./src/OTHER/cr_startup_lpc13xx.o
 .debug_info    0x00007acd       0x3f ./src/OTHER/crp.o
 .debug_info    0x00007b0c      0xecf ./src/OTHER/serial.o
 .debug_info    0x000089db      0x23c ./src/MODE/mode_BluetoothSetting.o
 .debug_info    0x00008c17      0x5ec ./src/MAIN/MainFunction.o
 .debug_info    0x00009203      0x5d6 ./src/MAIN/UserInterface.o
 .debug_info    0x000097d9      0x396 ./src/MAIN/main.o
 .debug_info    0x00009b6f      0xa55 ./src/MAIN/mpu9250.o
 .debug_info    0x0000a5c4      0x1d9 ./src/MAIN/tinyMathFunctions.o
 .debug_info    0x0000a79d      0x4de C:\Users\ryota\OneDrive\RT working\github\RT-USB-9AXIS-00\LPCXpresso Sample Program\workspace\CMSISv1p30_LPC13xx\Debug\libCMSISv1p30_LPC13xx.a(system_LPC13xx.o)

.debug_abbrev   0x00000000     0x2789
 .debug_abbrev  0x00000000      0x1e1 ./src/USB/cdcuser.o
 .debug_abbrev  0x000001e1      0x33d ./src/USB/usbcore.o
 .debug_abbrev  0x0000051e       0x60 ./src/USB/usbdesc.o
 .debug_abbrev  0x0000057e      0x382 ./src/USB/usbhw.o
 .debug_abbrev  0x00000900      0x12b ./src/USB/usbuser.o
 .debug_abbrev  0x00000a2b      0x11a ./src/PERIPHERAL/SystemTickTimer.o
 .debug_abbrev  0x00000b45      0x187 ./src/PERIPHERAL/ad.o
 .debug_abbrev  0x00000ccc      0x197 ./src/PERIPHERAL/debug.o
 .debug_abbrev  0x00000e63      0x224 ./src/PERIPHERAL/i2c.o
 .debug_abbrev  0x00001087      0x139 ./src/PERIPHERAL/io.o
 .debug_abbrev  0x000011c0      0x23a ./src/PERIPHERAL/ssp.o
 .debug_abbrev  0x000013fa      0x1b6 ./src/PERIPHERAL/timer.o
 .debug_abbrev  0x000015b0      0x20c ./src/PERIPHERAL/uart.o
 .debug_abbrev  0x000017bc      0x224 ./src/PERIPHERAL/usbTransmission.o
 .debug_abbrev  0x000019e0      0x111 ./src/OTHER/cr_startup_lpc13xx.o
 .debug_abbrev  0x00001af1       0x36 ./src/OTHER/crp.o
 .debug_abbrev  0x00001b27      0x237 ./src/OTHER/serial.o
 .debug_abbrev  0x00001d5e       0xcf ./src/MODE/mode_BluetoothSetting.o
 .debug_abbrev  0x00001e2d      0x1de ./src/MAIN/MainFunction.o
 .debug_abbrev  0x0000200b      0x254 ./src/MAIN/UserInterface.o
 .debug_abbrev  0x0000225f      0x10a ./src/MAIN/main.o
 .debug_abbrev  0x00002369      0x224 ./src/MAIN/mpu9250.o
 .debug_abbrev  0x0000258d       0xcc ./src/MAIN/tinyMathFunctions.o
 .debug_abbrev  0x00002659      0x130 C:\Users\ryota\OneDrive\RT working\github\RT-USB-9AXIS-00\LPCXpresso Sample Program\workspace\CMSISv1p30_LPC13xx\Debug\libCMSISv1p30_LPC13xx.a(system_LPC13xx.o)

.debug_loc      0x00000000     0x1f90
 .debug_loc     0x00000000      0x215 ./src/USB/cdcuser.o
 .debug_loc     0x00000215      0xa4c ./src/USB/usbcore.o
 .debug_loc     0x00000c61      0x462 ./src/USB/usbhw.o
 .debug_loc     0x000010c3       0x79 ./src/USB/usbuser.o
 .debug_loc     0x0000113c       0x58 ./src/PERIPHERAL/SystemTickTimer.o
 .debug_loc     0x00001194       0x29 ./src/PERIPHERAL/debug.o
 .debug_loc     0x000011bd       0xe7 ./src/PERIPHERAL/i2c.o
 .debug_loc     0x000012a4       0xc4 ./src/PERIPHERAL/ssp.o
 .debug_loc     0x00001368      0x11c ./src/PERIPHERAL/uart.o
 .debug_loc     0x00001484       0x13 ./src/PERIPHERAL/usbTransmission.o
 .debug_loc     0x00001497      0x1d1 ./src/OTHER/cr_startup_lpc13xx.o
 .debug_loc     0x00001668      0x2d1 ./src/OTHER/serial.o
 .debug_loc     0x00001939       0x13 ./src/MAIN/MainFunction.o
 .debug_loc     0x0000194c       0x49 ./src/MAIN/UserInterface.o
 .debug_loc     0x00001995      0x355 ./src/MAIN/mpu9250.o
 .debug_loc     0x00001cea      0x2a6 ./src/MAIN/tinyMathFunctions.o

.debug_aranges  0x00000000      0x770
 .debug_aranges
                0x00000000       0xa0 ./src/USB/cdcuser.o
 .debug_aranges
                0x000000a0       0x98 ./src/USB/usbcore.o
 .debug_aranges
                0x00000138       0x18 ./src/USB/usbdesc.o
 .debug_aranges
                0x00000150      0x100 ./src/USB/usbhw.o
 .debug_aranges
                0x00000250       0x50 ./src/USB/usbuser.o
 .debug_aranges
                0x000002a0       0x48 ./src/PERIPHERAL/SystemTickTimer.o
 .debug_aranges
                0x000002e8       0x28 ./src/PERIPHERAL/ad.o
 .debug_aranges
                0x00000310       0x28 ./src/PERIPHERAL/debug.o
 .debug_aranges
                0x00000338       0x40 ./src/PERIPHERAL/i2c.o
 .debug_aranges
                0x00000378       0x20 ./src/PERIPHERAL/io.o
 .debug_aranges
                0x00000398       0x38 ./src/PERIPHERAL/ssp.o
 .debug_aranges
                0x000003d0       0x48 ./src/PERIPHERAL/timer.o
 .debug_aranges
                0x00000418       0x30 ./src/PERIPHERAL/uart.o
 .debug_aranges
                0x00000448       0x38 ./src/PERIPHERAL/usbTransmission.o
 .debug_aranges
                0x00000480       0x80 ./src/OTHER/cr_startup_lpc13xx.o
 .debug_aranges
                0x00000500       0x18 ./src/OTHER/crp.o
 .debug_aranges
                0x00000518       0x50 ./src/OTHER/serial.o
 .debug_aranges
                0x00000568       0x20 ./src/MODE/mode_BluetoothSetting.o
 .debug_aranges
                0x00000588       0x30 ./src/MAIN/MainFunction.o
 .debug_aranges
                0x000005b8       0x70 ./src/MAIN/UserInterface.o
 .debug_aranges
                0x00000628       0x28 ./src/MAIN/main.o
 .debug_aranges
                0x00000650       0xc0 ./src/MAIN/mpu9250.o
 .debug_aranges
                0x00000710       0x30 ./src/MAIN/tinyMathFunctions.o
 .debug_aranges
                0x00000740       0x30 C:\Users\ryota\OneDrive\RT working\github\RT-USB-9AXIS-00\LPCXpresso Sample Program\workspace\CMSISv1p30_LPC13xx\Debug\libCMSISv1p30_LPC13xx.a(system_LPC13xx.o)

.debug_ranges   0x00000000      0x5e0
 .debug_ranges  0x00000000       0x90 ./src/USB/cdcuser.o
 .debug_ranges  0x00000090       0x88 ./src/USB/usbcore.o
 .debug_ranges  0x00000118       0xf0 ./src/USB/usbhw.o
 .debug_ranges  0x00000208       0x40 ./src/USB/usbuser.o
 .debug_ranges  0x00000248       0x38 ./src/PERIPHERAL/SystemTickTimer.o
 .debug_ranges  0x00000280       0x18 ./src/PERIPHERAL/ad.o
 .debug_ranges  0x00000298       0x18 ./src/PERIPHERAL/debug.o
 .debug_ranges  0x000002b0       0x30 ./src/PERIPHERAL/i2c.o
 .debug_ranges  0x000002e0       0x10 ./src/PERIPHERAL/io.o
 .debug_ranges  0x000002f0       0x28 ./src/PERIPHERAL/ssp.o
 .debug_ranges  0x00000318       0x38 ./src/PERIPHERAL/timer.o
 .debug_ranges  0x00000350       0x20 ./src/PERIPHERAL/uart.o
 .debug_ranges  0x00000370       0x28 ./src/PERIPHERAL/usbTransmission.o
 .debug_ranges  0x00000398       0x70 ./src/OTHER/cr_startup_lpc13xx.o
 .debug_ranges  0x00000408       0x40 ./src/OTHER/serial.o
 .debug_ranges  0x00000448       0x10 ./src/MODE/mode_BluetoothSetting.o
 .debug_ranges  0x00000458       0x20 ./src/MAIN/MainFunction.o
 .debug_ranges  0x00000478       0x60 ./src/MAIN/UserInterface.o
 .debug_ranges  0x000004d8       0x18 ./src/MAIN/main.o
 .debug_ranges  0x000004f0       0xb0 ./src/MAIN/mpu9250.o
 .debug_ranges  0x000005a0       0x20 ./src/MAIN/tinyMathFunctions.o
 .debug_ranges  0x000005c0       0x20 C:\Users\ryota\OneDrive\RT working\github\RT-USB-9AXIS-00\LPCXpresso Sample Program\workspace\CMSISv1p30_LPC13xx\Debug\libCMSISv1p30_LPC13xx.a(system_LPC13xx.o)

.debug_macro    0x00000000     0x42ad
 .debug_macro   0x00000000       0xb6 ./src/USB/cdcuser.o
 .debug_macro   0x000000b6      0x880 ./src/USB/cdcuser.o
 .debug_macro   0x00000936       0x10 ./src/USB/cdcuser.o
 .debug_macro   0x00000946      0x12d ./src/USB/cdcuser.o
 .debug_macro   0x00000a73      0x5b2 ./src/USB/cdcuser.o
 .debug_macro   0x00001025       0x16 ./src/USB/cdcuser.o
 .debug_macro   0x0000103b      0x1cb ./src/USB/cdcuser.o
 .debug_macro   0x00001206       0x3a ./src/USB/cdcuser.o
 .debug_macro   0x00001240       0xcc ./src/USB/cdcuser.o
 .debug_macro   0x0000130c      0x26b ./src/USB/cdcuser.o
 .debug_macro   0x00001577       0x1c ./src/USB/cdcuser.o
 .debug_macro   0x00001593       0x94 ./src/USB/usbcore.o
 .debug_macro   0x00001627       0x28 ./src/USB/usbcore.o
 .debug_macro   0x0000164f       0x34 ./src/USB/usbcore.o
 .debug_macro   0x00001683       0x78 ./src/USB/usbdesc.o
 .debug_macro   0x000016fb       0x2e ./src/USB/usbdesc.o
 .debug_macro   0x00001729       0x99 ./src/USB/usbhw.o
 .debug_macro   0x000017c2       0x1c ./src/USB/usbhw.o
 .debug_macro   0x000017de       0x22 ./src/USB/usbhw.o
 .debug_macro   0x00001800      0x7b7 ./src/USB/usbhw.o
 .debug_macro   0x00001fb7      0x131 ./src/USB/usbhw.o
 .debug_macro   0x000020e8      0x205 ./src/USB/usbhw.o
 .debug_macro   0x000022ed       0x89 ./src/USB/usbuser.o
 .debug_macro   0x00002376       0x7a ./src/PERIPHERAL/SystemTickTimer.o
 .debug_macro   0x000023f0      0x7d5 ./src/PERIPHERAL/SystemTickTimer.o
 .debug_macro   0x00002bc5       0x6c ./src/PERIPHERAL/ad.o
 .debug_macro   0x00002c31       0x9d ./src/PERIPHERAL/debug.o
 .debug_macro   0x00002cce       0x16 ./src/PERIPHERAL/debug.o
 .debug_macro   0x00002ce4       0x10 ./src/PERIPHERAL/debug.o
 .debug_macro   0x00002cf4       0xa0 ./src/PERIPHERAL/debug.o
 .debug_macro   0x00002d94       0x16 ./src/PERIPHERAL/debug.o
 .debug_macro   0x00002daa       0xa6 ./src/PERIPHERAL/debug.o
 .debug_macro   0x00002e50       0x74 ./src/PERIPHERAL/i2c.o
 .debug_macro   0x00002ec4       0x1c ./src/PERIPHERAL/i2c.o
 .debug_macro   0x00002ee0       0xd0 ./src/PERIPHERAL/i2c.o
 .debug_macro   0x00002fb0       0x79 ./src/PERIPHERAL/io.o
 .debug_macro   0x00003029       0x6b ./src/PERIPHERAL/ssp.o
 .debug_macro   0x00003094      0x11e ./src/PERIPHERAL/ssp.o
 .debug_macro   0x000031b2       0x6c ./src/PERIPHERAL/timer.o
 .debug_macro   0x0000321e       0x71 ./src/PERIPHERAL/uart.o
 .debug_macro   0x0000328f       0xc1 ./src/PERIPHERAL/usbTransmission.o
 .debug_macro   0x00003350       0x1d ./src/OTHER/cr_startup_lpc13xx.o
 .debug_macro   0x0000336d       0x1a ./src/OTHER/crp.o
 .debug_macro   0x00003387       0x34 ./src/OTHER/crp.o
 .debug_macro   0x000033bb       0x9f ./src/OTHER/serial.o
 .debug_macro   0x0000345a       0x7d ./src/MODE/mode_BluetoothSetting.o
 .debug_macro   0x000034d7       0xc7 ./src/MAIN/MainFunction.o
 .debug_macro   0x0000359e       0x52 ./src/MAIN/MainFunction.o
 .debug_macro   0x000035f0       0xa1 ./src/MAIN/UserInterface.o
 .debug_macro   0x00003691      0x126 ./src/MAIN/main.o
 .debug_macro   0x000037b7       0xad ./src/MAIN/mpu9250.o
 .debug_macro   0x00003864       0x52 ./src/MAIN/mpu9250.o
 .debug_macro   0x000038b6       0x5a ./src/MAIN/tinyMathFunctions.o
 .debug_macro   0x00003910      0x12f C:\Users\ryota\OneDrive\RT working\github\RT-USB-9AXIS-00\LPCXpresso Sample Program\workspace\CMSISv1p30_LPC13xx\Debug\libCMSISv1p30_LPC13xx.a(system_LPC13xx.o)
 .debug_macro   0x00003a3f      0x86e C:\Users\ryota\OneDrive\RT working\github\RT-USB-9AXIS-00\LPCXpresso Sample Program\workspace\CMSISv1p30_LPC13xx\Debug\libCMSISv1p30_LPC13xx.a(system_LPC13xx.o)

.debug_line     0x00000000     0x507c
 .debug_line    0x00000000      0x3cf ./src/USB/cdcuser.o
 .debug_line    0x000003cf      0x6cf ./src/USB/usbcore.o
 .debug_line    0x00000a9e      0x228 ./src/USB/usbdesc.o
 .debug_line    0x00000cc6      0x511 ./src/USB/usbhw.o
 .debug_line    0x000011d7      0x2b1 ./src/USB/usbuser.o
 .debug_line    0x00001488      0x34b ./src/PERIPHERAL/SystemTickTimer.o
 .debug_line    0x000017d3      0x255 ./src/PERIPHERAL/ad.o
 .debug_line    0x00001a28      0x30c ./src/PERIPHERAL/debug.o
 .debug_line    0x00001d34      0x361 ./src/PERIPHERAL/i2c.o
 .debug_line    0x00002095      0x2b9 ./src/PERIPHERAL/io.o
 .debug_line    0x0000234e      0x2db ./src/PERIPHERAL/ssp.o
 .debug_line    0x00002629      0x2af ./src/PERIPHERAL/timer.o
 .debug_line    0x000028d8      0x2a8 ./src/PERIPHERAL/uart.o
 .debug_line    0x00002b80      0x3fa ./src/PERIPHERAL/usbTransmission.o
 .debug_line    0x00002f7a       0xdc ./src/OTHER/cr_startup_lpc13xx.o
 .debug_line    0x00003056       0x7e ./src/OTHER/crp.o
 .debug_line    0x000030d4      0x302 ./src/OTHER/serial.o
 .debug_line    0x000033d6      0x37b ./src/MODE/mode_BluetoothSetting.o
 .debug_line    0x00003751      0x3fd ./src/MAIN/MainFunction.o
 .debug_line    0x00003b4e      0x43e ./src/MAIN/UserInterface.o
 .debug_line    0x00003f8c      0x54c ./src/MAIN/main.o
 .debug_line    0x000044d8      0x6b6 ./src/MAIN/mpu9250.o
 .debug_line    0x00004b8e      0x28b ./src/MAIN/tinyMathFunctions.o
 .debug_line    0x00004e19      0x263 C:\Users\ryota\OneDrive\RT working\github\RT-USB-9AXIS-00\LPCXpresso Sample Program\workspace\CMSISv1p30_LPC13xx\Debug\libCMSISv1p30_LPC13xx.a(system_LPC13xx.o)

.debug_str      0x00000000     0xc670
 .debug_str     0x00000000     0x5766 ./src/USB/cdcuser.o
                               0x581a (size before relaxing)
 .debug_str     0x00005766      0x69e ./src/USB/usbcore.o
                               0x5b5d (size before relaxing)
 .debug_str     0x00005e04       0x81 ./src/USB/usbdesc.o
                               0x5412 (size before relaxing)
 .debug_str     0x00005e85     0x4695 ./src/USB/usbhw.o
                               0x900c (size before relaxing)
 .debug_str     0x0000a51a       0x8b ./src/USB/usbuser.o
                               0x49d3 (size before relaxing)
 .debug_str     0x0000a5a5       0xe3 ./src/PERIPHERAL/SystemTickTimer.o
                               0x72f6 (size before relaxing)
 .debug_str     0x0000a688       0x4c ./src/PERIPHERAL/ad.o
                               0x76f7 (size before relaxing)
 .debug_str     0x0000a6d4      0x4d0 ./src/PERIPHERAL/debug.o
                               0x76f9 (size before relaxing)
 .debug_str     0x0000aba4      0x3bd ./src/PERIPHERAL/i2c.o
                               0x7e57 (size before relaxing)
 .debug_str     0x0000af61       0x24 ./src/PERIPHERAL/io.o
                               0x743a (size before relaxing)
 .debug_str     0x0000af85      0x3dd ./src/PERIPHERAL/ssp.o
                               0x7e60 (size before relaxing)
 .debug_str     0x0000b362       0xf2 ./src/PERIPHERAL/timer.o
                               0x7970 (size before relaxing)
 .debug_str     0x0000b454       0xf4 ./src/PERIPHERAL/uart.o
                               0x7d02 (size before relaxing)
 .debug_str     0x0000b548       0x57 ./src/PERIPHERAL/usbTransmission.o
                               0x8a38 (size before relaxing)
 .debug_str     0x0000b59f      0x1c7 ./src/OTHER/cr_startup_lpc13xx.o
                               0x26a6 (size before relaxing)
 .debug_str     0x0000b766       0xef ./src/OTHER/crp.o
                               0x25af (size before relaxing)
 .debug_str     0x0000b855      0x22f ./src/OTHER/serial.o
                               0x7deb (size before relaxing)
 .debug_str     0x0000ba84       0x87 ./src/MODE/mode_BluetoothSetting.o
                               0x3d24 (size before relaxing)
 .debug_str     0x0000bb0b      0x328 ./src/MAIN/MainFunction.o
                               0x77bf (size before relaxing)
 .debug_str     0x0000be33       0xf8 ./src/MAIN/UserInterface.o
                               0x73ea (size before relaxing)
 .debug_str     0x0000bf2b       0x37 ./src/MAIN/main.o
                               0x8e82 (size before relaxing)
 .debug_str     0x0000bf62      0x1ef ./src/MAIN/mpu9250.o
                               0x45ce (size before relaxing)
 .debug_str     0x0000c151       0x7a ./src/MAIN/tinyMathFunctions.o
                               0x3ee7 (size before relaxing)
 .debug_str     0x0000c1cb      0x4a5 C:\Users\ryota\OneDrive\RT working\github\RT-USB-9AXIS-00\LPCXpresso Sample Program\workspace\CMSISv1p30_LPC13xx\Debug\libCMSISv1p30_LPC13xx.a(system_LPC13xx.o)
                               0x77f8 (size before relaxing)

.comment        0x00000000       0x70
 .comment       0x00000000       0x70 ./src/USB/cdcuser.o
                                 0x71 (size before relaxing)
 .comment       0x00000000       0x71 ./src/USB/usbcore.o
 .comment       0x00000000       0x71 ./src/USB/usbdesc.o
 .comment       0x00000000       0x71 ./src/USB/usbhw.o
 .comment       0x00000000       0x71 ./src/USB/usbuser.o
 .comment       0x00000000       0x71 ./src/PERIPHERAL/SystemTickTimer.o
 .comment       0x00000000       0x71 ./src/PERIPHERAL/ad.o
 .comment       0x00000000       0x71 ./src/PERIPHERAL/debug.o
 .comment       0x00000000       0x71 ./src/PERIPHERAL/i2c.o
 .comment       0x00000000       0x71 ./src/PERIPHERAL/io.o
 .comment       0x00000000       0x71 ./src/PERIPHERAL/ssp.o
 .comment       0x00000000       0x71 ./src/PERIPHERAL/timer.o
 .comment       0x00000000       0x71 ./src/PERIPHERAL/uart.o
 .comment       0x00000000       0x71 ./src/PERIPHERAL/usbTransmission.o
 .comment       0x00000000       0x71 ./src/OTHER/cr_startup_lpc13xx.o
 .comment       0x00000000       0x71 ./src/OTHER/crp.o
 .comment       0x00000000       0x71 ./src/OTHER/serial.o
 .comment       0x00000000       0x71 ./src/MODE/mode_BluetoothSetting.o
 .comment       0x00000000       0x71 ./src/MAIN/MainFunction.o
 .comment       0x00000000       0x71 ./src/MAIN/UserInterface.o
 .comment       0x00000000       0x71 ./src/MAIN/main.o
 .comment       0x00000000       0x71 ./src/MAIN/mpu9250.o
 .comment       0x00000000       0x71 ./src/MAIN/tinyMathFunctions.o
 .comment       0x00000000       0x71 C:\Users\ryota\OneDrive\RT working\github\RT-USB-9AXIS-00\LPCXpresso Sample Program\workspace\CMSISv1p30_LPC13xx\Debug\libCMSISv1p30_LPC13xx.a(system_LPC13xx.o)
 .comment       0x00000000       0x71 c:/nxp/lpcxpresso_7.7.2_379/lpcxpresso/tools/bin/../lib/gcc/arm-none-eabi/4.9.3/../../../../arm-none-eabi/lib/armv7-m\libcr_semihost.a(_cr__main.o)
 .comment       0x00000000       0x71 c:/nxp/lpcxpresso_7.7.2_379/lpcxpresso/tools/bin/../lib/gcc/arm-none-eabi/4.9.3/../../../../arm-none-eabi/lib/armv7-m\libcr_c.a(memcpy.o)
 .comment       0x00000000       0x71 c:/nxp/lpcxpresso_7.7.2_379/lpcxpresso/tools/bin/../lib/gcc/arm-none-eabi/4.9.3/../../../../arm-none-eabi/lib/armv7-m\libcr_c.a(fpprintf.o)
 .comment       0x00000000       0x71 c:/nxp/lpcxpresso_7.7.2_379/lpcxpresso/tools/bin/../lib/gcc/arm-none-eabi/4.9.3/../../../../arm-none-eabi/lib/armv7-m\libcr_c.a(initio.o)
 .comment       0x00000000       0x71 c:/nxp/lpcxpresso_7.7.2_379/lpcxpresso/tools/bin/../lib/gcc/arm-none-eabi/4.9.3/../../../../arm-none-eabi/lib/armv7-m\libcr_c.a(printf.o)
 .comment       0x00000000       0x71 c:/nxp/lpcxpresso_7.7.2_379/lpcxpresso/tools/bin/../lib/gcc/arm-none-eabi/4.9.3/../../../../arm-none-eabi/lib/armv7-m\libcr_c.a(setvbuf.o)
 .comment       0x00000000       0x71 c:/nxp/lpcxpresso_7.7.2_379/lpcxpresso/tools/bin/../lib/gcc/arm-none-eabi/4.9.3/../../../../arm-none-eabi/lib/armv7-m\libcr_c.a(stdio.o)
 .comment       0x00000000       0x71 c:/nxp/lpcxpresso_7.7.2_379/lpcxpresso/tools/bin/../lib/gcc/arm-none-eabi/4.9.3/../../../../arm-none-eabi/lib/armv7-m\libcr_c.a(strlen.o)
 .comment       0x00000000       0x71 c:/nxp/lpcxpresso_7.7.2_379/lpcxpresso/tools/bin/../lib/gcc/arm-none-eabi/4.9.3/../../../../arm-none-eabi/lib/armv7-m\libcr_c.a(memset.o)
 .comment       0x00000000       0x71 c:/nxp/lpcxpresso_7.7.2_379/lpcxpresso/tools/bin/../lib/gcc/arm-none-eabi/4.9.3/../../../../arm-none-eabi/lib/armv7-m\libcr_c.a(_deferredlazyseek.o)
 .comment       0x00000000       0x71 c:/nxp/lpcxpresso_7.7.2_379/lpcxpresso/tools/bin/../lib/gcc/arm-none-eabi/4.9.3/../../../../arm-none-eabi/lib/armv7-m\libcr_c.a(_fdopen.o)
 .comment       0x00000000       0x71 c:/nxp/lpcxpresso_7.7.2_379/lpcxpresso/tools/bin/../lib/gcc/arm-none-eabi/4.9.3/../../../../arm-none-eabi/lib/armv7-m\libcr_c.a(_fflush.o)
 .comment       0x00000000       0x71 c:/nxp/lpcxpresso_7.7.2_379/lpcxpresso/tools/bin/../lib/gcc/arm-none-eabi/4.9.3/../../../../arm-none-eabi/lib/armv7-m\libcr_c.a(_frexpl.o)
 .comment       0x00000000       0x71 c:/nxp/lpcxpresso_7.7.2_379/lpcxpresso/tools/bin/../lib/gcc/arm-none-eabi/4.9.3/../../../../arm-none-eabi/lib/armv7-m\libcr_c.a(_ldexpl.o)
 .comment       0x00000000       0x71 c:/nxp/lpcxpresso_7.7.2_379/lpcxpresso/tools/bin/../lib/gcc/arm-none-eabi/4.9.3/../../../../arm-none-eabi/lib/armv7-m\libcr_c.a(_writebuf.o)
 .comment       0x00000000       0x71 c:/nxp/lpcxpresso_7.7.2_379/lpcxpresso/tools/bin/../lib/gcc/arm-none-eabi/4.9.3/../../../../arm-none-eabi/lib/armv7-m\libcr_c.a(alloc.o)
 .comment       0x00000000       0x71 c:/nxp/lpcxpresso_7.7.2_379/lpcxpresso/tools/bin/../lib/gcc/arm-none-eabi/4.9.3/../../../../arm-none-eabi/lib/armv7-m\libcr_c.a(errno.o)
 .comment       0x00000000       0x71 c:/nxp/lpcxpresso_7.7.2_379/lpcxpresso/tools/bin/../lib/gcc/arm-none-eabi/4.9.3/../../../../arm-none-eabi/lib/armv7-m\libcr_c.a(fclose.o)
 .comment       0x00000000       0x71 c:/nxp/lpcxpresso_7.7.2_379/lpcxpresso/tools/bin/../lib/gcc/arm-none-eabi/4.9.3/../../../../arm-none-eabi/lib/armv7-m\libcr_c.a(fflush.o)
 .comment       0x00000000       0x71 c:/nxp/lpcxpresso_7.7.2_379/lpcxpresso/tools/bin/../lib/gcc/arm-none-eabi/4.9.3/../../../../arm-none-eabi/lib/armv7-m\libcr_c.a(fseek.o)
 .comment       0x00000000       0x71 c:/nxp/lpcxpresso_7.7.2_379/lpcxpresso/tools/bin/../lib/gcc/arm-none-eabi/4.9.3/../../../../arm-none-eabi/lib/armv7-m\libcr_c.a(ftell.o)
 .comment       0x00000000       0x71 c:/nxp/lpcxpresso_7.7.2_379/lpcxpresso/tools/bin/../lib/gcc/arm-none-eabi/4.9.3/../../../../arm-none-eabi/lib/armv7-m\libcr_c.a(remove.o)
 .comment       0x00000000       0x71 c:/nxp/lpcxpresso_7.7.2_379/lpcxpresso/tools/bin/../lib/gcc/arm-none-eabi/4.9.3/../../../../arm-none-eabi/lib/armv7-m\libcr_c.a(__init_alloc.o)
 .comment       0x00000000       0x71 c:/nxp/lpcxpresso_7.7.2_379/lpcxpresso/tools/bin/../lib/gcc/arm-none-eabi/4.9.3/../../../../arm-none-eabi/lib/armv7-m\libcr_c.a(_cr_sbrk.o)
 .comment       0x00000000       0x71 c:/nxp/lpcxpresso_7.7.2_379/lpcxpresso/tools/bin/../lib/gcc/arm-none-eabi/4.9.3/../../../../arm-none-eabi/lib/armv7-m\libcr_c.a(_do_fflush.o)
 .comment       0x00000000       0x71 c:/nxp/lpcxpresso_7.7.2_379/lpcxpresso/tools/bin/../lib/gcc/arm-none-eabi/4.9.3/../../../../arm-none-eabi/lib/armv7-m\libcr_c.a(_hugeval.o)
 .comment       0x00000000       0x71 c:/nxp/lpcxpresso_7.7.2_379/lpcxpresso/tools/bin/../lib/gcc/arm-none-eabi/4.9.3/../../../../arm-none-eabi/lib/armv7-m\libcr_c.a(_cr_check_heap.o)
 .comment       0x00000000       0x71 c:/nxp/lpcxpresso_7.7.2_379/lpcxpresso/tools/bin/../lib/gcc/arm-none-eabi/4.9.3/armv7-m\libcr_eabihelpers.a(double.o)
 .comment       0x00000000       0x71 c:/nxp/lpcxpresso_7.7.2_379/lpcxpresso/tools/bin/../lib/gcc/arm-none-eabi/4.9.3/armv7-m\libcr_eabihelpers.a(float.o)

.ARM.attributes
                0x00000000       0x31
 .ARM.attributes
                0x00000000       0x33 ./src/USB/cdcuser.o
 .ARM.attributes
                0x00000033       0x33 ./src/USB/usbcore.o
 .ARM.attributes
                0x00000066       0x33 ./src/USB/usbdesc.o
 .ARM.attributes
                0x00000099       0x33 ./src/USB/usbhw.o
 .ARM.attributes
                0x000000cc       0x33 ./src/USB/usbuser.o
 .ARM.attributes
                0x000000ff       0x33 ./src/PERIPHERAL/SystemTickTimer.o
 .ARM.attributes
                0x00000132       0x33 ./src/PERIPHERAL/ad.o
 .ARM.attributes
                0x00000165       0x33 ./src/PERIPHERAL/debug.o
 .ARM.attributes
                0x00000198       0x33 ./src/PERIPHERAL/i2c.o
 .ARM.attributes
                0x000001cb       0x33 ./src/PERIPHERAL/io.o
 .ARM.attributes
                0x000001fe       0x33 ./src/PERIPHERAL/ssp.o
 .ARM.attributes
                0x00000231       0x33 ./src/PERIPHERAL/timer.o
 .ARM.attributes
                0x00000264       0x33 ./src/PERIPHERAL/uart.o
 .ARM.attributes
                0x00000297       0x33 ./src/PERIPHERAL/usbTransmission.o
 .ARM.attributes
                0x000002ca       0x33 ./src/OTHER/cr_startup_lpc13xx.o
 .ARM.attributes
                0x000002fd       0x33 ./src/OTHER/crp.o
 .ARM.attributes
                0x00000330       0x33 ./src/OTHER/serial.o
 .ARM.attributes
                0x00000363       0x33 ./src/MODE/mode_BluetoothSetting.o
 .ARM.attributes
                0x00000396       0x33 ./src/MAIN/MainFunction.o
 .ARM.attributes
                0x000003c9       0x33 ./src/MAIN/UserInterface.o
 .ARM.attributes
                0x000003fc       0x33 ./src/MAIN/main.o
 .ARM.attributes
                0x0000042f       0x33 ./src/MAIN/mpu9250.o
 .ARM.attributes
                0x00000462       0x33 ./src/MAIN/tinyMathFunctions.o
 .ARM.attributes
                0x00000495       0x33 C:\Users\ryota\OneDrive\RT working\github\RT-USB-9AXIS-00\LPCXpresso Sample Program\workspace\CMSISv1p30_LPC13xx\Debug\libCMSISv1p30_LPC13xx.a(system_LPC13xx.o)
 .ARM.attributes
                0x000004c8       0x33 c:/nxp/lpcxpresso_7.7.2_379/lpcxpresso/tools/bin/../lib/gcc/arm-none-eabi/4.9.3/../../../../arm-none-eabi/lib/armv7-m\libcr_semihost.a(_cr__main.o)
 .ARM.attributes
                0x000004fb       0x33 c:/nxp/lpcxpresso_7.7.2_379/lpcxpresso/tools/bin/../lib/gcc/arm-none-eabi/4.9.3/../../../../arm-none-eabi/lib/armv7-m\libcr_c.a(memcpy.o)
 .ARM.attributes
                0x0000052e       0x33 c:/nxp/lpcxpresso_7.7.2_379/lpcxpresso/tools/bin/../lib/gcc/arm-none-eabi/4.9.3/../../../../arm-none-eabi/lib/armv7-m\libcr_c.a(fpprintf.o)
 .ARM.attributes
                0x00000561       0x33 c:/nxp/lpcxpresso_7.7.2_379/lpcxpresso/tools/bin/../lib/gcc/arm-none-eabi/4.9.3/../../../../arm-none-eabi/lib/armv7-m\libcr_c.a(initio.o)
 .ARM.attributes
                0x00000594       0x33 c:/nxp/lpcxpresso_7.7.2_379/lpcxpresso/tools/bin/../lib/gcc/arm-none-eabi/4.9.3/../../../../arm-none-eabi/lib/armv7-m\libcr_c.a(printf.o)
 .ARM.attributes
                0x000005c7       0x33 c:/nxp/lpcxpresso_7.7.2_379/lpcxpresso/tools/bin/../lib/gcc/arm-none-eabi/4.9.3/../../../../arm-none-eabi/lib/armv7-m\libcr_c.a(setvbuf.o)
 .ARM.attributes
                0x000005fa       0x33 c:/nxp/lpcxpresso_7.7.2_379/lpcxpresso/tools/bin/../lib/gcc/arm-none-eabi/4.9.3/../../../../arm-none-eabi/lib/armv7-m\libcr_c.a(stdio.o)
 .ARM.attributes
                0x0000062d       0x33 c:/nxp/lpcxpresso_7.7.2_379/lpcxpresso/tools/bin/../lib/gcc/arm-none-eabi/4.9.3/../../../../arm-none-eabi/lib/armv7-m\libcr_c.a(strlen.o)
 .ARM.attributes
                0x00000660       0x33 c:/nxp/lpcxpresso_7.7.2_379/lpcxpresso/tools/bin/../lib/gcc/arm-none-eabi/4.9.3/../../../../arm-none-eabi/lib/armv7-m\libcr_c.a(memset.o)
 .ARM.attributes
                0x00000693       0x33 c:/nxp/lpcxpresso_7.7.2_379/lpcxpresso/tools/bin/../lib/gcc/arm-none-eabi/4.9.3/../../../../arm-none-eabi/lib/armv7-m\libcr_c.a(_deferredlazyseek.o)
 .ARM.attributes
                0x000006c6       0x33 c:/nxp/lpcxpresso_7.7.2_379/lpcxpresso/tools/bin/../lib/gcc/arm-none-eabi/4.9.3/../../../../arm-none-eabi/lib/armv7-m\libcr_c.a(_fdopen.o)
 .ARM.attributes
                0x000006f9       0x33 c:/nxp/lpcxpresso_7.7.2_379/lpcxpresso/tools/bin/../lib/gcc/arm-none-eabi/4.9.3/../../../../arm-none-eabi/lib/armv7-m\libcr_c.a(_fflush.o)
 .ARM.attributes
                0x0000072c       0x33 c:/nxp/lpcxpresso_7.7.2_379/lpcxpresso/tools/bin/../lib/gcc/arm-none-eabi/4.9.3/../../../../arm-none-eabi/lib/armv7-m\libcr_c.a(_frexpl.o)
 .ARM.attributes
                0x0000075f       0x33 c:/nxp/lpcxpresso_7.7.2_379/lpcxpresso/tools/bin/../lib/gcc/arm-none-eabi/4.9.3/../../../../arm-none-eabi/lib/armv7-m\libcr_c.a(_ldexpl.o)
 .ARM.attributes
                0x00000792       0x33 c:/nxp/lpcxpresso_7.7.2_379/lpcxpresso/tools/bin/../lib/gcc/arm-none-eabi/4.9.3/../../../../arm-none-eabi/lib/armv7-m\libcr_c.a(_writebuf.o)
 .ARM.attributes
                0x000007c5       0x33 c:/nxp/lpcxpresso_7.7.2_379/lpcxpresso/tools/bin/../lib/gcc/arm-none-eabi/4.9.3/../../../../arm-none-eabi/lib/armv7-m\libcr_c.a(alloc.o)
 .ARM.attributes
                0x000007f8       0x33 c:/nxp/lpcxpresso_7.7.2_379/lpcxpresso/tools/bin/../lib/gcc/arm-none-eabi/4.9.3/../../../../arm-none-eabi/lib/armv7-m\libcr_c.a(errno.o)
 .ARM.attributes
                0x0000082b       0x33 c:/nxp/lpcxpresso_7.7.2_379/lpcxpresso/tools/bin/../lib/gcc/arm-none-eabi/4.9.3/../../../../arm-none-eabi/lib/armv7-m\libcr_c.a(fclose.o)
 .ARM.attributes
                0x0000085e       0x33 c:/nxp/lpcxpresso_7.7.2_379/lpcxpresso/tools/bin/../lib/gcc/arm-none-eabi/4.9.3/../../../../arm-none-eabi/lib/armv7-m\libcr_c.a(fflush.o)
 .ARM.attributes
                0x00000891       0x33 c:/nxp/lpcxpresso_7.7.2_379/lpcxpresso/tools/bin/../lib/gcc/arm-none-eabi/4.9.3/../../../../arm-none-eabi/lib/armv7-m\libcr_c.a(fseek.o)
 .ARM.attributes
                0x000008c4       0x33 c:/nxp/lpcxpresso_7.7.2_379/lpcxpresso/tools/bin/../lib/gcc/arm-none-eabi/4.9.3/../../../../arm-none-eabi/lib/armv7-m\libcr_c.a(ftell.o)
 .ARM.attributes
                0x000008f7       0x33 c:/nxp/lpcxpresso_7.7.2_379/lpcxpresso/tools/bin/../lib/gcc/arm-none-eabi/4.9.3/../../../../arm-none-eabi/lib/armv7-m\libcr_c.a(remove.o)
 .ARM.attributes
                0x0000092a       0x33 c:/nxp/lpcxpresso_7.7.2_379/lpcxpresso/tools/bin/../lib/gcc/arm-none-eabi/4.9.3/../../../../arm-none-eabi/lib/armv7-m\libcr_c.a(__init_alloc.o)
 .ARM.attributes
                0x0000095d       0x33 c:/nxp/lpcxpresso_7.7.2_379/lpcxpresso/tools/bin/../lib/gcc/arm-none-eabi/4.9.3/../../../../arm-none-eabi/lib/armv7-m\libcr_c.a(_cr_sbrk.o)
 .ARM.attributes
                0x00000990       0x33 c:/nxp/lpcxpresso_7.7.2_379/lpcxpresso/tools/bin/../lib/gcc/arm-none-eabi/4.9.3/../../../../arm-none-eabi/lib/armv7-m\libcr_c.a(_do_fflush.o)
 .ARM.attributes
                0x000009c3       0x33 c:/nxp/lpcxpresso_7.7.2_379/lpcxpresso/tools/bin/../lib/gcc/arm-none-eabi/4.9.3/../../../../arm-none-eabi/lib/armv7-m\libcr_c.a(_hugeval.o)
 .ARM.attributes
                0x000009f6       0x33 c:/nxp/lpcxpresso_7.7.2_379/lpcxpresso/tools/bin/../lib/gcc/arm-none-eabi/4.9.3/../../../../arm-none-eabi/lib/armv7-m\libcr_c.a(_cr_check_heap.o)
 .ARM.attributes
                0x00000a29       0x33 c:/nxp/lpcxpresso_7.7.2_379/lpcxpresso/tools/bin/../lib/gcc/arm-none-eabi/4.9.3/armv7-m\libcr_eabihelpers.a(double.o)
 .ARM.attributes
                0x00000a5c       0x33 c:/nxp/lpcxpresso_7.7.2_379/lpcxpresso/tools/bin/../lib/gcc/arm-none-eabi/4.9.3/armv7-m\libcr_eabihelpers.a(float.o)
 .ARM.attributes
                0x00000a8f       0x21 c:/nxp/lpcxpresso_7.7.2_379/lpcxpresso/tools/bin/../lib/gcc/arm-none-eabi/4.9.3/armv7-m\libcr_eabihelpers.a(memcpy.o)
 .ARM.attributes
                0x00000ab0       0x21 c:/nxp/lpcxpresso_7.7.2_379/lpcxpresso/tools/bin/../lib/gcc/arm-none-eabi/4.9.3/../../../../arm-none-eabi/lib/armv7-m\libcr_semihost.a(__sys_appexit.o)
 .ARM.attributes
                0x00000ad1       0x21 c:/nxp/lpcxpresso_7.7.2_379/lpcxpresso/tools/bin/../lib/gcc/arm-none-eabi/4.9.3/../../../../arm-none-eabi/lib/armv7-m\libcr_semihost.a(__sys_close.o)
 .ARM.attributes
                0x00000af2       0x21 c:/nxp/lpcxpresso_7.7.2_379/lpcxpresso/tools/bin/../lib/gcc/arm-none-eabi/4.9.3/../../../../arm-none-eabi/lib/armv7-m\libcr_semihost.a(__sys_flen.o)
 .ARM.attributes
                0x00000b13       0x21 c:/nxp/lpcxpresso_7.7.2_379/lpcxpresso/tools/bin/../lib/gcc/arm-none-eabi/4.9.3/../../../../arm-none-eabi/lib/armv7-m\libcr_semihost.a(__sys_istty.o)
 .ARM.attributes
                0x00000b34       0x21 c:/nxp/lpcxpresso_7.7.2_379/lpcxpresso/tools/bin/../lib/gcc/arm-none-eabi/4.9.3/../../../../arm-none-eabi/lib/armv7-m\libcr_semihost.a(__sys_remove.o)
 .ARM.attributes
                0x00000b55       0x21 c:/nxp/lpcxpresso_7.7.2_379/lpcxpresso/tools/bin/../lib/gcc/arm-none-eabi/4.9.3/../../../../arm-none-eabi/lib/armv7-m\libcr_semihost.a(__sys_seek.o)
 .ARM.attributes
                0x00000b76       0x21 c:/nxp/lpcxpresso_7.7.2_379/lpcxpresso/tools/bin/../lib/gcc/arm-none-eabi/4.9.3/../../../../arm-none-eabi/lib/armv7-m\libcr_semihost.a(__sys_tmpnam.o)
 .ARM.attributes
                0x00000b97       0x21 c:/nxp/lpcxpresso_7.7.2_379/lpcxpresso/tools/bin/../lib/gcc/arm-none-eabi/4.9.3/../../../../arm-none-eabi/lib/armv7-m\libcr_semihost.a(__sys_write.o)

.debug_frame    0x00000000      0xf98
 .debug_frame   0x00000000      0x170 ./src/USB/cdcuser.o
 .debug_frame   0x00000170      0x180 ./src/USB/usbcore.o
 .debug_frame   0x000002f0      0x28c ./src/USB/usbhw.o
 .debug_frame   0x0000057c       0x9c ./src/USB/usbuser.o
 .debug_frame   0x00000618       0x88 ./src/PERIPHERAL/SystemTickTimer.o
 .debug_frame   0x000006a0       0x30 ./src/PERIPHERAL/ad.o
 .debug_frame   0x000006d0       0x80 ./src/PERIPHERAL/debug.o
 .debug_frame   0x00000750       0x68 ./src/PERIPHERAL/i2c.o
 .debug_frame   0x000007b8       0x20 ./src/PERIPHERAL/io.o
 .debug_frame   0x000007d8       0x68 ./src/PERIPHERAL/ssp.o
 .debug_frame   0x00000840       0x70 ./src/PERIPHERAL/timer.o
 .debug_frame   0x000008b0       0x4c ./src/PERIPHERAL/uart.o
 .debug_frame   0x000008fc       0x7c ./src/PERIPHERAL/usbTransmission.o
 .debug_frame   0x00000978       0xf4 ./src/OTHER/cr_startup_lpc13xx.o
 .debug_frame   0x00000a6c       0xb0 ./src/OTHER/serial.o
 .debug_frame   0x00000b1c       0x28 ./src/MODE/mode_BluetoothSetting.o
 .debug_frame   0x00000b44       0x58 ./src/MAIN/MainFunction.o
 .debug_frame   0x00000b9c       0xe4 ./src/MAIN/UserInterface.o
 .debug_frame   0x00000c80       0x40 ./src/MAIN/main.o
 .debug_frame   0x00000cc0      0x1f4 ./src/MAIN/mpu9250.o
 .debug_frame   0x00000eb4       0x68 ./src/MAIN/tinyMathFunctions.o
 .debug_frame   0x00000f1c       0x7c C:\Users\ryota\OneDrive\RT working\github\RT-USB-9AXIS-00\LPCXpresso Sample Program\workspace\CMSISv1p30_LPC13xx\Debug\libCMSISv1p30_LPC13xx.a(system_LPC13xx.o)
