Archive member included because of file (symbol)

C:\Users\ryota\OneDrive\RT working\github\RT-USB-9AXIS-00\LPCXpresso Sample Program\workspace\CMSISv1p30_LPC13xx\Debug\libCMSISv1p30_LPC13xx.a(system_LPC13xx.o)
                              ./src/PERIPHERAL/ad.o (SystemCoreClock)
c:/nxp/lpcxpresso_7.7.2_379/lpcxpresso/tools/bin/../lib/gcc/arm-none-eabi/4.9.3/../../../../arm-none-eabi/lib/armv7-m\libcr_semihost.a(_cr__main.o)
                              ./src/OTHER/cr_startup_lpc13xx.o (__main)
c:/nxp/lpcxpresso_7.7.2_379/lpcxpresso/tools/bin/../lib/gcc/arm-none-eabi/4.9.3/../../../../arm-none-eabi/lib/armv7-m\libcr_c.a(memcpy.o)
                              ./src/PERIPHERAL/debug.o (memcpy)
c:/nxp/lpcxpresso_7.7.2_379/lpcxpresso/tools/bin/../lib/gcc/arm-none-eabi/4.9.3/../../../../arm-none-eabi/lib/armv7-m\libcr_c.a(fpprintf.o)
                              ./src/PERIPHERAL/debug.o (vsprintf)
c:/nxp/lpcxpresso_7.7.2_379/lpcxpresso/tools/bin/../lib/gcc/arm-none-eabi/4.9.3/../../../../arm-none-eabi/lib/armv7-m\libcr_c.a(initio.o)
                              c:/nxp/lpcxpresso_7.7.2_379/lpcxpresso/tools/bin/../lib/gcc/arm-none-eabi/4.9.3/../../../../arm-none-eabi/lib/armv7-m\libcr_semihost.a(_cr__main.o) (_initio)
c:/nxp/lpcxpresso_7.7.2_379/lpcxpresso/tools/bin/../lib/gcc/arm-none-eabi/4.9.3/../../../../arm-none-eabi/lib/armv7-m\libcr_c.a(printf.o)
                              c:/nxp/lpcxpresso_7.7.2_379/lpcxpresso/tools/bin/../lib/gcc/arm-none-eabi/4.9.3/../../../../arm-none-eabi/lib/armv7-m\libcr_c.a(fpprintf.o) (__vfprintf)
c:/nxp/lpcxpresso_7.7.2_379/lpcxpresso/tools/bin/../lib/gcc/arm-none-eabi/4.9.3/../../../../arm-none-eabi/lib/armv7-m\libcr_c.a(setvbuf.o)
                              c:/nxp/lpcxpresso_7.7.2_379/lpcxpresso/tools/bin/../lib/gcc/arm-none-eabi/4.9.3/../../../../arm-none-eabi/lib/armv7-m\libcr_c.a(initio.o) (setvbuf)
c:/nxp/lpcxpresso_7.7.2_379/lpcxpresso/tools/bin/../lib/gcc/arm-none-eabi/4.9.3/../../../../arm-none-eabi/lib/armv7-m\libcr_c.a(stdio.o)
                              c:/nxp/lpcxpresso_7.7.2_379/lpcxpresso/tools/bin/../lib/gcc/arm-none-eabi/4.9.3/../../../../arm-none-eabi/lib/armv7-m\libcr_c.a(fpprintf.o) (__Ciob)
c:/nxp/lpcxpresso_7.7.2_379/lpcxpresso/tools/bin/../lib/gcc/arm-none-eabi/4.9.3/../../../../arm-none-eabi/lib/armv7-m\libcr_c.a(strlen.o)
                              c:/nxp/lpcxpresso_7.7.2_379/lpcxpresso/tools/bin/../lib/gcc/arm-none-eabi/4.9.3/../../../../arm-none-eabi/lib/armv7-m\libcr_c.a(printf.o) (strlen)
c:/nxp/lpcxpresso_7.7.2_379/lpcxpresso/tools/bin/../lib/gcc/arm-none-eabi/4.9.3/../../../../arm-none-eabi/lib/armv7-m\libcr_c.a(memset.o)
                              c:/nxp/lpcxpresso_7.7.2_379/lpcxpresso/tools/bin/../lib/gcc/arm-none-eabi/4.9.3/../../../../arm-none-eabi/lib/armv7-m\libcr_c.a(fpprintf.o) (memset)
c:/nxp/lpcxpresso_7.7.2_379/lpcxpresso/tools/bin/../lib/gcc/arm-none-eabi/4.9.3/../../../../arm-none-eabi/lib/armv7-m\libcr_c.a(__fillbuf.o)
                              c:/nxp/lpcxpresso_7.7.2_379/lpcxpresso/tools/bin/../lib/gcc/arm-none-eabi/4.9.3/../../../../arm-none-eabi/lib/armv7-m\libcr_c.a(stdio.o) (__filbuf)
c:/nxp/lpcxpresso_7.7.2_379/lpcxpresso/tools/bin/../lib/gcc/arm-none-eabi/4.9.3/../../../../arm-none-eabi/lib/armv7-m\libcr_c.a(_deferredlazyseek.o)
                              c:/nxp/lpcxpresso_7.7.2_379/lpcxpresso/tools/bin/../lib/gcc/arm-none-eabi/4.9.3/../../../../arm-none-eabi/lib/armv7-m\libcr_c.a(__fillbuf.o) (_deferredlazyseek)
c:/nxp/lpcxpresso_7.7.2_379/lpcxpresso/tools/bin/../lib/gcc/arm-none-eabi/4.9.3/../../../../arm-none-eabi/lib/armv7-m\libcr_c.a(_fdopen.o)
                              c:/nxp/lpcxpresso_7.7.2_379/lpcxpresso/tools/bin/../lib/gcc/arm-none-eabi/4.9.3/../../../../arm-none-eabi/lib/armv7-m\libcr_c.a(initio.o) (_fdopen)
c:/nxp/lpcxpresso_7.7.2_379/lpcxpresso/tools/bin/../lib/gcc/arm-none-eabi/4.9.3/../../../../arm-none-eabi/lib/armv7-m\libcr_c.a(_fflush.o)
                              c:/nxp/lpcxpresso_7.7.2_379/lpcxpresso/tools/bin/../lib/gcc/arm-none-eabi/4.9.3/../../../../arm-none-eabi/lib/armv7-m\libcr_c.a(__fillbuf.o) (_fflush)
c:/nxp/lpcxpresso_7.7.2_379/lpcxpresso/tools/bin/../lib/gcc/arm-none-eabi/4.9.3/../../../../arm-none-eabi/lib/armv7-m\libcr_c.a(_frexpl.o)
                              c:/nxp/lpcxpresso_7.7.2_379/lpcxpresso/tools/bin/../lib/gcc/arm-none-eabi/4.9.3/../../../../arm-none-eabi/lib/armv7-m\libcr_c.a(fpprintf.o) (_frexpl)
c:/nxp/lpcxpresso_7.7.2_379/lpcxpresso/tools/bin/../lib/gcc/arm-none-eabi/4.9.3/../../../../arm-none-eabi/lib/armv7-m\libcr_c.a(_ldexpl.o)
                              c:/nxp/lpcxpresso_7.7.2_379/lpcxpresso/tools/bin/../lib/gcc/arm-none-eabi/4.9.3/../../../../arm-none-eabi/lib/armv7-m\libcr_c.a(fpprintf.o) (_ldexpl)
c:/nxp/lpcxpresso_7.7.2_379/lpcxpresso/tools/bin/../lib/gcc/arm-none-eabi/4.9.3/../../../../arm-none-eabi/lib/armv7-m\libcr_c.a(_writebuf.o)
[...]
Memory Configuration

Name             Origin             Length             Attributes
MFlash32         0x00000000         0x00008000         xr
RamLoc8          0x10000000         0x00002000         xrw
*default*        0x00000000         0xffffffff

Linker script and memory map

LOAD ./src/USB/cdcuser.o
LOAD ./src/USB/usbcore.o
LOAD ./src/USB/usbdesc.o
LOAD ./src/USB/usbhw.o
LOAD ./src/USB/usbuser.o
LOAD ./src/PERIPHERAL/SystemTickTimer.o
LOAD ./src/PERIPHERAL/ad.o
LOAD ./src/PERIPHERAL/debug.o
LOAD ./src/PERIPHERAL/i2c.o
LOAD ./src/PERIPHERAL/io.o
LOAD ./src/PERIPHERAL/pwm.o
LOAD ./src/PERIPHERAL/ssp.o
LOAD ./src/PERIPHERAL/timer.o
LOAD ./src/PERIPHERAL/uart.o
LOAD ./src/PERIPHERAL/usbTransmission.o
LOAD ./src/OTHER/cr_startup_lpc13xx.o
LOAD ./src/OTHER/crp.o
LOAD ./src/OTHER/serial.o
LOAD ./src/MODE/modeSelect.o
LOAD ./src/MODE/mode_calibAccXY.o
LOAD ./src/MODE/mode_calibAccZ.o
LOAD ./src/MODE/mode_calibMag.o
LOAD ./src/MODE/mode_calibOmega.o
LOAD ./src/MODE/mode_clearOffset.o
LOAD ./src/MODE/mode_outputSelect.o
LOAD ./src/MODE/mode_viewAllData.o
LOAD ./src/MODE/mode_viewEEPROMData.o
LOAD ./src/MAIN/EEPROM_24LC16BT_I.o
LOAD ./src/MAIN/MainFunction.o
LOAD ./src/MAIN/UserInterface.o
LOAD ./src/MAIN/imu.o
LOAD ./src/MAIN/main.o
LOAD ./src/MAIN/mpu9250.o
LOAD ./src/MAIN/tinyMathFunctions.o
LOAD C:\Users\ryota\OneDrive\RT working\github\RT-USB-9AXIS-00\LPCXpresso Sample Program\workspace\CMSISv1p30_LPC13xx\Debug\libCMSISv1p30_LPC13xx.a
START GROUP
LOAD c:/nxp/lpcxpresso_7.7.2_379/lpcxpresso/tools/bin/../lib/gcc/arm-none-eabi/4.9.3/../../../../arm-none-eabi/lib/armv7-m\libcr_semihost.a
LOAD c:/nxp/lpcxpresso_7.7.2_379/lpcxpresso/tools/bin/../lib/gcc/arm-none-eabi/4.9.3/../../../../arm-none-eabi/lib/armv7-m\libcr_c.a
LOAD c:/nxp/lpcxpresso_7.7.2_379/lpcxpresso/tools/bin/../lib/gcc/arm-none-eabi/4.9.3/armv7-m\libcr_eabihelpers.a
END GROUP
                0x00008000                __top_MFlash32 = 0x8000
                0x10002000                __top_RamLoc8 = 0x10002000

.text           0x00000000     0x6bd0
 FILL mask 0xff
                0x00000000                __vectors_start__ = ABSOLUTE (.)
 *(.isr_vector)
 .isr_vector    0x00000000      0x128 ./src/OTHER/cr_startup_lpc13xx.o
                0x00000000                g_pfnVectors
                0x00000128                . = ALIGN (0x4)
                0x00000128                __section_table_start = .
                0x00000128                __data_section_table = .
                0x00000128        0x4 LONG 0x6bd0 LOADADDR (.data)
                0x0000012c        0x4 LONG 0x10000000 ADDR (.data)
                0x00000130        0x4 LONG 0x1c SIZEOF (.data)
                0x00000134                __data_section_table_end = .
                0x00000134                __bss_section_table = .
                0x00000134        0x4 LONG 0x1000001c ADDR (.bss)
                0x00000138        0x4 LONG 0x690 SIZEOF (.bss)
                0x0000013c                __bss_section_table_end = .
                0x0000013c                __section_table_end = .
 *(.after_vectors*)
 .after_vectors
                0x0000013c       0xa0 ./src/OTHER/cr_startup_lpc13xx.o
                0x0000013c                NMI_Handler
                0x00000140                HardFault_Handler
                0x00000144                MemManage_Handler
                0x00000148                BusFault_Handler
                0x0000014c                UsageFault_Handler
                0x00000150                SVC_Handler
                0x00000154                DebugMon_Handler
                0x00000158                PendSV_Handler
                0x00000160                PIOINT1_IRQHandler
                0x00000160                IntDefaultHandler
                0x00000160                TIMER16_1_IRQHandler
                0x00000160                USB_FIQHandler
                0x00000160                ADC_IRQHandler
                0x00000160                SSP1_IRQHandler
                0x00000160                PIOINT2_IRQHandler
                0x00000160                BOD_IRQHandler
                0x00000160                WAKEUP_IRQHandler
                0x00000160                PIOINT0_IRQHandler
                0x00000160                PIOINT3_IRQHandler
                0x00000160                WDT_IRQHandler
                0x00000160                TIMER16_0_IRQHandler
                0x00000160                FMC_IRQHandler
                0x00000164                data_init
                0x00000180                bss_init
                0x00000194                ResetISR
                0x000002fc                . = 0x2fc
 *fill*         0x000001dc      0x120 ff
                0x000002fc                PROVIDE (__CRP_WORD_START__, .)
 *(.crp)
 .crp           0x000002fc        0x4 ./src/OTHER/crp.o
                0x000002fc                CRP_WORD
                0x00000300                PROVIDE (__CRP_WORD_END__, .)
                0x00000001                ASSERT (! ((__CRP_WORD_START__ == __CRP_WORD_END__)), Linker CRP Enabled, but no CRP_WORD provided within application)
 *(.text*)
 .text.CDC_WrOutBuf
                0x00000300       0x2c ./src/USB/cdcuser.o
                0x00000300                CDC_WrOutBuf
 .text.CDC_SendEncapsulatedCommand
                0x0000032c        0x4 ./src/USB/cdcuser.o
                0x0000032c                CDC_SendEncapsulatedCommand
 .text.CDC_GetEncapsulatedResponse
                0x00000330        0x4 ./src/USB/cdcuser.o
                0x00000330                CDC_GetEncapsulatedResponse
 .text.CDC_SetCommFeature
                0x00000334        0x4 ./src/USB/cdcuser.o
                0x00000334                CDC_SetCommFeature
 .text.CDC_GetCommFeature
                0x00000338        0x4 ./src/USB/cdcuser.o
                0x00000338                CDC_GetCommFeature
 .text.CDC_ClearCommFeature
                0x0000033c        0x4 ./src/USB/cdcuser.o
                0x0000033c                CDC_ClearCommFeature
 .text.CDC_SetLineCoding
                0x00000340       0x48 ./src/USB/cdcuser.o
                0x00000340                CDC_SetLineCoding
 .text.CDC_GetLineCoding
                0x00000388       0x2c ./src/USB/cdcuser.o
                0x00000388                CDC_GetLineCoding
 .text.CDC_SetControlLineState
                0x000003b4        0x4 ./src/USB/cdcuser.o
                0x000003b4                CDC_SetControlLineState
 .text.CDC_SendBreak
                0x000003b8        0x4 ./src/USB/cdcuser.o
                0x000003b8                CDC_SendBreak
 .text.CDC_BulkIn
                0x000003bc       0x34 ./src/USB/cdcuser.o
                0x000003bc                CDC_BulkIn
 .text.CDC_BulkOut
                0x000003f0       0x24 ./src/USB/cdcuser.o
                0x000003f0                CDC_BulkOut
 .text.CDC_GetSerialState
                0x00000414       0xb0 ./src/USB/cdcuser.o
                0x00000414                CDC_GetSerialState
 .text.CDC_NotificationIn
                0x000004c4       0x40 ./src/USB/cdcuser.o
                0x000004c4                CDC_NotificationIn
 .text.USB_ResetCore
                0x00000504       0x38 ./src/USB/usbcore.o
                0x00000504                USB_ResetCore
 .text.USB_SetupStage
                0x0000053c       0x10 ./src/USB/usbcore.o
                0x0000053c                USB_SetupStage
 .text.USB_DataInStage
                0x0000054c       0x28 ./src/USB/usbcore.o
                0x0000054c                USB_DataInStage
 .text.USB_DataOutStage
                0x00000574       0x20 ./src/USB/usbcore.o
                0x00000574                USB_DataOutStage
 .text.USB_StatusInStage
                0x00000594       0x10 ./src/USB/usbcore.o
                0x00000594                USB_StatusInStage
 .text.USB_StatusOutStage
                0x000005a4       0x10 ./src/USB/usbcore.o
                0x000005a4                USB_StatusOutStage
 .text.USB_EndPoint0
                0x000005b4      0x83c ./src/USB/usbcore.o
                0x000005b4                USB_EndPoint0
 .text.USBIOClkConfig
                0x00000df0       0x60 ./src/USB/usbhw.o
                0x00000df0                USBIOClkConfig
 .text.EPAdr    0x00000e50       0x14 ./src/USB/usbhw.o
                0x00000e50                EPAdr
 .text.WrCmd    0x00000e64       0x1c ./src/USB/usbhw.o
                0x00000e64                WrCmd
 .text.WrCmdDat
                0x00000e80       0x10 ./src/USB/usbhw.o
                0x00000e80                WrCmdDat
 .text.WrCmdEP  0x00000e90       0x1c ./src/USB/usbhw.o
                0x00000e90                WrCmdEP
 .text.RdCmdDat
                0x00000eac       0x20 ./src/USB/usbhw.o
                0x00000eac                RdCmdDat
 .text.USB_Connect
                0x00000ecc       0x1c ./src/USB/usbhw.o
                0x00000ecc                USB_Connect
 .text.USB_Reset
                0x00000ee8       0x18 ./src/USB/usbhw.o
                0x00000ee8                USB_Reset
 .text.USB_WakeUpCfg
                0x00000f00        0x4 ./src/USB/usbhw.o
                0x00000f00                USB_WakeUpCfg
 .text.USB_SetAddress
                0x00000f04       0x24 ./src/USB/usbhw.o
                0x00000f04                USB_SetAddress
 .text.USB_Init
                0x00000f28       0x1c ./src/USB/usbhw.o
                0x00000f28                USB_Init
 .text.USB_Configure
                0x00000f44       0x1c ./src/USB/usbhw.o
                0x00000f44                USB_Configure
 .text.USB_ConfigEP
                0x00000f60        0x4 ./src/USB/usbhw.o
                0x00000f60                USB_ConfigEP
 .text.USB_DirCtrlEP
                0x00000f64        0x4 ./src/USB/usbhw.o
                0x00000f64                USB_DirCtrlEP
 .text.USB_EnableEP
                0x00000f68       0x1c ./src/USB/usbhw.o
                0x00000f68                USB_EnableEP
 .text.USB_DisableEP
                0x00000f84       0x1c ./src/USB/usbhw.o
                0x00000f84                USB_DisableEP
 .text.USB_ResetEP
                0x00000fa0       0x1c ./src/USB/usbhw.o
                0x00000fa0                USB_ResetEP
 .text.USB_SetStallEP
                0x00000fbc       0x1c ./src/USB/usbhw.o
                0x00000fbc                USB_SetStallEP
 .text.USB_ClrStallEP
                0x00000fd8       0x1c ./src/USB/usbhw.o
                0x00000fd8                USB_ClrStallEP
 .text.USB_ReadEP
                0x00000ff4       0x4c ./src/USB/usbhw.o
                0x00000ff4                USB_ReadEP
 .text.USB_WriteEP
                0x00001040       0x44 ./src/USB/usbhw.o
                0x00001040                USB_WriteEP
 .text.USB_IRQHandler
                0x00001084       0xbc ./src/USB/usbhw.o
                0x00001084                USB_IRQHandler
 .text.USB_EndPoint1
                0x00001140       0x24 ./src/USB/usbuser.o
                0x00001140                USB_EndPoint1
 .text.USB_EndPoint3
                0x00001164       0x18 ./src/USB/usbuser.o
                0x00001164                USB_EndPoint3
 .text.USB_Reset_Event
                0x0000117c        0x8 ./src/USB/usbuser.o
                0x0000117c                USB_Reset_Event
 .text.USB_Suspend_Event
                0x00001184        0x4 ./src/USB/usbuser.o
                0x00001184                USB_Suspend_Event
 .text.USB_Resume_Event
                0x00001188        0x4 ./src/USB/usbuser.o
                0x00001188                USB_Resume_Event
 .text.USB_Configure_Event
                0x0000118c        0x4 ./src/USB/usbuser.o
                0x0000118c                USB_Configure_Event
 .text.initSystemTickTimer
                0x00001190       0x24 ./src/PERIPHERAL/SystemTickTimer.o
 .text.wait1msec
                0x000011b4       0x40 ./src/PERIPHERAL/SystemTickTimer.o
                0x000011b4                wait1msec
 .text.time_count_start
                0x000011f4       0x20 ./src/PERIPHERAL/SystemTickTimer.o
                0x000011f4                time_count_start
 .text.time_count_end
                0x00001214       0x1c ./src/PERIPHERAL/SystemTickTimer.o
                0x00001214                time_count_end
 .text.SysTick_Handler
                0x00001230       0x1c ./src/PERIPHERAL/SystemTickTimer.o
                0x00001230                SysTick_Handler
 .text.myPrintfUSB
                0x0000124c       0x58 ./src/PERIPHERAL/debug.o
                0x0000124c                myPrintfUSB
 .text.I2C_IRQHandler
                0x000012a4      0x244 ./src/PERIPHERAL/i2c.o
                0x000012a4                I2C_IRQHandler
 .text.I2CStart
                0x000014e8       0x2c ./src/PERIPHERAL/i2c.o
                0x000014e8                I2CStart
 .text.I2CStop  0x00001514       0x1c ./src/PERIPHERAL/i2c.o
                0x00001514                I2CStop
 .text.I2CInit  0x00001530       0x6c ./src/PERIPHERAL/i2c.o
                0x00001530                I2CInit
 .text.I2CEngine
                0x0000159c       0x38 ./src/PERIPHERAL/i2c.o
                0x0000159c                I2CEngine
 .text.initIO   0x000015d4       0x3c ./src/PERIPHERAL/io.o
                0x000015d4                initIO
 .text.SSP_IRQHandler
                0x00001610       0x4c ./src/PERIPHERAL/ssp.o
                0x00001610                SSP_IRQHandler
 .text.initTimer32_0
                0x0000165c       0x40 ./src/PERIPHERAL/timer.o
                0x0000165c                initTimer32_0
 .text.startTimer32_0
                0x0000169c        0xc ./src/PERIPHERAL/timer.o
                0x0000169c                startTimer32_0
 .text.initTimer32_1
                0x000016a8       0x40 ./src/PERIPHERAL/timer.o
                0x000016a8                initTimer32_1
 .text.startTimer32_1
                0x000016e8        0xc ./src/PERIPHERAL/timer.o
                0x000016e8                startTimer32_1
 .text.stopTimer32_1
                0x000016f4        0xc ./src/PERIPHERAL/timer.o
                0x000016f4                stopTimer32_1
 .text.UART_IRQHandler
                0x00001700       0xb0 ./src/PERIPHERAL/uart.o
                0x00001700                UART_IRQHandler
 .text.UARTInit
                0x000017b0       0xd4 ./src/PERIPHERAL/uart.o
                0x000017b0                UARTInit
 .text.VCOM_SendData
                0x00001884       0x30 ./src/PERIPHERAL/usbTransmission.o
                0x00001884                VCOM_SendData
 .text.VCOM_CheckState
                0x000018b4       0x20 ./src/PERIPHERAL/usbTransmission.o
                0x000018b4                VCOM_CheckState
 .text.tryUSBConnect
                0x000018d4       0x78 ./src/PERIPHERAL/usbTransmission.o
                0x000018d4                tryUSBConnect
 .text.isUSBConfig
                0x0000194c        0xc ./src/PERIPHERAL/usbTransmission.o
                0x0000194c                isUSBConfig
 .text.ser_OpenPort
                0x00001958       0x5c ./src/OTHER/serial.o
                0x00001958                ser_OpenPort
 .text.ser_ClosePort
                0x000019b4       0x38 ./src/OTHER/serial.o
                0x000019b4                ser_ClosePort
 .text.ser_InitPort
                0x000019ec       0xc8 ./src/OTHER/serial.o
                0x000019ec                ser_InitPort
 .text.ser_Read
                0x00001ab4       0x3c ./src/OTHER/serial.o
                0x00001ab4                ser_Read
 .text.ser_AvailChar
                0x00001af0       0x18 ./src/OTHER/serial.o
                0x00001af0                ser_AvailChar
 .text.ser_LineState
                0x00001b08       0x10 ./src/OTHER/serial.o
                0x00001b08                ser_LineState
 .text.modeSelectInfo
                0x00001b18       0x98 ./src/MODE/modeSelect.o
 .text.modeSelect
                0x00001bb0      0x14c ./src/MODE/modeSelect.o
                0x00001bb0                modeSelect
 .text.mode_calibAccXY
                0x00001cfc       0x30 ./src/MODE/mode_calibAccXY.o
                0x00001cfc                mode_calibAccXY
 .text.mode_calibAccZ
                0x00001d2c       0x30 ./src/MODE/mode_calibAccZ.o
                0x00001d2c                mode_calibAccZ
 .text.mode_calibMag
                0x00001d5c       0x28 ./src/MODE/mode_calibMag.o
                0x00001d5c                mode_calibMag
 .text.mode_calibOmega
                0x00001d84       0x1c ./src/MODE/mode_calibOmega.o
                0x00001d84                mode_calibOmega
 .text.mode_clearOffset
                0x00001da0       0x44 ./src/MODE/mode_clearOffset.o
                0x00001da0                mode_clearOffset
 .text.outputModeSelectInfo
                0x00001de4       0x5c ./src/MODE/mode_outputSelect.o
 .text.mode_outputSelect
                0x00001e40       0xdc ./src/MODE/mode_outputSelect.o
                0x00001e40                mode_outputSelect
 .text.mode_viewAllData
                0x00001f1c       0x40 ./src/MODE/mode_viewAllData.o
                0x00001f1c                mode_viewAllData
 .text.mode_viewEEPROMData
                0x00001f5c       0x24 ./src/MODE/mode_viewEEPROMData.o
                0x00001f5c                mode_viewEEPROMData
 .text.write1byteEEPROM
                0x00001f80       0x38 ./src/MAIN/EEPROM_24LC16BT_I.o
                0x00001f80                write1byteEEPROM
 .text.read1byteEEPROM
                0x00001fb8       0x50 ./src/MAIN/EEPROM_24LC16BT_I.o
                0x00001fb8                read1byteEEPROM
 .text.writeNbyteEEPROM
                0x00002008       0x2c ./src/MAIN/EEPROM_24LC16BT_I.o
                0x00002008                writeNbyteEEPROM
 .text.readNbyteEEPROM
                0x00002034       0x50 ./src/MAIN/EEPROM_24LC16BT_I.o
                0x00002034                readNbyteEEPROM
 .text.printBlockData
                0x00002084       0x44 ./src/MAIN/EEPROM_24LC16BT_I.o
                0x00002084                printBlockData
 .text.printAllData
                0x000020c8       0x18 ./src/MAIN/EEPROM_24LC16BT_I.o
                0x000020c8                printAllData
 .text.startTimerInterruptMainFunction
                0x000020e0        0x8 ./src/MAIN/MainFunction.o
                0x000020e0                startTimerInterruptMainFunction
 .text.stopTimerInterruptMainFunction
                0x000020e8        0x8 ./src/MAIN/MainFunction.o
                0x000020e8                stopTimerInterruptMainFunction
 .text.setSendDataEnable
                0x000020f0        0xc ./src/MAIN/MainFunction.o
                0x000020f0                setSendDataEnable
 .text.writeEEPROMOutputMode
                0x000020fc       0x10 ./src/MAIN/MainFunction.o
                0x000020fc                writeEEPROMOutputMode
 .text.readEEPROMOutputMode
                0x0000210c        0xc ./src/MAIN/MainFunction.o
                0x0000210c                readEEPROMOutputMode
 .text.setOutputMode
                0x00002118       0x4c ./src/MAIN/MainFunction.o
                0x00002118                setOutputMode
 .text.TIMER32_1_IRQHandler
                0x00002164      0x188 ./src/MAIN/MainFunction.o
                0x00002164                TIMER32_1_IRQHandler
 .text.setStateGreenLED
                0x000022ec       0x28 ./src/MAIN/UserInterface.o
 .text.setStateRedLED
                0x00002314       0x28 ./src/MAIN/UserInterface.o
 .text.initUI   0x0000233c        0x8 ./src/MAIN/UserInterface.o
                0x0000233c                initUI
 .text.getStateSW
                0x00002344       0x14 ./src/MAIN/UserInterface.o
                0x00002344                getStateSW
 .text.getSWcount
                0x00002358        0xc ./src/MAIN/UserInterface.o
                0x00002358                getSWcount
 .text.turnGreenLED
                0x00002364       0x14 ./src/MAIN/UserInterface.o
                0x00002364                turnGreenLED
 .text.turnRedLED
                0x00002378       0x14 ./src/MAIN/UserInterface.o
                0x00002378                turnRedLED
 .text.flashGreenLED
                0x0000238c       0x1c ./src/MAIN/UserInterface.o
                0x0000238c                flashGreenLED
 .text.flashRedLED
                0x000023a8       0x1c ./src/MAIN/UserInterface.o
                0x000023a8                flashRedLED
 .text.TIMER32_0_IRQHandler
                0x000023c4       0xf8 ./src/MAIN/UserInterface.o
                0x000023c4                TIMER32_0_IRQHandler
 .text.init     0x000024bc       0x5c ./src/MAIN/main.o
                0x000024bc                init
 .text.main     0x00002518       0x90 ./src/MAIN/main.o
                0x00002518                main
 .text.initMPU9250
                0x000025a8       0xc8 ./src/MAIN/mpu9250.o
                0x000025a8                initMPU9250
 .text.initAK8963
                0x00002670       0xd0 ./src/MAIN/mpu9250.o
                0x00002670                initAK8963
 .text.getDataFromMPU9250
                0x00002740       0x28 ./src/MAIN/mpu9250.o
                0x00002740                getDataFromMPU9250
 .text.getDataFromAK8963
                0x00002768       0x28 ./src/MAIN/mpu9250.o
                0x00002768                getDataFromAK8963
 .text.getOmega
                0x00002790       0x1c ./src/MAIN/mpu9250.o
                0x00002790                getOmega
 .text.getMag   0x000027ac       0x1c ./src/MAIN/mpu9250.o
                0x000027ac                getMag
 .text.getAcc   0x000027c8       0x1c ./src/MAIN/mpu9250.o
                0x000027c8                getAcc
 .text.getTemp  0x000027e4        0xc ./src/MAIN/mpu9250.o
                0x000027e4                getTemp
 .text.debugMPU9250
                0x000027f0      0x24c ./src/MAIN/mpu9250.o
                0x000027f0                debugMPU9250
 .text.writeEEPROMOffsetAccInt
                0x00002a3c       0x10 ./src/MAIN/mpu9250.o
                0x00002a3c                writeEEPROMOffsetAccInt
 .text.writeEEPROMOffsetOmegaInt
                0x00002a4c       0x10 ./src/MAIN/mpu9250.o
                0x00002a4c                writeEEPROMOffsetOmegaInt
 .text.writeEEPROMOffsetMagInt
                0x00002a5c       0x10 ./src/MAIN/mpu9250.o
                0x00002a5c                writeEEPROMOffsetMagInt
 .text.readEEPROMOffsetAccInt
                0x00002a6c       0x10 ./src/MAIN/mpu9250.o
                0x00002a6c                readEEPROMOffsetAccInt
 .text.readEEPROMOffsetOmegaInt
                0x00002a7c       0x10 ./src/MAIN/mpu9250.o
                0x00002a7c                readEEPROMOffsetOmegaInt
 .text.readEEPROMOffsetMagInt
                0x00002a8c       0x10 ./src/MAIN/mpu9250.o
                0x00002a8c                readEEPROMOffsetMagInt
 .text.initOffsetByEEPROM
                0x00002a9c       0x24 ./src/MAIN/mpu9250.o
                0x00002a9c                initOffsetByEEPROM
 .text.concatenate2Byte_int
                0x00002ac0       0x14 ./src/MAIN/mpu9250.o
                0x00002ac0                concatenate2Byte_int
 *fill*         0x00002ad4        0x4 
 .text.updateMPU9250Data
                0x00002ad8      0x308 ./src/MAIN/mpu9250.o
                0x00002ad8                updateMPU9250Data
 .text.calibOmegaOffset
                0x00002de0      0x170 ./src/MAIN/mpu9250.o
                0x00002de0                calibOmegaOffset
 .text.calibAccXYOffset
                0x00002f50      0x104 ./src/MAIN/mpu9250.o
                0x00002f50                calibAccXYOffset
 .text.calibAccZOffset
                0x00003054       0xac ./src/MAIN/mpu9250.o
                0x00003054                calibAccZOffset
 .text.updateAK8963Data
                0x00003100      0x208 ./src/MAIN/mpu9250.o
                0x00003100                updateAK8963Data
 .text.calibMagOffset
                0x00003308      0x128 ./src/MAIN/mpu9250.o
                0x00003308                calibMagOffset
 .text.quickSort
                0x00003430       0x68 ./src/MAIN/tinyMathFunctions.o
                0x00003430                quickSort
 .text.__NOP    0x00003498       0x10 C:\Users\ryota\OneDrive\RT working\github\RT-USB-9AXIS-00\LPCXpresso Sample Program\workspace\CMSISv1p30_LPC13xx\Debug\libCMSISv1p30_LPC13xx.a(system_LPC13xx.o)
 .text.SystemInit
                0x000034a8      0x120 C:\Users\ryota\OneDrive\RT working\github\RT-USB-9AXIS-00\LPCXpresso Sample Program\workspace\CMSISv1p30_LPC13xx\Debug\libCMSISv1p30_LPC13xx.a(system_LPC13xx.o)
                0x000034a8                SystemInit
 .text.__main   0x000035c8       0x14 c:/nxp/lpcxpresso_7.7.2_379/lpcxpresso/tools/bin/../lib/gcc/arm-none-eabi/4.9.3/../../../../arm-none-eabi/lib/armv7-m\libcr_semihost.a(_cr__main.o)
                0x000035c8                __CR_SEMIHOST
                0x000035c8                __main
 .text.memcpy   0x000035dc        0x4 c:/nxp/lpcxpresso_7.7.2_379/lpcxpresso/tools/bin/../lib/gcc/arm-none-eabi/4.9.3/../../../../arm-none-eabi/lib/armv7-m\libcr_c.a(memcpy.o)
                0x000035dc                memcpy
 .text.fp_round
                0x000035e0       0x4a c:/nxp/lpcxpresso_7.7.2_379/lpcxpresso/tools/bin/../lib/gcc/arm-none-eabi/4.9.3/../../../../arm-none-eabi/lib/armv7-m\libcr_c.a(fpprintf.o)
 .text.pr_dec.constprop.1
                0x0000362a       0x26 c:/nxp/lpcxpresso_7.7.2_379/lpcxpresso/tools/bin/../lib/gcc/arm-none-eabi/4.9.3/../../../../arm-none-eabi/lib/armv7-m\libcr_c.a(fpprintf.o)
 .text.sprintf  0x00003650       0x6c c:/nxp/lpcxpresso_7.7.2_379/lpcxpresso/tools/bin/../lib/gcc/arm-none-eabi/4.9.3/../../../../arm-none-eabi/lib/armv7-m\libcr_c.a(fpprintf.o)
                0x00003650                sprintf
 *fill*         0x000036bc        0x4 
 .text.fp_display
                0x000036c0      0x900 c:/nxp/lpcxpresso_7.7.2_379/lpcxpresso/tools/bin/../lib/gcc/arm-none-eabi/4.9.3/../../../../arm-none-eabi/lib/armv7-m\libcr_c.a(fpprintf.o)
 .text.vsprintf
                0x00003fc0       0x5c c:/nxp/lpcxpresso_7.7.2_379/lpcxpresso/tools/bin/../lib/gcc/arm-none-eabi/4.9.3/../../../../arm-none-eabi/lib/armv7-m\libcr_c.a(fpprintf.o)
                0x00003fc0                vsprintf
 .text._initio  0x0000401c       0xa4 c:/nxp/lpcxpresso_7.7.2_379/lpcxpresso/tools/bin/../lib/gcc/arm-none-eabi/4.9.3/../../../../arm-none-eabi/lib/armv7-m\libcr_c.a(initio.o)
                0x0000401c                _initio
 .text.__vfprintf
                0x000040c0      0xca4 c:/nxp/lpcxpresso_7.7.2_379/lpcxpresso/tools/bin/../lib/gcc/arm-none-eabi/4.9.3/../../../../arm-none-eabi/lib/armv7-m\libcr_c.a(printf.o)
                0x000040c0                __vfprintf
 .text.setvbuf  0x00004d64       0x40 c:/nxp/lpcxpresso_7.7.2_379/lpcxpresso/tools/bin/../lib/gcc/arm-none-eabi/4.9.3/../../../../arm-none-eabi/lib/armv7-m\libcr_c.a(setvbuf.o)
                0x00004d64                setvbuf
 .text.strlen   0x00004da4       0x4a c:/nxp/lpcxpresso_7.7.2_379/lpcxpresso/tools/bin/../lib/gcc/arm-none-eabi/4.9.3/../../../../arm-none-eabi/lib/armv7-m\libcr_c.a(strlen.o)
                0x00004da4                strlen
 .text.memset   0x00004dee        0x4 c:/nxp/lpcxpresso_7.7.2_379/lpcxpresso/tools/bin/../lib/gcc/arm-none-eabi/4.9.3/../../../../arm-none-eabi/lib/armv7-m\libcr_c.a(memset.o)
                0x00004dee                memset
 .text._deferredlazyseek
                0x00004df2       0x44 c:/nxp/lpcxpresso_7.7.2_379/lpcxpresso/tools/bin/../lib/gcc/arm-none-eabi/4.9.3/../../../../arm-none-eabi/lib/armv7-m\libcr_c.a(_deferredlazyseek.o)
                0x00004df2                _deferredlazyseek
 .text.__flsbuf
                0x00004e36      0x142 c:/nxp/lpcxpresso_7.7.2_379/lpcxpresso/tools/bin/../lib/gcc/arm-none-eabi/4.9.3/../../../../arm-none-eabi/lib/armv7-m\libcr_c.a(_deferredlazyseek.o)
                0x00004e36                __flsbuf
 .text._fdopen  0x00004f78       0x6a c:/nxp/lpcxpresso_7.7.2_379/lpcxpresso/tools/bin/../lib/gcc/arm-none-eabi/4.9.3/../../../../arm-none-eabi/lib/armv7-m\libcr_c.a(_fdopen.o)
                0x00004f78                _fdopen
 .text._fflush  0x00004fe2       0x58 c:/nxp/lpcxpresso_7.7.2_379/lpcxpresso/tools/bin/../lib/gcc/arm-none-eabi/4.9.3/../../../../arm-none-eabi/lib/armv7-m\libcr_c.a(_fflush.o)
                0x00004fe2                _fflush
 .text._frexpl  0x0000503a       0x5a c:/nxp/lpcxpresso_7.7.2_379/lpcxpresso/tools/bin/../lib/gcc/arm-none-eabi/4.9.3/../../../../arm-none-eabi/lib/armv7-m\libcr_c.a(_frexpl.o)
                0x0000503a                _frexpl
 .text._ldexpl  0x00005094       0x4c c:/nxp/lpcxpresso_7.7.2_379/lpcxpresso/tools/bin/../lib/gcc/arm-none-eabi/4.9.3/../../../../arm-none-eabi/lib/armv7-m\libcr_c.a(_ldexpl.o)
                0x00005094                _ldexpl
 .text._Cwritebuf
                0x000050e0       0x70 c:/nxp/lpcxpresso_7.7.2_379/lpcxpresso/tools/bin/../lib/gcc/arm-none-eabi/4.9.3/../../../../arm-none-eabi/lib/armv7-m\libcr_c.a(_writebuf.o)
                0x000050e0                _Cwritebuf
 .text.malloc   0x00005150       0xcc c:/nxp/lpcxpresso_7.7.2_379/lpcxpresso/tools/bin/../lib/gcc/arm-none-eabi/4.9.3/../../../../arm-none-eabi/lib/armv7-m\libcr_c.a(alloc.o)
                0x00005150                malloc
 .text.free     0x0000521c       0x30 c:/nxp/lpcxpresso_7.7.2_379/lpcxpresso/tools/bin/../lib/gcc/arm-none-eabi/4.9.3/../../../../arm-none-eabi/lib/armv7-m\libcr_c.a(alloc.o)
                0x0000521c                free
 .text._Csys_alloc
                0x0000524c       0x20 c:/nxp/lpcxpresso_7.7.2_379/lpcxpresso/tools/bin/../lib/gcc/arm-none-eabi/4.9.3/../../../../arm-none-eabi/lib/armv7-m\libcr_c.a(alloc.o)
                0x0000524c                _Csys_alloc
 .text.fclose   0x0000526c       0x6c c:/nxp/lpcxpresso_7.7.2_379/lpcxpresso/tools/bin/../lib/gcc/arm-none-eabi/4.9.3/../../../../arm-none-eabi/lib/armv7-m\libcr_c.a(fclose.o)
                0x0000526c                fclose
 .text.fflush   0x000052d8       0x30 c:/nxp/lpcxpresso_7.7.2_379/lpcxpresso/tools/bin/../lib/gcc/arm-none-eabi/4.9.3/../../../../arm-none-eabi/lib/armv7-m\libcr_c.a(fflush.o)
                0x000052d8                fflush
 .text.fseek    0x00005308      0x110 c:/nxp/lpcxpresso_7.7.2_379/lpcxpresso/tools/bin/../lib/gcc/arm-none-eabi/4.9.3/../../../../arm-none-eabi/lib/armv7-m\libcr_c.a(fseek.o)
                0x00005308                fseek
 .text.ftell    0x00005418       0x4c c:/nxp/lpcxpresso_7.7.2_379/lpcxpresso/tools/bin/../lib/gcc/arm-none-eabi/4.9.3/../../../../arm-none-eabi/lib/armv7-m\libcr_c.a(ftell.o)
                0x00005418                ftell
 .text.remove   0x00005464       0x14 c:/nxp/lpcxpresso_7.7.2_379/lpcxpresso/tools/bin/../lib/gcc/arm-none-eabi/4.9.3/../../../../arm-none-eabi/lib/armv7-m\libcr_c.a(remove.o)
                0x00005464                remove
 .text._sbrk    0x00005478       0x40 c:/nxp/lpcxpresso_7.7.2_379/lpcxpresso/tools/bin/../lib/gcc/arm-none-eabi/4.9.3/../../../../arm-none-eabi/lib/armv7-m\libcr_c.a(_cr_sbrk.o)
                0x00005478                _sbrk
 .text._do_fflush
                0x000054b8       0x44 c:/nxp/lpcxpresso_7.7.2_379/lpcxpresso/tools/bin/../lib/gcc/arm-none-eabi/4.9.3/../../../../arm-none-eabi/lib/armv7-m\libcr_c.a(_do_fflush.o)
                0x000054b8                _do_fflush
 .text.__check_heap_overflow
                0x000054fc       0x18 c:/nxp/lpcxpresso_7.7.2_379/lpcxpresso/tools/bin/../lib/gcc/arm-none-eabi/4.9.3/../../../../arm-none-eabi/lib/armv7-m\libcr_c.a(_cr_check_heap.o)
                0x000054fc                __check_heap_overflow
 .text.__aeabi_dmul
                0x00005514      0x120 c:/nxp/lpcxpresso_7.7.2_379/lpcxpresso/tools/bin/../lib/gcc/arm-none-eabi/4.9.3/armv7-m\libcr_eabihelpers.a(double.o)
                0x00005514                __aeabi_dmul
 .text.__aeabi_ddiv
                0x00005634      0x150 c:/nxp/lpcxpresso_7.7.2_379/lpcxpresso/tools/bin/../lib/gcc/arm-none-eabi/4.9.3/armv7-m\libcr_eabihelpers.a(double.o)
                0x00005634                __aeabi_ddiv
 .text.__aeabi_dsub
                0x00005784      0x1d8 c:/nxp/lpcxpresso_7.7.2_379/lpcxpresso/tools/bin/../lib/gcc/arm-none-eabi/4.9.3/armv7-m\libcr_eabihelpers.a(double.o)
                0x00005784                __aeabi_dsub
 .text.__aeabi_dadd
                0x0000595c      0x134 c:/nxp/lpcxpresso_7.7.2_379/lpcxpresso/tools/bin/../lib/gcc/arm-none-eabi/4.9.3/armv7-m\libcr_eabihelpers.a(double.o)
                0x0000595c                __aeabi_dadd
 .text.__aeabi_d2f
                0x00005a90       0x5c c:/nxp/lpcxpresso_7.7.2_379/lpcxpresso/tools/bin/../lib/gcc/arm-none-eabi/4.9.3/armv7-m\libcr_eabihelpers.a(double.o)
                0x00005a90                __aeabi_d2f
 .text.__aeabi_d2iz
                0x00005aec       0x40 c:/nxp/lpcxpresso_7.7.2_379/lpcxpresso/tools/bin/../lib/gcc/arm-none-eabi/4.9.3/armv7-m\libcr_eabihelpers.a(double.o)
                0x00005aec                __aeabi_d2iz
 .text.__bhs_ui2d
                0x00005b2c       0x48 c:/nxp/lpcxpresso_7.7.2_379/lpcxpresso/tools/bin/../lib/gcc/arm-none-eabi/4.9.3/armv7-m\libcr_eabihelpers.a(double.o)
                0x00005b2c                __bhs_ui2d
 .text.__aeabi_i2d
                0x00005b74       0x14 c:/nxp/lpcxpresso_7.7.2_379/lpcxpresso/tools/bin/../lib/gcc/arm-none-eabi/4.9.3/armv7-m\libcr_eabihelpers.a(double.o)
                0x00005b74                __aeabi_i2d
 .text.__aeabi_dcmpeq
                0x00005b88       0x2c c:/nxp/lpcxpresso_7.7.2_379/lpcxpresso/tools/bin/../lib/gcc/arm-none-eabi/4.9.3/armv7-m\libcr_eabihelpers.a(double.o)
                0x00005b88                __aeabi_dcmpeq
 .text.__aeabi_dcmplt
                0x00005bb4       0x5c c:/nxp/lpcxpresso_7.7.2_379/lpcxpresso/tools/bin/../lib/gcc/arm-none-eabi/4.9.3/armv7-m\libcr_eabihelpers.a(double.o)
                0x00005bb4                __aeabi_dcmplt
 .text.__aeabi_dcmple
                0x00005c10       0x5c c:/nxp/lpcxpresso_7.7.2_379/lpcxpresso/tools/bin/../lib/gcc/arm-none-eabi/4.9.3/armv7-m\libcr_eabihelpers.a(double.o)
                0x00005c10                __aeabi_dcmple
 .text.__aeabi_dcmpge
                0x00005c6c       0x5c c:/nxp/lpcxpresso_7.7.2_379/lpcxpresso/tools/bin/../lib/gcc/arm-none-eabi/4.9.3/armv7-m\libcr_eabihelpers.a(double.o)
                0x00005c6c                __aeabi_dcmpge
 .text.__bhs_ui2f.part.0
                0x00005cc8       0x20 c:/nxp/lpcxpresso_7.7.2_379/lpcxpresso/tools/bin/../lib/gcc/arm-none-eabi/4.9.3/armv7-m\libcr_eabihelpers.a(float.o)
 .text.__aeabi_fmul
                0x00005ce8       0xc0 c:/nxp/lpcxpresso_7.7.2_379/lpcxpresso/tools/bin/../lib/gcc/arm-none-eabi/4.9.3/armv7-m\libcr_eabihelpers.a(float.o)
                0x00005ce8                __aeabi_fmul
 .text.__aeabi_fdiv
                0x00005da8       0xc0 c:/nxp/lpcxpresso_7.7.2_379/lpcxpresso/tools/bin/../lib/gcc/arm-none-eabi/4.9.3/armv7-m\libcr_eabihelpers.a(float.o)
                0x00005da8                __aeabi_fdiv
 .text.__aeabi_fsub
                0x00005e68       0xec c:/nxp/lpcxpresso_7.7.2_379/lpcxpresso/tools/bin/../lib/gcc/arm-none-eabi/4.9.3/armv7-m\libcr_eabihelpers.a(float.o)
                0x00005e68                __aeabi_fsub
 .text.__aeabi_fadd
                0x00005f54       0xb4 c:/nxp/lpcxpresso_7.7.2_379/lpcxpresso/tools/bin/../lib/gcc/arm-none-eabi/4.9.3/armv7-m\libcr_eabihelpers.a(float.o)
                0x00005f54                __aeabi_fadd
 .text.__aeabi_i2f
                0x00006008       0x20 c:/nxp/lpcxpresso_7.7.2_379/lpcxpresso/tools/bin/../lib/gcc/arm-none-eabi/4.9.3/armv7-m\libcr_eabihelpers.a(float.o)
                0x00006008                __aeabi_i2f
 .text.__aeabi_f2d
                0x00006028       0x3c c:/nxp/lpcxpresso_7.7.2_379/lpcxpresso/tools/bin/../lib/gcc/arm-none-eabi/4.9.3/armv7-m\libcr_eabihelpers.a(float.o)
                0x00006028                __aeabi_f2d
 .text.__aeabi_memcpy
                0x00006064       0x34 c:/nxp/lpcxpresso_7.7.2_379/lpcxpresso/tools/bin/../lib/gcc/arm-none-eabi/4.9.3/armv7-m\libcr_eabihelpers.a(memcpy.o)
                0x00006064                __aeabi_memcpy
                0x0000606e                __aeabi_memcpy8
                0x0000606e                __aeabi_memcpy4
 .text.__aeabi_memset_lowlevel
                0x00006098       0x32 c:/nxp/lpcxpresso_7.7.2_379/lpcxpresso/tools/bin/../lib/gcc/arm-none-eabi/4.9.3/armv7-m\libcr_eabihelpers.a(memcpy.o)
                0x00006098                __aeabi_lowlevel_memset
 *fill*         0x000060ca        0x2 
 .text.__sys_appexit
                0x000060cc        0xc c:/nxp/lpcxpresso_7.7.2_379/lpcxpresso/tools/bin/../lib/gcc/arm-none-eabi/4.9.3/../../../../arm-none-eabi/lib/armv7-m\libcr_semihost.a(__sys_appexit.o)
                0x000060cc                __sys_appexit
                0x000060cc                __exit
 .text.__sys_close
                0x000060d8        0xc c:/nxp/lpcxpresso_7.7.2_379/lpcxpresso/tools/bin/../lib/gcc/arm-none-eabi/4.9.3/../../../../arm-none-eabi/lib/armv7-m\libcr_semihost.a(__sys_close.o)
                0x000060d8                __sys_close
 .text.__sys_flen
                0x000060e4        0xc c:/nxp/lpcxpresso_7.7.2_379/lpcxpresso/tools/bin/../lib/gcc/arm-none-eabi/4.9.3/../../../../arm-none-eabi/lib/armv7-m\libcr_semihost.a(__sys_flen.o)
                0x000060e4                __sys_flen
 .text.__sys_istty
                0x000060f0        0xc c:/nxp/lpcxpresso_7.7.2_379/lpcxpresso/tools/bin/../lib/gcc/arm-none-eabi/4.9.3/../../../../arm-none-eabi/lib/armv7-m\libcr_semihost.a(__sys_istty.o)
                0x000060f0                __sys_istty
 .text.__sys_remove
                0x000060fc        0xc c:/nxp/lpcxpresso_7.7.2_379/lpcxpresso/tools/bin/../lib/gcc/arm-none-eabi/4.9.3/../../../../arm-none-eabi/lib/armv7-m\libcr_semihost.a(__sys_remove.o)
                0x000060fc                __sys_remove
 .text.__sys_seek
                0x00006108        0xc c:/nxp/lpcxpresso_7.7.2_379/lpcxpresso/tools/bin/../lib/gcc/arm-none-eabi/4.9.3/../../../../arm-none-eabi/lib/armv7-m\libcr_semihost.a(__sys_seek.o)
                0x00006108                __sys_seek
 .text.__sys_tmpnam
                0x00006114        0xc c:/nxp/lpcxpresso_7.7.2_379/lpcxpresso/tools/bin/../lib/gcc/arm-none-eabi/4.9.3/../../../../arm-none-eabi/lib/armv7-m\libcr_semihost.a(__sys_tmpnam.o)
                0x00006114                __sys_tmpnam
 .text.__sys_write
                0x00006120        0xc c:/nxp/lpcxpresso_7.7.2_379/lpcxpresso/tools/bin/../lib/gcc/arm-none-eabi/4.9.3/../../../../arm-none-eabi/lib/armv7-m\libcr_semihost.a(__sys_write.o)
                0x00006120                __sys_write
                0x00006120                __write
 *(.rodata .rodata.* .constdata .constdata.*)
 .rodata.USB_ConfigDescriptor
                0x0000612c       0x44 ./src/USB/usbdesc.o
                0x0000612c                USB_ConfigDescriptor
 .rodata.USB_StringDescriptor
                0x00006170       0x60 ./src/USB/usbdesc.o
                0x00006170                USB_StringDescriptor
 .rodata.USB_DeviceDescriptor
                0x000061d0       0x14 ./src/USB/usbdesc.o
                0x000061d0                USB_DeviceDescriptor
 .rodata.USB_P_EP
                0x000061e4       0x14 ./src/USB/usbuser.o
                0x000061e4                USB_P_EP
 .rodata.str1.4
                0x000061f8      0x2b3 ./src/MODE/modeSelect.o
                                0x2b4 (size before relaxing)
 *fill*         0x000064ab        0x1 
 .rodata.str1.4
                0x000064ac       0x7f ./src/MODE/mode_calibAccXY.o
                                 0x80 (size before relaxing)
 *fill*         0x0000652b        0x1 
 .rodata.str1.4
                0x0000652c       0x51 ./src/MODE/mode_calibAccZ.o
                                 0x7c (size before relaxing)
 *fill*         0x0000657d        0x3 
 .rodata.str1.4
                0x00006580       0x5a ./src/MODE/mode_calibMag.o
                                 0x5c (size before relaxing)
 *fill*         0x000065da        0x2 
 .rodata.str1.4
                0x000065dc       0x31 ./src/MODE/mode_calibOmega.o
                                 0x34 (size before relaxing)
 *fill*         0x0000660d        0x3 
 .rodata.str1.4
                0x00006610       0x31 ./src/MODE/mode_clearOffset.o
                                 0x34 (size before relaxing)
 *fill*         0x00006641        0x3 
 .rodata.str1.4
                0x00006644       0xcd ./src/MODE/mode_outputSelect.o
                                0x178 (size before relaxing)
 *fill*         0x00006711        0x3 
 .rodata.str1.4
                0x00006714       0x51 ./src/MODE/mode_viewAllData.o
                                 0x54 (size before relaxing)
 *fill*         0x00006765        0x3 
 .rodata.str1.4
                0x00006768       0x34 ./src/MODE/mode_viewEEPROMData.o
 .rodata.str1.4
                0x0000679c       0x1f ./src/MAIN/EEPROM_24LC16BT_I.o
                                 0x20 (size before relaxing)
 *fill*         0x000067bb        0x1 
 .rodata.str1.4
                0x000067bc       0x2d ./src/MAIN/MainFunction.o
                                 0x30 (size before relaxing)
 *fill*         0x000067e9        0x3 
 .rodata.str1.4
                0x000067ec      0x354 ./src/MAIN/mpu9250.o
 .rodata.str1.1
                0x00006b40       0x34 c:/nxp/lpcxpresso_7.7.2_379/lpcxpresso/tools/bin/../lib/gcc/arm-none-eabi/4.9.3/../../../../arm-none-eabi/lib/armv7-m\libcr_c.a(fpprintf.o)
                                 0x35 (size before relaxing)
 .rodata.str1.1
                0x00006b74        0x4 c:/nxp/lpcxpresso_7.7.2_379/lpcxpresso/tools/bin/../lib/gcc/arm-none-eabi/4.9.3/../../../../arm-none-eabi/lib/armv7-m\libcr_c.a(initio.o)
 .rodata.str1.1
                0x00006b78       0x31 c:/nxp/lpcxpresso_7.7.2_379/lpcxpresso/tools/bin/../lib/gcc/arm-none-eabi/4.9.3/../../../../arm-none-eabi/lib/armv7-m\libcr_c.a(printf.o)
                                 0x38 (size before relaxing)
 .rodata.str1.1
                0x00006ba9       0x18 c:/nxp/lpcxpresso_7.7.2_379/lpcxpresso/tools/bin/../lib/gcc/arm-none-eabi/4.9.3/../../../../arm-none-eabi/lib/armv7-m\libcr_c.a(alloc.o)
 *fill*         0x00006bc1        0x7 
 .rodata.__huge_vall
                0x00006bc8        0x8 c:/nxp/lpcxpresso_7.7.2_379/lpcxpresso/tools/bin/../lib/gcc/arm-none-eabi/4.9.3/../../../../arm-none-eabi/lib/armv7-m\libcr_c.a(_hugeval.o)
                0x00006bc8                __huge_vall
                0x00006bd0                . = ALIGN (0x4)

.glue_7         0x00006bd0        0x0
 .glue_7        0x00000000        0x0 linker stubs

.glue_7t        0x00006bd0        0x0
 .glue_7t       0x00000000        0x0 linker stubs

.vfp11_veneer   0x00006bd0        0x0
 .vfp11_veneer  0x00000000        0x0 linker stubs

.v4_bx          0x00006bd0        0x0
 .v4_bx         0x00000000        0x0 linker stubs

.iplt           0x00006bd0        0x0
 .iplt          0x00000000        0x0 ./src/USB/cdcuser.o

.rel.dyn        0x00006bd0        0x0
 .rel.iplt      0x00000000        0x0 ./src/USB/cdcuser.o

.ARM.extab
 *(.ARM.extab* .gnu.linkonce.armextab.*)
                0x00006bd0                __exidx_start = .

.ARM.exidx
 *(.ARM.exidx* .gnu.linkonce.armexidx.*)
                0x00006bd0                __exidx_end = .
                0x00006bd0                _etext = .

.uninit_RESERVED
                0x10000000        0x0
 *(.bss.$RESERVED*)
                0x10000000                . = ALIGN (0x4)
                0x10000000                _end_uninit_RESERVED = .

.data           0x10000000       0x1c load address 0x00006bd0
 FILL mask 0xff
                0x10000000                _data = .
 *(vtable)
 *(.ramfunc*)
 *(.data*)
 .data.CDC_DepInEmpty
                0x10000000        0x2 ./src/USB/cdcuser.o
                0x10000000                CDC_DepInEmpty
 *fill*         0x10000002        0x2 
 .data.CDC_LineCoding
                0x10000004        0x8 ./src/USB/cdcuser.o
                0x10000004                CDC_LineCoding
 .data.UARTTxEmpty
                0x1000000c        0x1 ./src/PERIPHERAL/uart.o
                0x1000000c                UARTTxEmpty
 .data.output_mode
                0x1000000d        0x1 ./src/MAIN/MainFunction.o
 .data.off_count_red_LED
                0x1000000e        0x2 ./src/MAIN/UserInterface.o
 .data.off_count_green_LED
                0x10000010        0x2 ./src/MAIN/UserInterface.o
 *fill*         0x10000012        0x2 
 .data.Asa      0x10000014        0x4 ./src/MAIN/mpu9250.o
 .data          0x10000018        0x4 C:\Users\ryota\OneDrive\RT working\github\RT-USB-9AXIS-00\LPCXpresso Sample Program\workspace\CMSISv1p30_LPC13xx\Debug\libCMSISv1p30_LPC13xx.a(system_LPC13xx.o)
                0x10000018                SystemCoreClock
                0x1000001c                . = ALIGN (0x4)
                0x1000001c                _edata = .

.igot.plt       0x1000001c        0x0 load address 0x00006bec
 .igot.plt      0x00000000        0x0 ./src/USB/cdcuser.o

.bss            0x1000001c      0x690 load address 0x00006bec
                0x1000001c                _bss = .
 *(.bss*)
 .bss.CDC_SerialState
                0x1000001c        0x2 ./src/USB/cdcuser.o
                0x1000001c                CDC_SerialState
 .bss.serialState.4049
                0x1000001e        0x2 ./src/USB/usbuser.o
 .bss.systick_wait_count
                0x10000020        0x4 ./src/PERIPHERAL/SystemTickTimer.o
 .bss.systick_time_count
                0x10000024        0x4 ./src/PERIPHERAL/SystemTickTimer.o
 .bss.systick_handler_state
                0x10000028        0x1 ./src/PERIPHERAL/SystemTickTimer.o
 *fill*         0x10000029        0x3 
 .bss.RdIndex   0x1000002c        0x4 ./src/PERIPHERAL/i2c.o
                0x1000002c                RdIndex
 .bss.I2CMasterState
                0x10000030        0x4 ./src/PERIPHERAL/i2c.o
                0x10000030                I2CMasterState
 .bss.WrIndex   0x10000034        0x4 ./src/PERIPHERAL/i2c.o
                0x10000034                WrIndex
 .bss.interruptRxTimeoutStat
                0x10000038        0x4 ./src/PERIPHERAL/ssp.o
                0x10000038                interruptRxTimeoutStat
 .bss.interruptRxStat
                0x1000003c        0x4 ./src/PERIPHERAL/ssp.o
                0x1000003c                interruptRxStat
 .bss.interruptOverRunStat
                0x10000040        0x4 ./src/PERIPHERAL/ssp.o
                0x10000040                interruptOverRunStat
 .bss.UARTCount
                0x10000044        0x4 ./src/PERIPHERAL/uart.o
                0x10000044                UARTCount
 .bss.serialState.4669
                0x10000048        0x2 ./src/PERIPHERAL/usbTransmission.o
 .bss.flag_usb_config
                0x1000004a        0x1 ./src/PERIPHERAL/usbTransmission.o
 .bss.flag_send_data_enable
                0x1000004b        0x1 ./src/MAIN/MainFunction.o
 .bss.timestamp.4638
                0x1000004c        0x1 ./src/MAIN/MainFunction.o
 *fill*         0x1000004d        0x3 
 .bss.elapsed_time_count
                0x10000050        0x4 ./src/MAIN/UserInterface.o
 .bss.on_count_green_LED
                0x10000054        0x2 ./src/MAIN/UserInterface.o
 .bss.red_LED_count
                0x10000056        0x2 ./src/MAIN/UserInterface.o
 .bss.green_LED_count
                0x10000058        0x2 ./src/MAIN/UserInterface.o
 .bss.flag_flash_red_LED
                0x1000005a        0x1 ./src/MAIN/UserInterface.o
 *fill*         0x1000005b        0x1 
 .bss.on_count_red_LED
                0x1000005c        0x2 ./src/MAIN/UserInterface.o
 .bss.SW_count  0x1000005e        0x2 ./src/MAIN/UserInterface.o
 .bss.flag_flash_green_LED
                0x10000060        0x1 ./src/MAIN/UserInterface.o
 *fill*         0x10000061        0x3 
 .bss.omega_vec_raw_int
                0x10000064        0x8 ./src/MAIN/mpu9250.o
 .bss.mag_vec_int
                0x1000006c        0x8 ./src/MAIN/mpu9250.o
 .bss.temperature_raw_int
                0x10000074        0x2 ./src/MAIN/mpu9250.o
 .bss.temperature_int
                0x10000076        0x2 ./src/MAIN/mpu9250.o
 .bss.temperature
                0x10000078        0x4 ./src/MAIN/mpu9250.o
 .bss.mag_vec_raw_int
                0x1000007c        0x8 ./src/MAIN/mpu9250.o
 .bss.mag_offset_vec
                0x10000084        0x8 ./src/MAIN/mpu9250.o
 .bss.acc_vec_raw_int
                0x1000008c        0x8 ./src/MAIN/mpu9250.o
 .bss.ak8963ArrayData
                0x10000094        0x8 ./src/MAIN/mpu9250.o
 .bss.omega_offset_vec
                0x1000009c        0x8 ./src/MAIN/mpu9250.o
 .bss.mpu9250ArrayData
                0x100000a4       0x10 ./src/MAIN/mpu9250.o
 .bss.acc_vec_int
                0x100000b4        0x8 ./src/MAIN/mpu9250.o
 .bss.omega_vec
                0x100000bc        0xc ./src/MAIN/mpu9250.o
 .bss.omega_vec_int
                0x100000c8        0x8 ./src/MAIN/mpu9250.o
 .bss.mag_vec   0x100000d0        0xc ./src/MAIN/mpu9250.o
 .bss.acc_vec   0x100000dc        0xc ./src/MAIN/mpu9250.o
 .bss.acc_offset_vec
                0x100000e8        0x8 ./src/MAIN/mpu9250.o
 .bss.errno     0x100000f0        0x4 c:/nxp/lpcxpresso_7.7.2_379/lpcxpresso/tools/bin/../lib/gcc/arm-none-eabi/4.9.3/../../../../arm-none-eabi/lib/armv7-m\libcr_c.a(errno.o)
                0x100000f0                errno
 *(COMMON)
 COMMON         0x100000f4      0x154 ./src/USB/cdcuser.o
                0x100000f4                BulkBufOut
                0x10000174                NotificationBuf
                0x10000180                BulkBufIn
                0x10000200                CDC_OutBuf
 COMMON         0x10000248       0x6e ./src/USB/usbcore.o
                0x10000248                USB_AltSetting
                0x1000024c                EP0Buf
                0x1000028c                USB_EndPointMask
                0x10000290                USB_DeviceAddress
                0x10000294                USB_EndPointStall
                0x10000298                USB_EndPointHalt
                0x1000029c                USB_Configuration
                0x100002a0                SetupPacket
                0x100002a8                USB_NumInterfaces
                0x100002ac                EP0Data
                0x100002b4                USB_DeviceStatus
 *fill*         0x100002b6        0x2 
 COMMON         0x100002b8      0x10c ./src/PERIPHERAL/i2c.o
                0x100002b8                I2CReadLength
                0x100002bc                I2CSlaveBuffer
                0x1000033c                I2CMode
                0x10000340                I2CMasterBuffer
                0x100003c0                I2CWriteLength
 COMMON         0x100003c4       0x84 ./src/PERIPHERAL/uart.o
                0x100003c4                UARTBuffer
                0x10000444                UARTStatus
 COMMON         0x10000448      0x118 ./src/OTHER/serial.o
                0x10000448                ser_in
                0x100004d0                ser_txRestart
                0x100004d4                ser_lineState
                0x100004d8                ser_out
 COMMON         0x10000560        0x4 c:/nxp/lpcxpresso_7.7.2_379/lpcxpresso/tools/bin/../lib/gcc/arm-none-eabi/4.9.3/../../../../arm-none-eabi/lib/armv7-m\libcr_c.a(initio.o)
                0x10000560                _extra
 COMMON         0x10000564      0x140 c:/nxp/lpcxpresso_7.7.2_379/lpcxpresso/tools/bin/../lib/gcc/arm-none-eabi/4.9.3/../../../../arm-none-eabi/lib/armv7-m\libcr_c.a(stdio.o)
                0x10000564                __Ciob
 COMMON         0x100006a4        0x8 c:/nxp/lpcxpresso_7.7.2_379/lpcxpresso/tools/bin/../lib/gcc/arm-none-eabi/4.9.3/../../../../arm-none-eabi/lib/armv7-m\libcr_c.a(__init_alloc.o)
                0x100006a4                __heaps
                0x100006a8                __end_of_heap
                0x100006ac                . = ALIGN (0x4)
                0x100006ac                _ebss = .
                0x100006ac                PROVIDE (end, .)

.noinit         0x100006ac        0x0 load address 0x00006bec
                0x100006ac                _noinit = .
 *(.noinit*)
                0x100006ac                . = ALIGN (0x4)
                0x100006ac                _end_noinit = .
                0x100006ac                PROVIDE (_pvHeapStart, DEFINED (__user_heap_base)?__user_heap_base:.)
                0x10002000                PROVIDE (_vStackTop, DEFINED (__user_stack_top)?__user_stack_top:(__top_RamLoc8 - 0x0))
OUTPUT(RT-USB-9AXIS-sample.axf elf32-littlearm)

.debug_info     0x00000000     0xc43a
 .debug_info    0x00000000      0x633 ./src/USB/cdcuser.o
 .debug_info    0x00000633     0x11f8 ./src/USB/usbcore.o
 .debug_info    0x0000182b       0xec ./src/USB/usbdesc.o
 .debug_info    0x00001917     0x156e ./src/USB/usbhw.o
 .debug_info    0x00002e85      0x204 ./src/USB/usbuser.o
 .debug_info    0x00003089      0x1dc ./src/PERIPHERAL/SystemTickTimer.o
 .debug_info    0x00003265      0x2f7 ./src/PERIPHERAL/debug.o
 .debug_info    0x0000355c      0xd03 ./src/PERIPHERAL/i2c.o
 .debug_info    0x0000425f      0x4dd ./src/PERIPHERAL/io.o
 .debug_info    0x0000473c      0xd2f ./src/PERIPHERAL/ssp.o
 .debug_info    0x0000546b      0xa83 ./src/PERIPHERAL/timer.o
 .debug_info    0x00005eee      0xd56 ./src/PERIPHERAL/uart.o
 .debug_info    0x00006c44      0x358 ./src/PERIPHERAL/usbTransmission.o
 .debug_info    0x00006f9c      0x28c ./src/OTHER/cr_startup_lpc13xx.o
 .debug_info    0x00007228       0x3f ./src/OTHER/crp.o
 .debug_info    0x00007267      0xecf ./src/OTHER/serial.o
 .debug_info    0x00008136      0x510 ./src/MODE/modeSelect.o
 .debug_info    0x00008646      0x144 ./src/MODE/mode_calibAccXY.o
 .debug_info    0x0000878a      0x144 ./src/MODE/mode_calibAccZ.o
 .debug_info    0x000088ce      0x12d ./src/MODE/mode_calibMag.o
 .debug_info    0x000089fb      0x116 ./src/MODE/mode_calibOmega.o
 .debug_info    0x00008b11      0x1f4 ./src/MODE/mode_clearOffset.o
 .debug_info    0x00008d05      0x3aa ./src/MODE/mode_outputSelect.o
 .debug_info    0x000090af      0x19f ./src/MODE/mode_viewAllData.o
 .debug_info    0x0000924e      0x138 ./src/MODE/mode_viewEEPROMData.o
 .debug_info    0x00009386      0x3eb ./src/MAIN/EEPROM_24LC16BT_I.o
 .debug_info    0x00009771      0x6c1 ./src/MAIN/MainFunction.o
 .debug_info    0x00009e32      0x620 ./src/MAIN/UserInterface.o
 .debug_info    0x0000a452      0x3de ./src/MAIN/main.o
 .debug_info    0x0000a830     0x1553 ./src/MAIN/mpu9250.o
 .debug_info    0x0000bd83      0x1d9 ./src/MAIN/tinyMathFunctions.o
 .debug_info    0x0000bf5c      0x4de C:\Users\ryota\OneDrive\RT working\github\RT-USB-9AXIS-00\LPCXpresso Sample Program\workspace\CMSISv1p30_LPC13xx\Debug\libCMSISv1p30_LPC13xx.a(system_LPC13xx.o)

.debug_abbrev   0x00000000     0x2fc2
 .debug_abbrev  0x00000000      0x1e1 ./src/USB/cdcuser.o
 .debug_abbrev  0x000001e1      0x33d ./src/USB/usbcore.o
 .debug_abbrev  0x0000051e       0x60 ./src/USB/usbdesc.o
 .debug_abbrev  0x0000057e      0x382 ./src/USB/usbhw.o
 .debug_abbrev  0x00000900      0x12b ./src/USB/usbuser.o
 .debug_abbrev  0x00000a2b      0x11a ./src/PERIPHERAL/SystemTickTimer.o
 .debug_abbrev  0x00000b45      0x1af ./src/PERIPHERAL/debug.o
 .debug_abbrev  0x00000cf4      0x224 ./src/PERIPHERAL/i2c.o
 .debug_abbrev  0x00000f18      0x139 ./src/PERIPHERAL/io.o
 .debug_abbrev  0x00001051      0x23a ./src/PERIPHERAL/ssp.o
 .debug_abbrev  0x0000128b      0x1b6 ./src/PERIPHERAL/timer.o
 .debug_abbrev  0x00001441      0x20c ./src/PERIPHERAL/uart.o
 .debug_abbrev  0x0000164d      0x22a ./src/PERIPHERAL/usbTransmission.o
 .debug_abbrev  0x00001877      0x111 ./src/OTHER/cr_startup_lpc13xx.o
 .debug_abbrev  0x00001988       0x36 ./src/OTHER/crp.o
 .debug_abbrev  0x000019be      0x237 ./src/OTHER/serial.o
 .debug_abbrev  0x00001bf5      0x12a ./src/MODE/modeSelect.o
 .debug_abbrev  0x00001d1f       0xdc ./src/MODE/mode_calibAccXY.o
 .debug_abbrev  0x00001dfb       0xdc ./src/MODE/mode_calibAccZ.o
 .debug_abbrev  0x00001ed7       0xdc ./src/MODE/mode_calibMag.o
 .debug_abbrev  0x00001fb3       0xdc ./src/MODE/mode_calibOmega.o
 .debug_abbrev  0x0000208f      0x11d ./src/MODE/mode_clearOffset.o
 .debug_abbrev  0x000021ac      0x112 ./src/MODE/mode_outputSelect.o
 .debug_abbrev  0x000022be       0xe0 ./src/MODE/mode_viewAllData.o
 .debug_abbrev  0x0000239e       0xcd ./src/MODE/mode_viewEEPROMData.o
 .debug_abbrev  0x0000246b      0x16d ./src/MAIN/EEPROM_24LC16BT_I.o
 .debug_abbrev  0x000025d8      0x243 ./src/MAIN/MainFunction.o
 .debug_abbrev  0x0000281b      0x241 ./src/MAIN/UserInterface.o
 .debug_abbrev  0x00002a5c      0x120 ./src/MAIN/main.o
 .debug_abbrev  0x00002b7c      0x24a ./src/MAIN/mpu9250.o
 .debug_abbrev  0x00002dc6       0xcc ./src/MAIN/tinyMathFunctions.o
 .debug_abbrev  0x00002e92      0x130 C:\Users\ryota\OneDrive\RT working\github\RT-USB-9AXIS-00\LPCXpresso Sample Program\workspace\CMSISv1p30_LPC13xx\Debug\libCMSISv1p30_LPC13xx.a(system_LPC13xx.o)

.debug_loc      0x00000000     0x2766
 .debug_loc     0x00000000      0x215 ./src/USB/cdcuser.o
 .debug_loc     0x00000215      0xa4c ./src/USB/usbcore.o
 .debug_loc     0x00000c61      0x462 ./src/USB/usbhw.o
 .debug_loc     0x000010c3       0x79 ./src/USB/usbuser.o
 .debug_loc     0x0000113c       0x58 ./src/PERIPHERAL/SystemTickTimer.o
 .debug_loc     0x00001194       0x29 ./src/PERIPHERAL/debug.o
 .debug_loc     0x000011bd       0xe7 ./src/PERIPHERAL/i2c.o
 .debug_loc     0x000012a4       0xc4 ./src/PERIPHERAL/ssp.o
 .debug_loc     0x00001368      0x11c ./src/PERIPHERAL/uart.o
 .debug_loc     0x00001484       0x13 ./src/PERIPHERAL/usbTransmission.o
 .debug_loc     0x00001497      0x1d1 ./src/OTHER/cr_startup_lpc13xx.o
 .debug_loc     0x00001668      0x2d1 ./src/OTHER/serial.o
 .debug_loc     0x00001939       0x75 ./src/MODE/modeSelect.o
 .debug_loc     0x000019ae       0x75 ./src/MODE/mode_outputSelect.o
 .debug_loc     0x00001a23      0x30a ./src/MAIN/EEPROM_24LC16BT_I.o
 .debug_loc     0x00001d2d       0xb0 ./src/MAIN/MainFunction.o
 .debug_loc     0x00001ddd       0x6a ./src/MAIN/UserInterface.o
 .debug_loc     0x00001e47      0x679 ./src/MAIN/mpu9250.o
 .debug_loc     0x000024c0      0x2a6 ./src/MAIN/tinyMathFunctions.o

.debug_aranges  0x00000000      0x9a8
 .debug_aranges
                0x00000000       0xa0 ./src/USB/cdcuser.o
 .debug_aranges
                0x000000a0       0x98 ./src/USB/usbcore.o
 .debug_aranges
                0x00000138       0x18 ./src/USB/usbdesc.o
 .debug_aranges
                0x00000150      0x100 ./src/USB/usbhw.o
 .debug_aranges
                0x00000250       0x50 ./src/USB/usbuser.o
 .debug_aranges
                0x000002a0       0x48 ./src/PERIPHERAL/SystemTickTimer.o
 .debug_aranges
                0x000002e8       0x28 ./src/PERIPHERAL/debug.o
 .debug_aranges
                0x00000310       0x40 ./src/PERIPHERAL/i2c.o
 .debug_aranges
                0x00000350       0x20 ./src/PERIPHERAL/io.o
 .debug_aranges
                0x00000370       0x38 ./src/PERIPHERAL/ssp.o
 .debug_aranges
                0x000003a8       0x48 ./src/PERIPHERAL/timer.o
 .debug_aranges
                0x000003f0       0x30 ./src/PERIPHERAL/uart.o
 .debug_aranges
                0x00000420       0x38 ./src/PERIPHERAL/usbTransmission.o
 .debug_aranges
                0x00000458       0x80 ./src/OTHER/cr_startup_lpc13xx.o
 .debug_aranges
                0x000004d8       0x18 ./src/OTHER/crp.o
 .debug_aranges
                0x000004f0       0x50 ./src/OTHER/serial.o
 .debug_aranges
                0x00000540       0x28 ./src/MODE/modeSelect.o
 .debug_aranges
                0x00000568       0x20 ./src/MODE/mode_calibAccXY.o
 .debug_aranges
                0x00000588       0x20 ./src/MODE/mode_calibAccZ.o
 .debug_aranges
                0x000005a8       0x20 ./src/MODE/mode_calibMag.o
 .debug_aranges
                0x000005c8       0x20 ./src/MODE/mode_calibOmega.o
 .debug_aranges
                0x000005e8       0x20 ./src/MODE/mode_clearOffset.o
 .debug_aranges
                0x00000608       0x28 ./src/MODE/mode_outputSelect.o
 .debug_aranges
                0x00000630       0x20 ./src/MODE/mode_viewAllData.o
 .debug_aranges
                0x00000650       0x20 ./src/MODE/mode_viewEEPROMData.o
 .debug_aranges
                0x00000670       0x48 ./src/MAIN/EEPROM_24LC16BT_I.o
 .debug_aranges
                0x000006b8       0x50 ./src/MAIN/MainFunction.o
 .debug_aranges
                0x00000708       0x80 ./src/MAIN/UserInterface.o
 .debug_aranges
                0x00000788       0x28 ./src/MAIN/main.o
 .debug_aranges
                0x000007b0      0x198 ./src/MAIN/mpu9250.o
 .debug_aranges
                0x00000948       0x30 ./src/MAIN/tinyMathFunctions.o
 .debug_aranges
                0x00000978       0x30 C:\Users\ryota\OneDrive\RT working\github\RT-USB-9AXIS-00\LPCXpresso Sample Program\workspace\CMSISv1p30_LPC13xx\Debug\libCMSISv1p30_LPC13xx.a(system_LPC13xx.o)

.debug_ranges   0x00000000      0x798
 .debug_ranges  0x00000000       0x90 ./src/USB/cdcuser.o
 .debug_ranges  0x00000090       0x88 ./src/USB/usbcore.o
 .debug_ranges  0x00000118       0xf0 ./src/USB/usbhw.o
 .debug_ranges  0x00000208       0x40 ./src/USB/usbuser.o
 .debug_ranges  0x00000248       0x38 ./src/PERIPHERAL/SystemTickTimer.o
 .debug_ranges  0x00000280       0x18 ./src/PERIPHERAL/debug.o
 .debug_ranges  0x00000298       0x30 ./src/PERIPHERAL/i2c.o
 .debug_ranges  0x000002c8       0x10 ./src/PERIPHERAL/io.o
 .debug_ranges  0x000002d8       0x28 ./src/PERIPHERAL/ssp.o
 .debug_ranges  0x00000300       0x38 ./src/PERIPHERAL/timer.o
 .debug_ranges  0x00000338       0x20 ./src/PERIPHERAL/uart.o
 .debug_ranges  0x00000358       0x28 ./src/PERIPHERAL/usbTransmission.o
 .debug_ranges  0x00000380       0x70 ./src/OTHER/cr_startup_lpc13xx.o
 .debug_ranges  0x000003f0       0x40 ./src/OTHER/serial.o
 .debug_ranges  0x00000430       0x18 ./src/MODE/modeSelect.o
 .debug_ranges  0x00000448       0x10 ./src/MODE/mode_calibAccXY.o
 .debug_ranges  0x00000458       0x10 ./src/MODE/mode_calibAccZ.o
 .debug_ranges  0x00000468       0x10 ./src/MODE/mode_calibMag.o
 .debug_ranges  0x00000478       0x10 ./src/MODE/mode_calibOmega.o
 .debug_ranges  0x00000488       0x10 ./src/MODE/mode_clearOffset.o
 .debug_ranges  0x00000498       0x18 ./src/MODE/mode_outputSelect.o
 .debug_ranges  0x000004b0       0x10 ./src/MODE/mode_viewAllData.o
 .debug_ranges  0x000004c0       0x10 ./src/MODE/mode_viewEEPROMData.o
 .debug_ranges  0x000004d0       0x38 ./src/MAIN/EEPROM_24LC16BT_I.o
 .debug_ranges  0x00000508       0x40 ./src/MAIN/MainFunction.o
 .debug_ranges  0x00000548       0x70 ./src/MAIN/UserInterface.o
 .debug_ranges  0x000005b8       0x18 ./src/MAIN/main.o
 .debug_ranges  0x000005d0      0x188 ./src/MAIN/mpu9250.o
 .debug_ranges  0x00000758       0x20 ./src/MAIN/tinyMathFunctions.o
 .debug_ranges  0x00000778       0x20 C:\Users\ryota\OneDrive\RT working\github\RT-USB-9AXIS-00\LPCXpresso Sample Program\workspace\CMSISv1p30_LPC13xx\Debug\libCMSISv1p30_LPC13xx.a(system_LPC13xx.o)

.debug_macro    0x00000000     0x47dd
 .debug_macro   0x00000000       0xb6 ./src/USB/cdcuser.o
 .debug_macro   0x000000b6      0x880 ./src/USB/cdcuser.o
 .debug_macro   0x00000936       0x10 ./src/USB/cdcuser.o
 .debug_macro   0x00000946      0x12d ./src/USB/cdcuser.o
 .debug_macro   0x00000a73      0x5b2 ./src/USB/cdcuser.o
 .debug_macro   0x00001025       0x16 ./src/USB/cdcuser.o
 .debug_macro   0x0000103b      0x1cb ./src/USB/cdcuser.o
 .debug_macro   0x00001206       0x3a ./src/USB/cdcuser.o
 .debug_macro   0x00001240       0xcc ./src/USB/cdcuser.o
 .debug_macro   0x0000130c      0x26b ./src/USB/cdcuser.o
 .debug_macro   0x00001577       0x1c ./src/USB/cdcuser.o
 .debug_macro   0x00001593       0x94 ./src/USB/usbcore.o
 .debug_macro   0x00001627       0x28 ./src/USB/usbcore.o
 .debug_macro   0x0000164f       0x34 ./src/USB/usbcore.o
 .debug_macro   0x00001683       0x78 ./src/USB/usbdesc.o
 .debug_macro   0x000016fb       0x2e ./src/USB/usbdesc.o
 .debug_macro   0x00001729       0x99 ./src/USB/usbhw.o
 .debug_macro   0x000017c2       0x1c ./src/USB/usbhw.o
 .debug_macro   0x000017de       0x22 ./src/USB/usbhw.o
 .debug_macro   0x00001800      0x7b7 ./src/USB/usbhw.o
 .debug_macro   0x00001fb7      0x131 ./src/USB/usbhw.o
 .debug_macro   0x000020e8      0x205 ./src/USB/usbhw.o
 .debug_macro   0x000022ed       0x89 ./src/USB/usbuser.o
 .debug_macro   0x00002376       0x7a ./src/PERIPHERAL/SystemTickTimer.o
 .debug_macro   0x000023f0      0x7d5 ./src/PERIPHERAL/SystemTickTimer.o
 .debug_macro   0x00002bc5       0x9d ./src/PERIPHERAL/debug.o
 .debug_macro   0x00002c62       0x16 ./src/PERIPHERAL/debug.o
 .debug_macro   0x00002c78       0x10 ./src/PERIPHERAL/debug.o
 .debug_macro   0x00002c88       0xa0 ./src/PERIPHERAL/debug.o
 .debug_macro   0x00002d28       0x16 ./src/PERIPHERAL/debug.o
 .debug_macro   0x00002d3e       0xa6 ./src/PERIPHERAL/debug.o
 .debug_macro   0x00002de4       0x74 ./src/PERIPHERAL/i2c.o
 .debug_macro   0x00002e58       0x1c ./src/PERIPHERAL/i2c.o
 .debug_macro   0x00002e74       0xd0 ./src/PERIPHERAL/i2c.o
 .debug_macro   0x00002f44       0x79 ./src/PERIPHERAL/io.o
 .debug_macro   0x00002fbd       0x6b ./src/PERIPHERAL/ssp.o
 .debug_macro   0x00003028      0x11e ./src/PERIPHERAL/ssp.o
 .debug_macro   0x00003146       0x6c ./src/PERIPHERAL/timer.o
 .debug_macro   0x000031b2       0x71 ./src/PERIPHERAL/uart.o
 .debug_macro   0x00003223       0xc1 ./src/PERIPHERAL/usbTransmission.o
 .debug_macro   0x000032e4       0x1d ./src/OTHER/cr_startup_lpc13xx.o
 .debug_macro   0x00003301       0x1a ./src/OTHER/crp.o
 .debug_macro   0x0000331b       0x34 ./src/OTHER/crp.o
 .debug_macro   0x0000334f       0x9f ./src/OTHER/serial.o
 .debug_macro   0x000033ee       0xf1 ./src/MODE/modeSelect.o
 .debug_macro   0x000034df       0x86 ./src/MODE/mode_calibAccXY.o
 .debug_macro   0x00003565       0x28 ./src/MODE/mode_calibAccXY.o
 .debug_macro   0x0000358d       0x86 ./src/MODE/mode_calibAccZ.o
 .debug_macro   0x00003613       0x86 ./src/MODE/mode_calibMag.o
 .debug_macro   0x00003699       0x86 ./src/MODE/mode_calibOmega.o
 .debug_macro   0x0000371f       0x86 ./src/MODE/mode_clearOffset.o
 .debug_macro   0x000037a5       0x86 ./src/MODE/mode_outputSelect.o
 .debug_macro   0x0000382b       0x86 ./src/MODE/mode_viewAllData.o
 .debug_macro   0x000038b1       0x86 ./src/MODE/mode_viewEEPROMData.o
 .debug_macro   0x00003937       0x96 ./src/MAIN/EEPROM_24LC16BT_I.o
 .debug_macro   0x000039cd       0xda ./src/MAIN/MainFunction.o
 .debug_macro   0x00003aa7       0x52 ./src/MAIN/MainFunction.o
 .debug_macro   0x00003af9       0xa1 ./src/MAIN/UserInterface.o
 .debug_macro   0x00003b9a      0x12f ./src/MAIN/main.o
 .debug_macro   0x00003cc9       0xcb ./src/MAIN/mpu9250.o
 .debug_macro   0x00003d94       0x52 ./src/MAIN/mpu9250.o
 .debug_macro   0x00003de6       0x5a ./src/MAIN/tinyMathFunctions.o
 .debug_macro   0x00003e40      0x12f C:\Users\ryota\OneDrive\RT working\github\RT-USB-9AXIS-00\LPCXpresso Sample Program\workspace\CMSISv1p30_LPC13xx\Debug\libCMSISv1p30_LPC13xx.a(system_LPC13xx.o)
 .debug_macro   0x00003f6f      0x86e C:\Users\ryota\OneDrive\RT working\github\RT-USB-9AXIS-00\LPCXpresso Sample Program\workspace\CMSISv1p30_LPC13xx\Debug\libCMSISv1p30_LPC13xx.a(system_LPC13xx.o)

.debug_line     0x00000000     0x7450
 .debug_line    0x00000000      0x3d1 ./src/USB/cdcuser.o
 .debug_line    0x000003d1      0x6d1 ./src/USB/usbcore.o
 .debug_line    0x00000aa2      0x22a ./src/USB/usbdesc.o
 .debug_line    0x00000ccc      0x512 ./src/USB/usbhw.o
 .debug_line    0x000011de      0x2b3 ./src/USB/usbuser.o
 .debug_line    0x00001491      0x34d ./src/PERIPHERAL/SystemTickTimer.o
 .debug_line    0x000017de      0x311 ./src/PERIPHERAL/debug.o
 .debug_line    0x00001aef      0x363 ./src/PERIPHERAL/i2c.o
 .debug_line    0x00001e52      0x2bd ./src/PERIPHERAL/io.o
 .debug_line    0x0000210f      0x2dc ./src/PERIPHERAL/ssp.o
 .debug_line    0x000023eb      0x2b0 ./src/PERIPHERAL/timer.o
 .debug_line    0x0000269b      0x2a9 ./src/PERIPHERAL/uart.o
 .debug_line    0x00002944      0x3fd ./src/PERIPHERAL/usbTransmission.o
 .debug_line    0x00002d41       0xdc ./src/OTHER/cr_startup_lpc13xx.o
 .debug_line    0x00002e1d       0x7e ./src/OTHER/crp.o
 .debug_line    0x00002e9b      0x303 ./src/OTHER/serial.o
 .debug_line    0x0000319e      0x504 ./src/MODE/modeSelect.o
 .debug_line    0x000036a2      0x375 ./src/MODE/mode_calibAccXY.o
 .debug_line    0x00003a17      0x373 ./src/MODE/mode_calibAccZ.o
 .debug_line    0x00003d8a      0x370 ./src/MODE/mode_calibMag.o
 .debug_line    0x000040fa      0x373 ./src/MODE/mode_calibOmega.o
 .debug_line    0x0000446d      0x384 ./src/MODE/mode_clearOffset.o
 .debug_line    0x000047f1      0x3ae ./src/MODE/mode_outputSelect.o
 .debug_line    0x00004b9f      0x37a ./src/MODE/mode_viewAllData.o
 .debug_line    0x00004f19      0x386 ./src/MODE/mode_viewEEPROMData.o
 .debug_line    0x0000529f      0x44a ./src/MAIN/EEPROM_24LC16BT_I.o
 .debug_line    0x000056e9      0x483 ./src/MAIN/MainFunction.o
 .debug_line    0x00005b6c      0x476 ./src/MAIN/UserInterface.o
 .debug_line    0x00005fe2      0x565 ./src/MAIN/main.o
 .debug_line    0x00006547      0xa19 ./src/MAIN/mpu9250.o
 .debug_line    0x00006f60      0x28d ./src/MAIN/tinyMathFunctions.o
 .debug_line    0x000071ed      0x263 C:\Users\ryota\OneDrive\RT working\github\RT-USB-9AXIS-00\LPCXpresso Sample Program\workspace\CMSISv1p30_LPC13xx\Debug\libCMSISv1p30_LPC13xx.a(system_LPC13xx.o)

.debug_str      0x00000000     0xcda3
 .debug_str     0x00000000     0x5768 ./src/USB/cdcuser.o
                               0x581c (size before relaxing)
 .debug_str     0x00005768      0x69e ./src/USB/usbcore.o
                               0x5b5f (size before relaxing)
 .debug_str     0x00005e06       0x81 ./src/USB/usbdesc.o
                               0x5414 (size before relaxing)
 .debug_str     0x00005e87     0x4695 ./src/USB/usbhw.o
                               0x900e (size before relaxing)
 .debug_str     0x0000a51c       0x8b ./src/USB/usbuser.o
                               0x49d5 (size before relaxing)
 .debug_str     0x0000a5a7       0xe3 ./src/PERIPHERAL/SystemTickTimer.o
                               0x72f7 (size before relaxing)
 .debug_str     0x0000a68a      0x4d6 ./src/PERIPHERAL/debug.o
                               0x7700 (size before relaxing)
 .debug_str     0x0000ab60      0x3bd ./src/PERIPHERAL/i2c.o
                               0x7e58 (size before relaxing)
 .debug_str     0x0000af1d       0x24 ./src/PERIPHERAL/io.o
                               0x743b (size before relaxing)
 .debug_str     0x0000af41      0x3dd ./src/PERIPHERAL/ssp.o
                               0x7e61 (size before relaxing)
 .debug_str     0x0000b31e       0xf2 ./src/PERIPHERAL/timer.o
                               0x7971 (size before relaxing)
 .debug_str     0x0000b410       0xf4 ./src/PERIPHERAL/uart.o
                               0x7d03 (size before relaxing)
 .debug_str     0x0000b504       0x57 ./src/PERIPHERAL/usbTransmission.o
                               0x8a3a (size before relaxing)
 .debug_str     0x0000b55b      0x1c7 ./src/OTHER/cr_startup_lpc13xx.o
                               0x26a7 (size before relaxing)
 .debug_str     0x0000b722       0xef ./src/OTHER/crp.o
                               0x25b0 (size before relaxing)
 .debug_str     0x0000b811      0x22f ./src/OTHER/serial.o
                               0x7dec (size before relaxing)
 .debug_str     0x0000ba40      0x1b1 ./src/MODE/modeSelect.o
                               0x7408 (size before relaxing)
 .debug_str     0x0000bbf1      0x12f ./src/MODE/mode_calibAccXY.o
                               0x3df1 (size before relaxing)
 .debug_str     0x0000bd20       0x2d ./src/MODE/mode_calibAccZ.o
                               0x3ded (size before relaxing)
 .debug_str     0x0000bd4d       0x2b ./src/MODE/mode_calibMag.o
                               0x3de9 (size before relaxing)
 .debug_str     0x0000bd78       0x2f ./src/MODE/mode_calibOmega.o
                               0x3df1 (size before relaxing)
 .debug_str     0x0000bda7       0x90 ./src/MODE/mode_clearOffset.o
                               0x3e5a (size before relaxing)
 .debug_str     0x0000be37       0x43 ./src/MODE/mode_outputSelect.o
                               0x3e48 (size before relaxing)
 .debug_str     0x0000be7a       0x4c ./src/MODE/mode_viewAllData.o
                               0x3e2a (size before relaxing)
 .debug_str     0x0000bec6       0x2f ./src/MODE/mode_viewEEPROMData.o
                               0x3e15 (size before relaxing)
 .debug_str     0x0000bef5       0xa7 ./src/MAIN/EEPROM_24LC16BT_I.o
                               0x75e5 (size before relaxing)
 .debug_str     0x0000bf9c      0x322 ./src/MAIN/MainFunction.o
                               0x7938 (size before relaxing)
 .debug_str     0x0000c2be      0x167 ./src/MAIN/UserInterface.o
                               0x7446 (size before relaxing)
 .debug_str     0x0000c425       0x3d ./src/MAIN/main.o
                               0x8f95 (size before relaxing)
 .debug_str     0x0000c462      0x422 ./src/MAIN/mpu9250.o
                               0x4999 (size before relaxing)
 .debug_str     0x0000c884       0x7a ./src/MAIN/tinyMathFunctions.o
                               0x3ee8 (size before relaxing)
 .debug_str     0x0000c8fe      0x4a5 C:\Users\ryota\OneDrive\RT working\github\RT-USB-9AXIS-00\LPCXpresso Sample Program\workspace\CMSISv1p30_LPC13xx\Debug\libCMSISv1p30_LPC13xx.a(system_LPC13xx.o)
                               0x77f8 (size before relaxing)

.comment        0x00000000       0x70
 .comment       0x00000000       0x70 ./src/USB/cdcuser.o
                                 0x71 (size before relaxing)
 .comment       0x00000000       0x71 ./src/USB/usbcore.o
 .comment       0x00000000       0x71 ./src/USB/usbdesc.o
 .comment       0x00000000       0x71 ./src/USB/usbhw.o
 .comment       0x00000000       0x71 ./src/USB/usbuser.o
 .comment       0x00000000       0x71 ./src/PERIPHERAL/SystemTickTimer.o
 .comment       0x00000000       0x71 ./src/PERIPHERAL/debug.o
 .comment       0x00000000       0x71 ./src/PERIPHERAL/i2c.o
 .comment       0x00000000       0x71 ./src/PERIPHERAL/io.o
 .comment       0x00000000       0x71 ./src/PERIPHERAL/ssp.o
 .comment       0x00000000       0x71 ./src/PERIPHERAL/timer.o
 .comment       0x00000000       0x71 ./src/PERIPHERAL/uart.o
 .comment       0x00000000       0x71 ./src/PERIPHERAL/usbTransmission.o
 .comment       0x00000000       0x71 ./src/OTHER/cr_startup_lpc13xx.o
 .comment       0x00000000       0x71 ./src/OTHER/crp.o
 .comment       0x00000000       0x71 ./src/OTHER/serial.o
 .comment       0x00000000       0x71 ./src/MODE/modeSelect.o
 .comment       0x00000000       0x71 ./src/MODE/mode_calibAccXY.o
 .comment       0x00000000       0x71 ./src/MODE/mode_calibAccZ.o
 .comment       0x00000000       0x71 ./src/MODE/mode_calibMag.o
 .comment       0x00000000       0x71 ./src/MODE/mode_calibOmega.o
 .comment       0x00000000       0x71 ./src/MODE/mode_clearOffset.o
 .comment       0x00000000       0x71 ./src/MODE/mode_outputSelect.o
 .comment       0x00000000       0x71 ./src/MODE/mode_viewAllData.o
 .comment       0x00000000       0x71 ./src/MODE/mode_viewEEPROMData.o
 .comment       0x00000000       0x71 ./src/MAIN/EEPROM_24LC16BT_I.o
 .comment       0x00000000       0x71 ./src/MAIN/MainFunction.o
 .comment       0x00000000       0x71 ./src/MAIN/UserInterface.o
 .comment       0x00000000       0x71 ./src/MAIN/main.o
 .comment       0x00000000       0x71 ./src/MAIN/mpu9250.o
 .comment       0x00000000       0x71 ./src/MAIN/tinyMathFunctions.o
 .comment       0x00000000       0x71 C:\Users\ryota\OneDrive\RT working\github\RT-USB-9AXIS-00\LPCXpresso Sample Program\workspace\CMSISv1p30_LPC13xx\Debug\libCMSISv1p30_LPC13xx.a(system_LPC13xx.o)
 .comment       0x00000000       0x71 c:/nxp/lpcxpresso_7.7.2_379/lpcxpresso/tools/bin/../lib/gcc/arm-none-eabi/4.9.3/../../../../arm-none-eabi/lib/armv7-m\libcr_semihost.a(_cr__main.o)
 .comment       0x00000000       0x71 c:/nxp/lpcxpresso_7.7.2_379/lpcxpresso/tools/bin/../lib/gcc/arm-none-eabi/4.9.3/../../../../arm-none-eabi/lib/armv7-m\libcr_c.a(memcpy.o)
 .comment       0x00000000       0x71 c:/nxp/lpcxpresso_7.7.2_379/lpcxpresso/tools/bin/../lib/gcc/arm-none-eabi/4.9.3/../../../../arm-none-eabi/lib/armv7-m\libcr_c.a(fpprintf.o)
 .comment       0x00000000       0x71 c:/nxp/lpcxpresso_7.7.2_379/lpcxpresso/tools/bin/../lib/gcc/arm-none-eabi/4.9.3/../../../../arm-none-eabi/lib/armv7-m\libcr_c.a(initio.o)
 .comment       0x00000000       0x71 c:/nxp/lpcxpresso_7.7.2_379/lpcxpresso/tools/bin/../lib/gcc/arm-none-eabi/4.9.3/../../../../arm-none-eabi/lib/armv7-m\libcr_c.a(printf.o)
 .comment       0x00000000       0x71 c:/nxp/lpcxpresso_7.7.2_379/lpcxpresso/tools/bin/../lib/gcc/arm-none-eabi/4.9.3/../../../../arm-none-eabi/lib/armv7-m\libcr_c.a(setvbuf.o)
 .comment       0x00000000       0x71 c:/nxp/lpcxpresso_7.7.2_379/lpcxpresso/tools/bin/../lib/gcc/arm-none-eabi/4.9.3/../../../../arm-none-eabi/lib/armv7-m\libcr_c.a(stdio.o)
 .comment       0x00000000       0x71 c:/nxp/lpcxpresso_7.7.2_379/lpcxpresso/tools/bin/../lib/gcc/arm-none-eabi/4.9.3/../../../../arm-none-eabi/lib/armv7-m\libcr_c.a(strlen.o)
 .comment       0x00000000       0x71 c:/nxp/lpcxpresso_7.7.2_379/lpcxpresso/tools/bin/../lib/gcc/arm-none-eabi/4.9.3/../../../../arm-none-eabi/lib/armv7-m\libcr_c.a(memset.o)
 .comment       0x00000000       0x71 c:/nxp/lpcxpresso_7.7.2_379/lpcxpresso/tools/bin/../lib/gcc/arm-none-eabi/4.9.3/../../../../arm-none-eabi/lib/armv7-m\libcr_c.a(_deferredlazyseek.o)
 .comment       0x00000000       0x71 c:/nxp/lpcxpresso_7.7.2_379/lpcxpresso/tools/bin/../lib/gcc/arm-none-eabi/4.9.3/../../../../arm-none-eabi/lib/armv7-m\libcr_c.a(_fdopen.o)
 .comment       0x00000000       0x71 c:/nxp/lpcxpresso_7.7.2_379/lpcxpresso/tools/bin/../lib/gcc/arm-none-eabi/4.9.3/../../../../arm-none-eabi/lib/armv7-m\libcr_c.a(_fflush.o)
 .comment       0x00000000       0x71 c:/nxp/lpcxpresso_7.7.2_379/lpcxpresso/tools/bin/../lib/gcc/arm-none-eabi/4.9.3/../../../../arm-none-eabi/lib/armv7-m\libcr_c.a(_frexpl.o)
 .comment       0x00000000       0x71 c:/nxp/lpcxpresso_7.7.2_379/lpcxpresso/tools/bin/../lib/gcc/arm-none-eabi/4.9.3/../../../../arm-none-eabi/lib/armv7-m\libcr_c.a(_ldexpl.o)
 .comment       0x00000000       0x71 c:/nxp/lpcxpresso_7.7.2_379/lpcxpresso/tools/bin/../lib/gcc/arm-none-eabi/4.9.3/../../../../arm-none-eabi/lib/armv7-m\libcr_c.a(_writebuf.o)
 .comment       0x00000000       0x71 c:/nxp/lpcxpresso_7.7.2_379/lpcxpresso/tools/bin/../lib/gcc/arm-none-eabi/4.9.3/../../../../arm-none-eabi/lib/armv7-m\libcr_c.a(alloc.o)
 .comment       0x00000000       0x71 c:/nxp/lpcxpresso_7.7.2_379/lpcxpresso/tools/bin/../lib/gcc/arm-none-eabi/4.9.3/../../../../arm-none-eabi/lib/armv7-m\libcr_c.a(errno.o)
 .comment       0x00000000       0x71 c:/nxp/lpcxpresso_7.7.2_379/lpcxpresso/tools/bin/../lib/gcc/arm-none-eabi/4.9.3/../../../../arm-none-eabi/lib/armv7-m\libcr_c.a(fclose.o)
 .comment       0x00000000       0x71 c:/nxp/lpcxpresso_7.7.2_379/lpcxpresso/tools/bin/../lib/gcc/arm-none-eabi/4.9.3/../../../../arm-none-eabi/lib/armv7-m\libcr_c.a(fflush.o)
 .comment       0x00000000       0x71 c:/nxp/lpcxpresso_7.7.2_379/lpcxpresso/tools/bin/../lib/gcc/arm-none-eabi/4.9.3/../../../../arm-none-eabi/lib/armv7-m\libcr_c.a(fseek.o)
 .comment       0x00000000       0x71 c:/nxp/lpcxpresso_7.7.2_379/lpcxpresso/tools/bin/../lib/gcc/arm-none-eabi/4.9.3/../../../../arm-none-eabi/lib/armv7-m\libcr_c.a(ftell.o)
 .comment       0x00000000       0x71 c:/nxp/lpcxpresso_7.7.2_379/lpcxpresso/tools/bin/../lib/gcc/arm-none-eabi/4.9.3/../../../../arm-none-eabi/lib/armv7-m\libcr_c.a(remove.o)
 .comment       0x00000000       0x71 c:/nxp/lpcxpresso_7.7.2_379/lpcxpresso/tools/bin/../lib/gcc/arm-none-eabi/4.9.3/../../../../arm-none-eabi/lib/armv7-m\libcr_c.a(__init_alloc.o)
 .comment       0x00000000       0x71 c:/nxp/lpcxpresso_7.7.2_379/lpcxpresso/tools/bin/../lib/gcc/arm-none-eabi/4.9.3/../../../../arm-none-eabi/lib/armv7-m\libcr_c.a(_cr_sbrk.o)
 .comment       0x00000000       0x71 c:/nxp/lpcxpresso_7.7.2_379/lpcxpresso/tools/bin/../lib/gcc/arm-none-eabi/4.9.3/../../../../arm-none-eabi/lib/armv7-m\libcr_c.a(_do_fflush.o)
 .comment       0x00000000       0x71 c:/nxp/lpcxpresso_7.7.2_379/lpcxpresso/tools/bin/../lib/gcc/arm-none-eabi/4.9.3/../../../../arm-none-eabi/lib/armv7-m\libcr_c.a(_hugeval.o)
 .comment       0x00000000       0x71 c:/nxp/lpcxpresso_7.7.2_379/lpcxpresso/tools/bin/../lib/gcc/arm-none-eabi/4.9.3/../../../../arm-none-eabi/lib/armv7-m\libcr_c.a(_cr_check_heap.o)
 .comment       0x00000000       0x71 c:/nxp/lpcxpresso_7.7.2_379/lpcxpresso/tools/bin/../lib/gcc/arm-none-eabi/4.9.3/armv7-m\libcr_eabihelpers.a(double.o)
 .comment       0x00000000       0x71 c:/nxp/lpcxpresso_7.7.2_379/lpcxpresso/tools/bin/../lib/gcc/arm-none-eabi/4.9.3/armv7-m\libcr_eabihelpers.a(float.o)

.ARM.attributes
                0x00000000       0x31
 .ARM.attributes
                0x00000000       0x33 ./src/USB/cdcuser.o
 .ARM.attributes
                0x00000033       0x33 ./src/USB/usbcore.o
 .ARM.attributes
                0x00000066       0x33 ./src/USB/usbdesc.o
 .ARM.attributes
                0x00000099       0x33 ./src/USB/usbhw.o
 .ARM.attributes
                0x000000cc       0x33 ./src/USB/usbuser.o
 .ARM.attributes
                0x000000ff       0x33 ./src/PERIPHERAL/SystemTickTimer.o
 .ARM.attributes
                0x00000132       0x33 ./src/PERIPHERAL/debug.o
 .ARM.attributes
                0x00000165       0x33 ./src/PERIPHERAL/i2c.o
 .ARM.attributes
                0x00000198       0x33 ./src/PERIPHERAL/io.o
 .ARM.attributes
                0x000001cb       0x33 ./src/PERIPHERAL/ssp.o
 .ARM.attributes
                0x000001fe       0x33 ./src/PERIPHERAL/timer.o
 .ARM.attributes
                0x00000231       0x33 ./src/PERIPHERAL/uart.o
 .ARM.attributes
                0x00000264       0x33 ./src/PERIPHERAL/usbTransmission.o
 .ARM.attributes
                0x00000297       0x33 ./src/OTHER/cr_startup_lpc13xx.o
 .ARM.attributes
                0x000002ca       0x33 ./src/OTHER/crp.o
 .ARM.attributes
                0x000002fd       0x33 ./src/OTHER/serial.o
 .ARM.attributes
                0x00000330       0x33 ./src/MODE/modeSelect.o
 .ARM.attributes
                0x00000363       0x33 ./src/MODE/mode_calibAccXY.o
 .ARM.attributes
                0x00000396       0x33 ./src/MODE/mode_calibAccZ.o
 .ARM.attributes
                0x000003c9       0x33 ./src/MODE/mode_calibMag.o
 .ARM.attributes
                0x000003fc       0x33 ./src/MODE/mode_calibOmega.o
 .ARM.attributes
                0x0000042f       0x33 ./src/MODE/mode_clearOffset.o
 .ARM.attributes
                0x00000462       0x33 ./src/MODE/mode_outputSelect.o
 .ARM.attributes
                0x00000495       0x33 ./src/MODE/mode_viewAllData.o
 .ARM.attributes
                0x000004c8       0x33 ./src/MODE/mode_viewEEPROMData.o
 .ARM.attributes
                0x000004fb       0x33 ./src/MAIN/EEPROM_24LC16BT_I.o
 .ARM.attributes
                0x0000052e       0x33 ./src/MAIN/MainFunction.o
 .ARM.attributes
                0x00000561       0x33 ./src/MAIN/UserInterface.o
 .ARM.attributes
                0x00000594       0x33 ./src/MAIN/main.o
 .ARM.attributes
                0x000005c7       0x33 ./src/MAIN/mpu9250.o
 .ARM.attributes
                0x000005fa       0x33 ./src/MAIN/tinyMathFunctions.o
 .ARM.attributes
                0x0000062d       0x33 C:\Users\ryota\OneDrive\RT working\github\RT-USB-9AXIS-00\LPCXpresso Sample Program\workspace\CMSISv1p30_LPC13xx\Debug\libCMSISv1p30_LPC13xx.a(system_LPC13xx.o)
 .ARM.attributes
                0x00000660       0x33 c:/nxp/lpcxpresso_7.7.2_379/lpcxpresso/tools/bin/../lib/gcc/arm-none-eabi/4.9.3/../../../../arm-none-eabi/lib/armv7-m\libcr_semihost.a(_cr__main.o)
 .ARM.attributes
                0x00000693       0x33 c:/nxp/lpcxpresso_7.7.2_379/lpcxpresso/tools/bin/../lib/gcc/arm-none-eabi/4.9.3/../../../../arm-none-eabi/lib/armv7-m\libcr_c.a(memcpy.o)
 .ARM.attributes
                0x000006c6       0x33 c:/nxp/lpcxpresso_7.7.2_379/lpcxpresso/tools/bin/../lib/gcc/arm-none-eabi/4.9.3/../../../../arm-none-eabi/lib/armv7-m\libcr_c.a(fpprintf.o)
 .ARM.attributes
                0x000006f9       0x33 c:/nxp/lpcxpresso_7.7.2_379/lpcxpresso/tools/bin/../lib/gcc/arm-none-eabi/4.9.3/../../../../arm-none-eabi/lib/armv7-m\libcr_c.a(initio.o)
 .ARM.attributes
                0x0000072c       0x33 c:/nxp/lpcxpresso_7.7.2_379/lpcxpresso/tools/bin/../lib/gcc/arm-none-eabi/4.9.3/../../../../arm-none-eabi/lib/armv7-m\libcr_c.a(printf.o)
 .ARM.attributes
                0x0000075f       0x33 c:/nxp/lpcxpresso_7.7.2_379/lpcxpresso/tools/bin/../lib/gcc/arm-none-eabi/4.9.3/../../../../arm-none-eabi/lib/armv7-m\libcr_c.a(setvbuf.o)
 .ARM.attributes
                0x00000792       0x33 c:/nxp/lpcxpresso_7.7.2_379/lpcxpresso/tools/bin/../lib/gcc/arm-none-eabi/4.9.3/../../../../arm-none-eabi/lib/armv7-m\libcr_c.a(stdio.o)
 .ARM.attributes
                0x000007c5       0x33 c:/nxp/lpcxpresso_7.7.2_379/lpcxpresso/tools/bin/../lib/gcc/arm-none-eabi/4.9.3/../../../../arm-none-eabi/lib/armv7-m\libcr_c.a(strlen.o)
 .ARM.attributes
                0x000007f8       0x33 c:/nxp/lpcxpresso_7.7.2_379/lpcxpresso/tools/bin/../lib/gcc/arm-none-eabi/4.9.3/../../../../arm-none-eabi/lib/armv7-m\libcr_c.a(memset.o)
 .ARM.attributes
                0x0000082b       0x33 c:/nxp/lpcxpresso_7.7.2_379/lpcxpresso/tools/bin/../lib/gcc/arm-none-eabi/4.9.3/../../../../arm-none-eabi/lib/armv7-m\libcr_c.a(_deferredlazyseek.o)
 .ARM.attributes
                0x0000085e       0x33 c:/nxp/lpcxpresso_7.7.2_379/lpcxpresso/tools/bin/../lib/gcc/arm-none-eabi/4.9.3/../../../../arm-none-eabi/lib/armv7-m\libcr_c.a(_fdopen.o)
 .ARM.attributes
                0x00000891       0x33 c:/nxp/lpcxpresso_7.7.2_379/lpcxpresso/tools/bin/../lib/gcc/arm-none-eabi/4.9.3/../../../../arm-none-eabi/lib/armv7-m\libcr_c.a(_fflush.o)
 .ARM.attributes
                0x000008c4       0x33 c:/nxp/lpcxpresso_7.7.2_379/lpcxpresso/tools/bin/../lib/gcc/arm-none-eabi/4.9.3/../../../../arm-none-eabi/lib/armv7-m\libcr_c.a(_frexpl.o)
 .ARM.attributes
                0x000008f7       0x33 c:/nxp/lpcxpresso_7.7.2_379/lpcxpresso/tools/bin/../lib/gcc/arm-none-eabi/4.9.3/../../../../arm-none-eabi/lib/armv7-m\libcr_c.a(_ldexpl.o)
 .ARM.attributes
                0x0000092a       0x33 c:/nxp/lpcxpresso_7.7.2_379/lpcxpresso/tools/bin/../lib/gcc/arm-none-eabi/4.9.3/../../../../arm-none-eabi/lib/armv7-m\libcr_c.a(_writebuf.o)
 .ARM.attributes
                0x0000095d       0x33 c:/nxp/lpcxpresso_7.7.2_379/lpcxpresso/tools/bin/../lib/gcc/arm-none-eabi/4.9.3/../../../../arm-none-eabi/lib/armv7-m\libcr_c.a(alloc.o)
 .ARM.attributes
                0x00000990       0x33 c:/nxp/lpcxpresso_7.7.2_379/lpcxpresso/tools/bin/../lib/gcc/arm-none-eabi/4.9.3/../../../../arm-none-eabi/lib/armv7-m\libcr_c.a(errno.o)
 .ARM.attributes
                0x000009c3       0x33 c:/nxp/lpcxpresso_7.7.2_379/lpcxpresso/tools/bin/../lib/gcc/arm-none-eabi/4.9.3/../../../../arm-none-eabi/lib/armv7-m\libcr_c.a(fclose.o)
 .ARM.attributes
                0x000009f6       0x33 c:/nxp/lpcxpresso_7.7.2_379/lpcxpresso/tools/bin/../lib/gcc/arm-none-eabi/4.9.3/../../../../arm-none-eabi/lib/armv7-m\libcr_c.a(fflush.o)
 .ARM.attributes
                0x00000a29       0x33 c:/nxp/lpcxpresso_7.7.2_379/lpcxpresso/tools/bin/../lib/gcc/arm-none-eabi/4.9.3/../../../../arm-none-eabi/lib/armv7-m\libcr_c.a(fseek.o)
 .ARM.attributes
                0x00000a5c       0x33 c:/nxp/lpcxpresso_7.7.2_379/lpcxpresso/tools/bin/../lib/gcc/arm-none-eabi/4.9.3/../../../../arm-none-eabi/lib/armv7-m\libcr_c.a(ftell.o)
 .ARM.attributes
                0x00000a8f       0x33 c:/nxp/lpcxpresso_7.7.2_379/lpcxpresso/tools/bin/../lib/gcc/arm-none-eabi/4.9.3/../../../../arm-none-eabi/lib/armv7-m\libcr_c.a(remove.o)
 .ARM.attributes
                0x00000ac2       0x33 c:/nxp/lpcxpresso_7.7.2_379/lpcxpresso/tools/bin/../lib/gcc/arm-none-eabi/4.9.3/../../../../arm-none-eabi/lib/armv7-m\libcr_c.a(__init_alloc.o)
 .ARM.attributes
                0x00000af5       0x33 c:/nxp/lpcxpresso_7.7.2_379/lpcxpresso/tools/bin/../lib/gcc/arm-none-eabi/4.9.3/../../../../arm-none-eabi/lib/armv7-m\libcr_c.a(_cr_sbrk.o)
 .ARM.attributes
                0x00000b28       0x33 c:/nxp/lpcxpresso_7.7.2_379/lpcxpresso/tools/bin/../lib/gcc/arm-none-eabi/4.9.3/../../../../arm-none-eabi/lib/armv7-m\libcr_c.a(_do_fflush.o)
 .ARM.attributes
                0x00000b5b       0x33 c:/nxp/lpcxpresso_7.7.2_379/lpcxpresso/tools/bin/../lib/gcc/arm-none-eabi/4.9.3/../../../../arm-none-eabi/lib/armv7-m\libcr_c.a(_hugeval.o)
 .ARM.attributes
                0x00000b8e       0x33 c:/nxp/lpcxpresso_7.7.2_379/lpcxpresso/tools/bin/../lib/gcc/arm-none-eabi/4.9.3/../../../../arm-none-eabi/lib/armv7-m\libcr_c.a(_cr_check_heap.o)
 .ARM.attributes
                0x00000bc1       0x33 c:/nxp/lpcxpresso_7.7.2_379/lpcxpresso/tools/bin/../lib/gcc/arm-none-eabi/4.9.3/armv7-m\libcr_eabihelpers.a(double.o)
 .ARM.attributes
                0x00000bf4       0x33 c:/nxp/lpcxpresso_7.7.2_379/lpcxpresso/tools/bin/../lib/gcc/arm-none-eabi/4.9.3/armv7-m\libcr_eabihelpers.a(float.o)
 .ARM.attributes
                0x00000c27       0x21 c:/nxp/lpcxpresso_7.7.2_379/lpcxpresso/tools/bin/../lib/gcc/arm-none-eabi/4.9.3/armv7-m\libcr_eabihelpers.a(memcpy.o)
 .ARM.attributes
                0x00000c48       0x21 c:/nxp/lpcxpresso_7.7.2_379/lpcxpresso/tools/bin/../lib/gcc/arm-none-eabi/4.9.3/../../../../arm-none-eabi/lib/armv7-m\libcr_semihost.a(__sys_appexit.o)
 .ARM.attributes
                0x00000c69       0x21 c:/nxp/lpcxpresso_7.7.2_379/lpcxpresso/tools/bin/../lib/gcc/arm-none-eabi/4.9.3/../../../../arm-none-eabi/lib/armv7-m\libcr_semihost.a(__sys_close.o)
 .ARM.attributes
                0x00000c8a       0x21 c:/nxp/lpcxpresso_7.7.2_379/lpcxpresso/tools/bin/../lib/gcc/arm-none-eabi/4.9.3/../../../../arm-none-eabi/lib/armv7-m\libcr_semihost.a(__sys_flen.o)
 .ARM.attributes
                0x00000cab       0x21 c:/nxp/lpcxpresso_7.7.2_379/lpcxpresso/tools/bin/../lib/gcc/arm-none-eabi/4.9.3/../../../../arm-none-eabi/lib/armv7-m\libcr_semihost.a(__sys_istty.o)
 .ARM.attributes
                0x00000ccc       0x21 c:/nxp/lpcxpresso_7.7.2_379/lpcxpresso/tools/bin/../lib/gcc/arm-none-eabi/4.9.3/../../../../arm-none-eabi/lib/armv7-m\libcr_semihost.a(__sys_remove.o)
 .ARM.attributes
                0x00000ced       0x21 c:/nxp/lpcxpresso_7.7.2_379/lpcxpresso/tools/bin/../lib/gcc/arm-none-eabi/4.9.3/../../../../arm-none-eabi/lib/armv7-m\libcr_semihost.a(__sys_seek.o)
 .ARM.attributes
                0x00000d0e       0x21 c:/nxp/lpcxpresso_7.7.2_379/lpcxpresso/tools/bin/../lib/gcc/arm-none-eabi/4.9.3/../../../../arm-none-eabi/lib/armv7-m\libcr_semihost.a(__sys_tmpnam.o)
 .ARM.attributes
                0x00000d2f       0x21 c:/nxp/lpcxpresso_7.7.2_379/lpcxpresso/tools/bin/../lib/gcc/arm-none-eabi/4.9.3/../../../../arm-none-eabi/lib/armv7-m\libcr_semihost.a(__sys_write.o)

.debug_frame    0x00000000     0x145c
 .debug_frame   0x00000000      0x170 ./src/USB/cdcuser.o
 .debug_frame   0x00000170      0x180 ./src/USB/usbcore.o
 .debug_frame   0x000002f0      0x28c ./src/USB/usbhw.o
 .debug_frame   0x0000057c       0x9c ./src/USB/usbuser.o
 .debug_frame   0x00000618       0x88 ./src/PERIPHERAL/SystemTickTimer.o
 .debug_frame   0x000006a0       0x80 ./src/PERIPHERAL/debug.o
 .debug_frame   0x00000720       0x68 ./src/PERIPHERAL/i2c.o
 .debug_frame   0x00000788       0x20 ./src/PERIPHERAL/io.o
 .debug_frame   0x000007a8       0x68 ./src/PERIPHERAL/ssp.o
 .debug_frame   0x00000810       0x70 ./src/PERIPHERAL/timer.o
 .debug_frame   0x00000880       0x4c ./src/PERIPHERAL/uart.o
 .debug_frame   0x000008cc       0x7c ./src/PERIPHERAL/usbTransmission.o
 .debug_frame   0x00000948       0xf4 ./src/OTHER/cr_startup_lpc13xx.o
 .debug_frame   0x00000a3c       0xb0 ./src/OTHER/serial.o
 .debug_frame   0x00000aec       0x44 ./src/MODE/modeSelect.o
 .debug_frame   0x00000b30       0x28 ./src/MODE/mode_calibAccXY.o
 .debug_frame   0x00000b58       0x28 ./src/MODE/mode_calibAccZ.o
 .debug_frame   0x00000b80       0x28 ./src/MODE/mode_calibMag.o
 .debug_frame   0x00000ba8       0x28 ./src/MODE/mode_calibOmega.o
 .debug_frame   0x00000bd0       0x30 ./src/MODE/mode_clearOffset.o
 .debug_frame   0x00000c00       0x44 ./src/MODE/mode_outputSelect.o
 .debug_frame   0x00000c44       0x28 ./src/MODE/mode_viewAllData.o
 .debug_frame   0x00000c6c       0x28 ./src/MODE/mode_viewEEPROMData.o
 .debug_frame   0x00000c94       0xb0 ./src/MAIN/EEPROM_24LC16BT_I.o
 .debug_frame   0x00000d44       0xc8 ./src/MAIN/MainFunction.o
 .debug_frame   0x00000e0c      0x108 ./src/MAIN/UserInterface.o
 .debug_frame   0x00000f14       0x40 ./src/MAIN/main.o
 .debug_frame   0x00000f54      0x424 ./src/MAIN/mpu9250.o
 .debug_frame   0x00001378       0x68 ./src/MAIN/tinyMathFunctions.o
 .debug_frame   0x000013e0       0x7c C:\Users\ryota\OneDrive\RT working\github\RT-USB-9AXIS-00\LPCXpresso Sample Program\workspace\CMSISv1p30_LPC13xx\Debug\libCMSISv1p30_LPC13xx.a(system_LPC13xx.o)